Archive member included to satisfy reference by file (symbol)

d:/program files/gcc/arm gnu toolchain arm-none-eabi/12.2 rel1/bin/../lib/gcc/arm-none-eabi/12.2.1/thumb/v7+fp/hard\libgcc.a(_aeabi_ldivmod.o)
                              ./rzn/fsp/src/r_sci_uart/r_sci_uart.o (__aeabi_ldivmod)
d:/program files/gcc/arm gnu toolchain arm-none-eabi/12.2 rel1/bin/../lib/gcc/arm-none-eabi/12.2.1/thumb/v7+fp/hard\libgcc.a(_aeabi_uldivmod.o)
                              ./rzn/fsp/src/bsp/mcu/all/bsp_delay.o (__aeabi_uldivmod)
d:/program files/gcc/arm gnu toolchain arm-none-eabi/12.2 rel1/bin/../lib/gcc/arm-none-eabi/12.2.1/thumb/v7+fp/hard\libgcc.a(_udivmoddi4.o)
                              d:/program files/gcc/arm gnu toolchain arm-none-eabi/12.2 rel1/bin/../lib/gcc/arm-none-eabi/12.2.1/thumb/v7+fp/hard\libgcc.a(_aeabi_ldivmod.o) (__udivmoddi4)
d:/program files/gcc/arm gnu toolchain arm-none-eabi/12.2 rel1/bin/../lib/gcc/arm-none-eabi/12.2.1/thumb/v7+fp/hard\libgcc.a(_dvmd_tls.o)
                              d:/program files/gcc/arm gnu toolchain arm-none-eabi/12.2 rel1/bin/../lib/gcc/arm-none-eabi/12.2.1/thumb/v7+fp/hard\libgcc.a(_aeabi_ldivmod.o) (__aeabi_ldiv0)
d:/program files/gcc/arm gnu toolchain arm-none-eabi/12.2 rel1/bin/../lib/gcc/arm-none-eabi/12.2.1/thumb/v7+fp/hard\libg_nano.a(libc_a-malloc.o)
                              ./src/ethercat/beckhoff/Src/cia402appl.o (malloc)
d:/program files/gcc/arm gnu toolchain arm-none-eabi/12.2 rel1/bin/../lib/gcc/arm-none-eabi/12.2.1/thumb/v7+fp/hard\libg_nano.a(libc_a-mallocr.o)
                              d:/program files/gcc/arm gnu toolchain arm-none-eabi/12.2 rel1/bin/../lib/gcc/arm-none-eabi/12.2.1/thumb/v7+fp/hard\libg_nano.a(libc_a-malloc.o) (_malloc_r)
d:/program files/gcc/arm gnu toolchain arm-none-eabi/12.2 rel1/bin/../lib/gcc/arm-none-eabi/12.2.1/thumb/v7+fp/hard\libg_nano.a(libc_a-mlock.o)
                              d:/program files/gcc/arm gnu toolchain arm-none-eabi/12.2 rel1/bin/../lib/gcc/arm-none-eabi/12.2.1/thumb/v7+fp/hard\libg_nano.a(libc_a-mallocr.o) (__malloc_lock)
d:/program files/gcc/arm gnu toolchain arm-none-eabi/12.2 rel1/bin/../lib/gcc/arm-none-eabi/12.2.1/thumb/v7+fp/hard\libg_nano.a(libc_a-nano-vfprintf_float.o)
                              (_printf_float)
d:/program files/gcc/arm gnu toolchain arm-none-eabi/12.2 rel1/bin/../lib/gcc/arm-none-eabi/12.2.1/thumb/v7+fp/hard\libg_nano.a(libc_a-nano-vfprintf_i.o)
                              d:/program files/gcc/arm gnu toolchain arm-none-eabi/12.2 rel1/bin/../lib/gcc/arm-none-eabi/12.2.1/thumb/v7+fp/hard\libg_nano.a(libc_a-nano-vfprintf_float.o) (_printf_common)
d:/program files/gcc/arm gnu toolchain arm-none-eabi/12.2 rel1/bin/../lib/gcc/arm-none-eabi/12.2.1/thumb/v7+fp/hard\libg_nano.a(libc_a-printf.o)
                              ./src/ethercat/beckhoff/Src/bootmode.o (printf)
d:/program files/gcc/arm gnu toolchain arm-none-eabi/12.2 rel1/bin/../lib/gcc/arm-none-eabi/12.2.1/thumb/v7+fp/hard\libg_nano.a(libc_a-puts.o)
                              ./src/ethercat/beckhoff/Src/bootmode.o (puts)
d:/program files/gcc/arm gnu toolchain arm-none-eabi/12.2 rel1/bin/../lib/gcc/arm-none-eabi/12.2.1/thumb/v7+fp/hard\libg_nano.a(libc_a-wbuf.o)
                              d:/program files/gcc/arm gnu toolchain arm-none-eabi/12.2 rel1/bin/../lib/gcc/arm-none-eabi/12.2.1/thumb/v7+fp/hard\libg_nano.a(libc_a-puts.o) (__swbuf_r)
d:/program files/gcc/arm gnu toolchain arm-none-eabi/12.2 rel1/bin/../lib/gcc/arm-none-eabi/12.2.1/thumb/v7+fp/hard\libg_nano.a(libc_a-wsetup.o)
                              d:/program files/gcc/arm gnu toolchain arm-none-eabi/12.2 rel1/bin/../lib/gcc/arm-none-eabi/12.2.1/thumb/v7+fp/hard\libg_nano.a(libc_a-puts.o) (__swsetup_r)
d:/program files/gcc/arm gnu toolchain arm-none-eabi/12.2 rel1/bin/../lib/gcc/arm-none-eabi/12.2.1/thumb/v7+fp/hard\libg_nano.a(libc_a-memcmp.o)
                              ./src/ethercat/beckhoff/Src/bootmode.o (memcmp)
d:/program files/gcc/arm gnu toolchain arm-none-eabi/12.2 rel1/bin/../lib/gcc/arm-none-eabi/12.2.1/thumb/v7+fp/hard\libg_nano.a(libc_a-memset.o)
                              ./src/ethercat/beckhoff/Src/bootmode.o (memset)
d:/program files/gcc/arm gnu toolchain arm-none-eabi/12.2 rel1/bin/../lib/gcc/arm-none-eabi/12.2.1/thumb/v7+fp/hard\libg_nano.a(libc_a-localeconv.o)
                              d:/program files/gcc/arm gnu toolchain arm-none-eabi/12.2 rel1/bin/../lib/gcc/arm-none-eabi/12.2.1/thumb/v7+fp/hard\libg_nano.a(libc_a-nano-vfprintf_float.o) (_localeconv_r)
d:/program files/gcc/arm gnu toolchain arm-none-eabi/12.2 rel1/bin/../lib/gcc/arm-none-eabi/12.2.1/thumb/v7+fp/hard\libg_nano.a(libc_a-impure.o)
                              d:/program files/gcc/arm gnu toolchain arm-none-eabi/12.2 rel1/bin/../lib/gcc/arm-none-eabi/12.2.1/thumb/v7+fp/hard\libg_nano.a(libc_a-malloc.o) (_impure_ptr)
[...]
Memory Configuration

Name             Origin             Length             Attributes
ATCM             0x00000000         0x00020000
BTCM             0x00100000         0x00020000
SYSTEM_RAM       0x10000000         0x00180000
SYSTEM_RAM_MIRROR 0x30000000         0x00180000
xSPI0_CS0_SPACE_MIRROR 0x40000000         0x04000000
xSPI0_CS1_SPACE_MIRROR 0x44000000         0x04000000
xSPI1_CS0_SPACE_MIRROR 0x48000000         0x04000000
xSPI1_CS1_SPACE_MIRROR 0x00000000         0x00000000
CS0_SPACE_MIRROR 0x50000000         0x04000000
CS2_SPACE_MIRROR 0x54000000         0x04000000
CS3_SPACE_MIRROR 0x58000000         0x04000000
CS5_SPACE_MIRROR 0x5c000000         0x04000000
xSPI0_CS0_SPACE  0x60000000         0x04000000
xSPI0_CS1_SPACE  0x64000000         0x04000000
xSPI1_CS0_SPACE  0x68000000         0x04000000
xSPI1_CS1_SPACE  0x00000000         0x00000000
CS0_SPACE        0x70000000         0x04000000
CS2_SPACE        0x74000000         0x04000000
CS3_SPACE        0x78000000         0x04000000
CS5_SPACE        0x7c000000         0x04000000
RAM              0x00000000         0x00020000
LOADER_STACK     0x00100000         0x00020000
DUMMY            0x00000000         0x00020000
DATA_NONCACHE    0x30138000         0x00004000
DMAC_LINK_MODE   0x3013c000         0x00004000
SHARED_NONCACHE_BUFFER 0x30140000         0x00020000
NONCACHE_BUFFER  0x30160000         0x00020000
*default*        0x00000000         0xffffffff

Linker script and memory map

START GROUP
LOAD ./src/ethercat/renesas/sampleappl.o
LOAD ./src/ethercat/renesas/samplecia402.o
LOAD ./src/ethercat/renesas/samplefoe.o
LOAD ./src/ethercat/renesas/sampleios.o
LOAD ./src/ethercat/renesas/samplesemi.o
LOAD ./src/ethercat/beckhoff/Src/bootmode.o
LOAD ./src/ethercat/beckhoff/Src/cia402appl.o
LOAD ./src/ethercat/beckhoff/Src/coeappl.o
LOAD ./src/ethercat/beckhoff/Src/ecatappl.o
LOAD ./src/ethercat/beckhoff/Src/ecatcoe.o
LOAD ./src/ethercat/beckhoff/Src/ecatfoe.o
LOAD ./src/ethercat/beckhoff/Src/ecatslv.o
LOAD ./src/ethercat/beckhoff/Src/foeappl.o
LOAD ./src/ethercat/beckhoff/Src/mailbox.o
LOAD ./src/ethercat/beckhoff/Src/objdef.o
LOAD ./src/ethercat/beckhoff/Src/sdoserv.o
LOAD ./src/common/app_config.o
LOAD ./src/common/bank_config.o
LOAD ./src/common/bank_detection.o
LOAD ./src/common/boot_config_cmd.o
LOAD ./src/common/bsp_r52_global_counter.o
LOAD ./src/common/circular_queue.o
LOAD ./src/common/crc32_table.o
LOAD ./src/common/loader_table_manager.o
LOAD ./src/common/sbl_boot_params.o
LOAD ./src/common/sbl_params.o
LOAD ./src/hal_entry.o
LOAD ./src/syscall.o
LOAD ./rzn_gen/common_data.o
LOAD ./rzn_gen/hal_data.o
LOAD ./rzn_gen/main.o
LOAD ./rzn_gen/pin_data.o
LOAD ./rzn_gen/vector_data.o
LOAD ./rzn/fsp/src/rm_ethercat_ssc_port/rm_ethercat_ssc_port.o
LOAD ./rzn/fsp/src/r_xspi_qspi/r_xspi_qspi.o
LOAD ./rzn/fsp/src/r_sci_uart/r_sci_uart.o
LOAD ./rzn/fsp/src/r_ioport/r_ioport.o
LOAD ./rzn/fsp/src/r_ether_selector/r_ether_selector.o
LOAD ./rzn/fsp/src/r_ether_phy/r_ether_phy.o
LOAD ./rzn/fsp/src/r_cmt/r_cmt.o
LOAD ./rzn/fsp/src/bsp/mcu/rzn2l/bsp_irq_sense.o
LOAD ./rzn/fsp/src/bsp/mcu/rzn2l/bsp_loader_param.o
LOAD ./rzn/fsp/src/bsp/mcu/all/cr/bsp_cache_core.o
LOAD ./rzn/fsp/src/bsp/mcu/all/cr/bsp_delay_core.o
LOAD ./rzn/fsp/src/bsp/mcu/all/cr/bsp_irq_core.o
LOAD ./rzn/fsp/src/bsp/mcu/all/bsp_cache.o
LOAD ./rzn/fsp/src/bsp/mcu/all/bsp_clocks.o
LOAD ./rzn/fsp/src/bsp/mcu/all/bsp_common.o
LOAD ./rzn/fsp/src/bsp/mcu/all/bsp_delay.o
LOAD ./rzn/fsp/src/bsp/mcu/all/bsp_io.o
LOAD ./rzn/fsp/src/bsp/mcu/all/bsp_irq.o
LOAD ./rzn/fsp/src/bsp/mcu/all/bsp_register_protection.o
LOAD ./rzn/fsp/src/bsp/mcu/all/bsp_reset.o
LOAD ./rzn/fsp/src/bsp/mcu/all/bsp_sbrk.o
LOAD ./rzn/fsp/src/bsp/cmsis/Device/RENESAS/Source/cr/startup_core.o
LOAD ./rzn/fsp/src/bsp/cmsis/Device/RENESAS/Source/cr/system_core.o
LOAD ./rzn/fsp/src/bsp/cmsis/Device/RENESAS/Source/startup.o
LOAD ./rzn/fsp/src/bsp/cmsis/Device/RENESAS/Source/system.o
LOAD ./rzn/board/rzn2l_rsk/board_init.o
LOAD ./rzn/board/rzn2l_rsk/board_leds.o
END GROUP
START GROUP
END GROUP
START GROUP
LOAD d:/program files/gcc/arm gnu toolchain arm-none-eabi/12.2 rel1/bin/../lib/gcc/arm-none-eabi/12.2.1/thumb/v7+fp/hard\libgcc.a
LOAD d:/program files/gcc/arm gnu toolchain arm-none-eabi/12.2 rel1/bin/../lib/gcc/arm-none-eabi/12.2.1/thumb/v7+fp/hard\libg_nano.a
LOAD d:/program files/gcc/arm gnu toolchain arm-none-eabi/12.2 rel1/bin/../lib/gcc/arm-none-eabi/12.2.1/thumb/v7+fp/hard\libc_nano.a
END GROUP
START GROUP
LOAD d:/program files/gcc/arm gnu toolchain arm-none-eabi/12.2 rel1/bin/../lib/gcc/arm-none-eabi/12.2.1/thumb/v7+fp/hard\libgcc.a
LOAD d:/program files/gcc/arm gnu toolchain arm-none-eabi/12.2 rel1/bin/../lib/gcc/arm-none-eabi/12.2.1/thumb/v7+fp/hard\libc_nano.a
LOAD d:/program files/gcc/arm gnu toolchain arm-none-eabi/12.2 rel1/bin/../lib/gcc/arm-none-eabi/12.2.1/thumb/v7+fp/hard\libnosys.a
END GROUP
START GROUP
LOAD d:/program files/gcc/arm gnu toolchain arm-none-eabi/12.2 rel1/bin/../lib/gcc/arm-none-eabi/12.2.1/thumb/v7+fp/hard\libgcc.a
LOAD d:/program files/gcc/arm gnu toolchain arm-none-eabi/12.2 rel1/bin/../lib/gcc/arm-none-eabi/12.2.1/thumb/v7+fp/hard\libc_nano.a
LOAD d:/program files/gcc/arm gnu toolchain arm-none-eabi/12.2 rel1/bin/../lib/gcc/arm-none-eabi/12.2.1/thumb/v7+fp/hard\libnosys.a
END GROUP
                0x00000000                ATCM_START = 0x0
                0x00020000                ATCM_LENGTH = 0x20000
                0x00100000                BTCM_START = 0x100000
                0x00020000                BTCM_LENGTH = 0x20000
                0x10000000                SYSTEM_RAM_START = 0x10000000
                0x00180000                SYSTEM_RAM_LENGTH = 0x180000
                0x30000000                SYSTEM_RAM_MIRROR_START = 0x30000000
                0x00180000                SYSTEM_RAM_MIRROR_LENGTH = 0x180000
                0x40000000                xSPI0_CS0_SPACE_MIRROR_START = 0x40000000
                0x04000000                xSPI0_CS0_SPACE_MIRROR_LENGTH = 0x4000000
                0x44000000                xSPI0_CS1_SPACE_MIRROR_START = 0x44000000
                0x04000000                xSPI0_CS1_SPACE_MIRROR_LENGTH = 0x4000000
                0x48000000                xSPI1_CS0_SPACE_MIRROR_START = 0x48000000
                0x04000000                xSPI1_CS0_SPACE_MIRROR_LENGTH = 0x4000000
                0x50000000                CS0_SPACE_MIRROR_START = 0x50000000
                0x04000000                CS0_SPACE_MIRROR_LENGTH = 0x4000000
                0x54000000                CS2_SPACE_MIRROR_START = 0x54000000
                0x04000000                CS2_SPACE_MIRROR_LENGTH = 0x4000000
                0x58000000                CS3_SPACE_MIRROR_START = 0x58000000
                0x04000000                CS3_SPACE_MIRROR_LENGTH = 0x4000000
                0x5c000000                CS5_SPACE_MIRROR_START = 0x5c000000
                0x04000000                CS5_SPACE_MIRROR_LENGTH = 0x4000000
                0x60000000                xSPI0_CS0_SPACE_START = 0x60000000
                0x04000000                xSPI0_CS0_SPACE_LENGTH = 0x4000000
                0x64000000                xSPI0_CS1_SPACE_START = 0x64000000
                0x04000000                xSPI0_CS1_SPACE_LENGTH = 0x4000000
                0x68000000                xSPI1_CS0_SPACE_START = 0x68000000
                0x04000000                xSPI1_CS0_SPACE_LENGTH = 0x4000000
                0x70000000                CS0_SPACE_START = 0x70000000
                0x04000000                CS0_SPACE_LENGTH = 0x4000000
                0x74000000                CS2_SPACE_START = 0x74000000
                0x04000000                CS2_SPACE_LENGTH = 0x4000000
                0x78000000                CS3_SPACE_START = 0x78000000
                0x04000000                CS3_SPACE_LENGTH = 0x4000000
                0x7c000000                CS5_SPACE_START = 0x7c000000
                0x04000000                CS5_SPACE_LENGTH = 0x4000000
                0x00000000                ATCM_PRV_START = DEFINED (ATCM_START)?ATCM_START:0x0
                0x00020000                ATCM_PRV_LENGTH = DEFINED (ATCM_LENGTH)?ATCM_LENGTH:0x0
                0x00100000                BTCM_PRV_START = DEFINED (BTCM_START)?BTCM_START:0x0
                0x00020000                BTCM_PRV_LENGTH = DEFINED (BTCM_LENGTH)?BTCM_LENGTH:0x0
                0x10000000                SYSTEM_RAM_PRV_START = DEFINED (SYSTEM_RAM_START)?SYSTEM_RAM_START:0x0
                0x00180000                SYSTEM_RAM_PRV_LENGTH = DEFINED (SYSTEM_RAM_LENGTH)?SYSTEM_RAM_LENGTH:0x0
                0x30000000                SYSTEM_RAM_MIRROR_PRV_START = DEFINED (SYSTEM_RAM_MIRROR_START)?SYSTEM_RAM_MIRROR_START:0x0
                0x00180000                SYSTEM_RAM_MIRROR_PRV_LENGTH = DEFINED (SYSTEM_RAM_MIRROR_LENGTH)?SYSTEM_RAM_MIRROR_LENGTH:0x0
                0x40000000                xSPI0_CS0_SPACE_MIRROR_PRV_START = DEFINED (xSPI0_CS0_SPACE_MIRROR_START)?xSPI0_CS0_SPACE_MIRROR_START:0x0
                0x04000000                xSPI0_CS0_SPACE_MIRROR_PRV_LENGTH = DEFINED (xSPI0_CS0_SPACE_MIRROR_LENGTH)?xSPI0_CS0_SPACE_MIRROR_LENGTH:0x0
                0x44000000                xSPI0_CS1_SPACE_MIRROR_PRV_START = DEFINED (xSPI0_CS1_SPACE_MIRROR_START)?xSPI0_CS1_SPACE_MIRROR_START:0x0
                0x04000000                xSPI0_CS1_SPACE_MIRROR_PRV_LENGTH = DEFINED (xSPI0_CS1_SPACE_MIRROR_LENGTH)?xSPI0_CS1_SPACE_MIRROR_LENGTH:0x0
                0x48000000                xSPI1_CS0_SPACE_MIRROR_PRV_START = DEFINED (xSPI1_CS0_SPACE_MIRROR_START)?xSPI1_CS0_SPACE_MIRROR_START:0x0
                0x04000000                xSPI1_CS0_SPACE_MIRROR_PRV_LENGTH = DEFINED (xSPI1_CS0_SPACE_MIRROR_LENGTH)?xSPI1_CS0_SPACE_MIRROR_LENGTH:0x0
                0x00000000                xSPI1_CS1_SPACE_MIRROR_PRV_START = DEFINED (xSPI1_CS1_SPACE_MIRROR_START)?xSPI1_CS1_SPACE_MIRROR_START:0x0
                0x00000000                xSPI1_CS1_SPACE_MIRROR_PRV_LENGTH = DEFINED (xSPI1_CS1_SPACE_MIRROR_LENGTH)?xSPI1_CS1_SPACE_MIRROR_LENGTH:0x0
                0x50000000                CS0_SPACE_MIRROR_PRV_START = DEFINED (CS0_SPACE_MIRROR_START)?CS0_SPACE_MIRROR_START:0x0
                0x04000000                CS0_SPACE_MIRROR_PRV_LENGTH = DEFINED (CS0_SPACE_MIRROR_LENGTH)?CS0_SPACE_MIRROR_LENGTH:0x0
                0x54000000                CS2_SPACE_MIRROR_PRV_START = DEFINED (CS2_SPACE_MIRROR_START)?CS2_SPACE_MIRROR_START:0x0
                0x04000000                CS2_SPACE_MIRROR_PRV_LENGTH = DEFINED (CS2_SPACE_MIRROR_LENGTH)?CS2_SPACE_MIRROR_LENGTH:0x0
                0x58000000                CS3_SPACE_MIRROR_PRV_START = DEFINED (CS3_SPACE_MIRROR_START)?CS3_SPACE_MIRROR_START:0x0
                0x04000000                CS3_SPACE_MIRROR_PRV_LENGTH = DEFINED (CS3_SPACE_MIRROR_LENGTH)?CS3_SPACE_MIRROR_LENGTH:0x0
                0x5c000000                CS5_SPACE_MIRROR_PRV_START = DEFINED (CS5_SPACE_MIRROR_START)?CS5_SPACE_MIRROR_START:0x0
                0x04000000                CS5_SPACE_MIRROR_PRV_LENGTH = DEFINED (CS5_SPACE_MIRROR_LENGTH)?CS5_SPACE_MIRROR_LENGTH:0x0
                0x60000000                xSPI0_CS0_SPACE_PRV_START = DEFINED (xSPI0_CS0_SPACE_START)?xSPI0_CS0_SPACE_START:0x0
                0x04000000                xSPI0_CS0_SPACE_PRV_LENGTH = DEFINED (xSPI0_CS0_SPACE_LENGTH)?xSPI0_CS0_SPACE_LENGTH:0x0
                0x64000000                xSPI0_CS1_SPACE_PRV_START = DEFINED (xSPI0_CS1_SPACE_START)?xSPI0_CS1_SPACE_START:0x0
                0x04000000                xSPI0_CS1_SPACE_PRV_LENGTH = DEFINED (xSPI0_CS1_SPACE_LENGTH)?xSPI0_CS1_SPACE_LENGTH:0x0
                0x68000000                xSPI1_CS0_SPACE_PRV_START = DEFINED (xSPI1_CS0_SPACE_START)?xSPI1_CS0_SPACE_START:0x0
                0x04000000                xSPI1_CS0_SPACE_PRV_LENGTH = DEFINED (xSPI1_CS0_SPACE_LENGTH)?xSPI1_CS0_SPACE_LENGTH:0x0
                0x00000000                xSPI1_CS1_SPACE_PRV_START = DEFINED (xSPI1_CS1_SPACE_START)?xSPI1_CS1_SPACE_START:0x0
                0x00000000                xSPI1_CS1_SPACE_PRV_LENGTH = DEFINED (xSPI1_CS1_SPACE_LENGTH)?xSPI1_CS1_SPACE_LENGTH:0x0
                0x70000000                CS0_SPACE_PRV_START = DEFINED (CS0_SPACE_START)?CS0_SPACE_START:0x0
                0x04000000                CS0_SPACE_PRV_LENGTH = DEFINED (CS0_SPACE_LENGTH)?CS0_SPACE_LENGTH:0x0
                0x74000000                CS2_SPACE_PRV_START = DEFINED (CS2_SPACE_START)?CS2_SPACE_START:0x0
                0x04000000                CS2_SPACE_PRV_LENGTH = DEFINED (CS2_SPACE_LENGTH)?CS2_SPACE_LENGTH:0x0
                0x78000000                CS3_SPACE_PRV_START = DEFINED (CS3_SPACE_START)?CS3_SPACE_START:0x0
                0x04000000                CS3_SPACE_PRV_LENGTH = DEFINED (CS3_SPACE_LENGTH)?CS3_SPACE_LENGTH:0x0
                0x7c000000                CS5_SPACE_PRV_START = DEFINED (CS5_SPACE_START)?CS5_SPACE_START:0x0
                0x04000000                CS5_SPACE_PRV_LENGTH = DEFINED (CS5_SPACE_LENGTH)?CS5_SPACE_LENGTH:0x0
                0x60100000                BANK0_START_ADDRESS = 0x60100000
                0x60200000                BANK1_START_ADDRESS = 0x60200000
                0x60100000                HEADER_PARAM_ADDRESS = BANK0_START_ADDRESS
                0x6010004c                IDENTIFY_PARAM_ADDRESS = (HEADER_PARAM_ADDRESS + 0x4c)
                0x6010005c                FLASH_CONTENTS_ADDRESS = (IDENTIFY_PARAM_ADDRESS + 0x10)
                0x00020000                NONCACHE_BUFFER_OFFSET = 0x20000
                0x00044000                DMAC_LINK_MODE_OFFSET = 0x44000
                0x00048000                DATA_NONCACHE_OFFSET = 0x48000
                0x00000000                RAM_START = ATCM_PRV_START
                0x00020000                RAM_LENGTH = ATCM_PRV_LENGTH
                0x00100000                LOADER_START = BTCM_PRV_START
                0x00020000                LOADER_LENGTH = BTCM_PRV_LENGTH
                0x30138000                DATA_NONCACHE_START = DEFINED (SYSTEM_RAM_MIRROR_START)?((SYSTEM_RAM_MIRROR_START + SYSTEM_RAM_MIRROR_LENGTH) - DATA_NONCACHE_OFFSET):0x0
                0x00004000                DATA_NONCACHE_LENGTH = DEFINED (SYSTEM_RAM_MIRROR_LENGTH)?0x4000:0x0
                0x3013c000                DMAC_LINK_MODE_START = DEFINED (SYSTEM_RAM_MIRROR_START)?((SYSTEM_RAM_MIRROR_START + SYSTEM_RAM_MIRROR_LENGTH) - DMAC_LINK_MODE_OFFSET):0x0
                0x00004000                DMAC_LINK_MODE_LENGTH = DEFINED (SYSTEM_RAM_MIRROR_LENGTH)?0x4000:0x0
                0x30140000                SHARED_NONCACHE_BUFFER_START = DEFINED (SYSTEM_RAM_MIRROR_START)?((SYSTEM_RAM_MIRROR_START + SYSTEM_RAM_MIRROR_LENGTH) - 0x40000):0x0
                0x00020000                SHARED_NONCACHE_BUFFER_LENGTH = DEFINED (SYSTEM_RAM_MIRROR_LENGTH)?0x20000:0x0
                0x30160000                NONCACHE_BUFFER_START = DEFINED (SYSTEM_RAM_MIRROR_START)?((SYSTEM_RAM_MIRROR_START + SYSTEM_RAM_MIRROR_LENGTH) - NONCACHE_BUFFER_OFFSET):0x0
                0x00020000                NONCACHE_BUFFER_LENGTH = DEFINED (SYSTEM_RAM_MIRROR_LENGTH)?0x20000:0x0

.header_param   0x60100000       0x4c
 *(.header)
 .header        0x60100000       0x4c ./src/ethercat/beckhoff/Src/bootmode.o
                0x60100000                g_header

.identify_param
                0x6010004c       0x10
 *(.identify)
 .identify      0x6010004c       0x10 ./src/ethercat/beckhoff/Src/bootmode.o
                0x6010004c                g_identify

.flash_contents
                0x6010005c    0x12960
                0x6010005c                _mtext = .
                0x6010ecac                . = (. + (_text_end - _text_start))
 *fill*         0x6010005c     0xec50 
                0x6010ecac                _mdata = .
                0x601129bc                . = (. + (_data_end - _data_start))
 *fill*         0x6010ecac     0x3d10 
                0x601129bc                _mdata_noncache = .
                0x601129bc                . = (. + (_data_noncache_end - _data_noncache_start))
                0x601129bc                flash_contents_end = .

.text           0x10010000     0xec10 load address 0x6010005c
                0x10010000                _text_start = .
                0x10010000                _fvector_start = .
 *(.intvec)
 .intvec        0x10010000       0x40 ./rzn/fsp/src/bsp/cmsis/Device/RENESAS/Source/cr/startup_core.o
                0x10010000                __Vectors
                0x10010040                _fvector_end = .
 *(.text*)
 .text.APPL_AckErrorInd
                0x10010040        0x2 ./src/ethercat/renesas/sampleappl.o
                0x10010040                APPL_AckErrorInd
 .text.APPL_StartMailboxHandler
                0x10010042        0x4 ./src/ethercat/renesas/sampleappl.o
                0x10010042                APPL_StartMailboxHandler
 .text.APPL_StopMailboxHandler
                0x10010046        0x4 ./src/ethercat/renesas/sampleappl.o
                0x10010046                APPL_StopMailboxHandler
 .text.APPL_StartInputHandler
                0x1001004a       0xe8 ./src/ethercat/renesas/sampleappl.o
                0x1001004a                APPL_StartInputHandler
 .text.APPL_StopInputHandler
                0x10010132        0x4 ./src/ethercat/renesas/sampleappl.o
                0x10010132                APPL_StopInputHandler
 .text.APPL_StartOutputHandler
                0x10010136        0x4 ./src/ethercat/renesas/sampleappl.o
                0x10010136                APPL_StartOutputHandler
 .text.APPL_StopOutputHandler
                0x1001013a        0x4 ./src/ethercat/renesas/sampleappl.o
                0x1001013a                APPL_StopOutputHandler
 .text.APPL_GenerateMapping
                0x1001013e      0x292 ./src/ethercat/renesas/sampleappl.o
                0x1001013e                APPL_GenerateMapping
 .text.APPL_InputMapping
                0x100103d0      0x14e ./src/ethercat/renesas/sampleappl.o
                0x100103d0                APPL_InputMapping
 .text.APPL_OutputMapping
                0x1001051e      0x136 ./src/ethercat/renesas/sampleappl.o
                0x1001051e                APPL_OutputMapping
 .text.APPL_SetLed
                0x10010654       0xec ./src/ethercat/renesas/sampleappl.o
                0x10010654                APPL_SetLed
 .text.APPL_GetDipSw
                0x10010740      0x1be ./src/ethercat/renesas/sampleappl.o
                0x10010740                APPL_GetDipSw
 *fill*         0x100108fe        0x2 
 .text.APPL_Application
                0x10010900       0x50 ./src/ethercat/renesas/sampleappl.o
                0x10010900                APPL_Application
 .text.APPL_GetDeviceID
                0x10010950        0xc ./src/ethercat/renesas/sampleappl.o
                0x10010950                APPL_GetDeviceID
 .text.DummyMotor
                0x1001095c       0x68 ./src/ethercat/renesas/samplecia402.o
                0x1001095c                DummyMotor
 .text.CiA402_DummyMotionControl
                0x100109c4       0x9e ./src/ethercat/renesas/samplecia402.o
                0x100109c4                CiA402_DummyMotionControl
 .text.CiA402_StateTransition1
                0x10010a62        0x4 ./src/ethercat/renesas/samplecia402.o
                0x10010a62                CiA402_StateTransition1
 .text.CiA402_StateTransition2
                0x10010a66        0x4 ./src/ethercat/renesas/samplecia402.o
                0x10010a66                CiA402_StateTransition2
 .text.CiA402_StateTransition3
                0x10010a6a        0x4 ./src/ethercat/renesas/samplecia402.o
                0x10010a6a                CiA402_StateTransition3
 .text.CiA402_StateTransition4
                0x10010a6e        0x4 ./src/ethercat/renesas/samplecia402.o
                0x10010a6e                CiA402_StateTransition4
 .text.CiA402_StateTransition5
                0x10010a72        0x4 ./src/ethercat/renesas/samplecia402.o
                0x10010a72                CiA402_StateTransition5
 .text.CiA402_StateTransition6
                0x10010a76        0x4 ./src/ethercat/renesas/samplecia402.o
                0x10010a76                CiA402_StateTransition6
 .text.CiA402_StateTransition7
                0x10010a7a        0x4 ./src/ethercat/renesas/samplecia402.o
                0x10010a7a                CiA402_StateTransition7
 .text.CiA402_StateTransition8
                0x10010a7e        0x4 ./src/ethercat/renesas/samplecia402.o
                0x10010a7e                CiA402_StateTransition8
 .text.CiA402_StateTransition9
                0x10010a82        0x4 ./src/ethercat/renesas/samplecia402.o
                0x10010a82                CiA402_StateTransition9
 .text.CiA402_StateTransition10
                0x10010a86        0x4 ./src/ethercat/renesas/samplecia402.o
                0x10010a86                CiA402_StateTransition10
 .text.CiA402_StateTransition11
                0x10010a8a        0x4 ./src/ethercat/renesas/samplecia402.o
                0x10010a8a                CiA402_StateTransition11
 .text.CiA402_StateTransition12
                0x10010a8e        0x4 ./src/ethercat/renesas/samplecia402.o
                0x10010a8e                CiA402_StateTransition12
 .text.CiA402_StateTransition14
                0x10010a92        0x4 ./src/ethercat/renesas/samplecia402.o
                0x10010a92                CiA402_StateTransition14
 .text.CiA402_StateTransition15
                0x10010a96        0x4 ./src/ethercat/renesas/samplecia402.o
                0x10010a96                CiA402_StateTransition15
 .text.CiA402_StateTransition16
                0x10010a9a        0x4 ./src/ethercat/renesas/samplecia402.o
                0x10010a9a                CiA402_StateTransition16
 .text.APPL_MOTOR_MotionControl_Main
                0x10010a9e        0xa ./src/ethercat/renesas/samplecia402.o
                0x10010a9e                APPL_MOTOR_MotionControl_Main
 .text.FoE_Read
                0x10010aa8        0x2 ./src/ethercat/renesas/samplefoe.o
                0x10010aa8                FoE_Read
 .text.FoE_ReadData
                0x10010aaa        0x2 ./src/ethercat/renesas/samplefoe.o
                0x10010aaa                FoE_ReadData
 .text.FoE_WriteData
                0x10010aac       0x6e ./src/ethercat/renesas/samplefoe.o
                0x10010aac                FoE_WriteData
 .text.FoE_Write
                0x10010b1a       0xb0 ./src/ethercat/renesas/samplefoe.o
                0x10010b1a                FoE_Write
 .text.norFlashPageProgram
                0x10010bca       0x44 ./src/ethercat/beckhoff/Src/bootmode.o
 .text.BL_Start
                0x10010c0e       0x8e ./src/ethercat/beckhoff/Src/bootmode.o
                0x10010c0e                BL_Start
 .text.BL_Stop  0x10010c9c       0x18 ./src/ethercat/beckhoff/Src/bootmode.o
                0x10010c9c                BL_Stop
 .text.BL_StartDownload
                0x10010cb4       0x46 ./src/ethercat/beckhoff/Src/bootmode.o
                0x10010cb4                BL_StartDownload
 *fill*         0x10010cfa        0x2 
 .text.BL_Data  0x10010cfc      0x40c ./src/ethercat/beckhoff/Src/bootmode.o
                0x10010cfc                BL_Data
 .text.BL_SetRebootFlag
                0x10011108        0xc ./src/ethercat/beckhoff/Src/bootmode.o
                0x10011108                BL_SetRebootFlag
 .text.BL_CheckRebootFlag
                0x10011114        0xc ./src/ethercat/beckhoff/Src/bootmode.o
                0x10011114                BL_CheckRebootFlag
 .text.BL_Reboot
                0x10011120        0xe ./src/ethercat/beckhoff/Src/bootmode.o
                0x10011120                BL_Reboot
 .text.Write0xF030
                0x1001112e      0x1ce ./src/ethercat/beckhoff/Src/cia402appl.o
                0x1001112e                Write0xF030
 .text.CiA402_Init
                0x100112fc      0x674 ./src/ethercat/beckhoff/Src/cia402appl.o
                0x100112fc                CiA402_Init
 .text.CiA402_DeallocateAxis
                0x10011970       0x64 ./src/ethercat/beckhoff/Src/cia402appl.o
                0x10011970                CiA402_DeallocateAxis
 .text.CiA402_StateMachine
                0x100119d4      0x4b0 ./src/ethercat/beckhoff/Src/cia402appl.o
                0x100119d4                CiA402_StateMachine
 .text.CiA402_Application
                0x10011e84      0x12e ./src/ethercat/beckhoff/Src/cia402appl.o
                0x10011e84                CiA402_Application
 .text.COE_SyncTimeStamp
                0x10011fb2       0x78 ./src/ethercat/beckhoff/Src/coeappl.o
                0x10011fb2                COE_SyncTimeStamp
 .text.Read0x10F8
                0x1001202a       0x40 ./src/ethercat/beckhoff/Src/coeappl.o
                0x1001202a                Read0x10F8
 .text.COE_GetObjectDictionary
                0x1001206a        0xc ./src/ethercat/beckhoff/Src/coeappl.o
                0x1001206a                COE_GetObjectDictionary
 .text.COE_UpdateSyncErrorStatus
                0x10012076       0x6e ./src/ethercat/beckhoff/Src/coeappl.o
                0x10012076                COE_UpdateSyncErrorStatus
 .text.COE_AddObjectToDic
                0x100120e4       0x82 ./src/ethercat/beckhoff/Src/coeappl.o
                0x100120e4                COE_AddObjectToDic
 .text.COE_RemoveDicEntry
                0x10012166       0x4a ./src/ethercat/beckhoff/Src/coeappl.o
                0x10012166                COE_RemoveDicEntry
 .text.COE_ClearObjDictionary
                0x100121b0       0x28 ./src/ethercat/beckhoff/Src/coeappl.o
                0x100121b0                COE_ClearObjDictionary
 .text.AddObjectsToObjDictionary
                0x100121d8       0x2a ./src/ethercat/beckhoff/Src/coeappl.o
                0x100121d8                AddObjectsToObjDictionary
 .text.COE_ObjDictionaryInit
                0x10012202       0x44 ./src/ethercat/beckhoff/Src/coeappl.o
                0x10012202                COE_ObjDictionaryInit
 .text.COE_ObjInit
                0x10012246      0x10c ./src/ethercat/beckhoff/Src/coeappl.o
                0x10012246                COE_ObjInit
 .text.COE_Main
                0x10012352       0xfa ./src/ethercat/beckhoff/Src/coeappl.o
                0x10012352                COE_Main
 .text.GetSystemTimeDelay
                0x1001244c       0x3a ./src/ethercat/beckhoff/Src/ecatappl.o
                0x1001244c                GetSystemTimeDelay
 .text.PDO_InputMapping
                0x10012486       0xa8 ./src/ethercat/beckhoff/Src/ecatappl.o
                0x10012486                PDO_InputMapping
 .text.HandleCycleTimeMeasurement
                0x1001252e       0x70 ./src/ethercat/beckhoff/Src/ecatappl.o
                0x1001252e                HandleCycleTimeMeasurement
 .text.PDO_OutputMapping
                0x1001259e       0xc0 ./src/ethercat/beckhoff/Src/ecatappl.o
                0x1001259e                PDO_OutputMapping
 .text.Sync1_Isr
                0x1001265e       0x5a ./src/ethercat/beckhoff/Src/ecatappl.o
                0x1001265e                Sync1_Isr
 .text.ECAT_SetLedIndication
                0x100126b8      0x254 ./src/ethercat/beckhoff/Src/ecatappl.o
                0x100126b8                ECAT_SetLedIndication
 .text.ECAT_CheckTimer
                0x1001290c       0x94 ./src/ethercat/beckhoff/Src/ecatappl.o
                0x1001290c                ECAT_CheckTimer
 .text.MainInit
                0x100129a0      0x114 ./src/ethercat/beckhoff/Src/ecatappl.o
                0x100129a0                MainInit
 .text.ECAT_Application
                0x10012ab4       0x36 ./src/ethercat/beckhoff/Src/ecatappl.o
                0x10012ab4                ECAT_Application
 .text.Sync0_Isr
                0x10012aea      0x1ac ./src/ethercat/beckhoff/Src/ecatappl.o
                0x10012aea                Sync0_Isr
 .text.PDI_Isr  0x10012c96      0x1b4 ./src/ethercat/beckhoff/Src/ecatappl.o
                0x10012c96                PDI_Isr
 .text.MainLoop
                0x10012e4a      0x118 ./src/ethercat/beckhoff/Src/ecatappl.o
                0x10012e4a                MainLoop
 .text.ESC_EepromAccess
                0x10012f62      0x184 ./src/ethercat/beckhoff/Src/ecatappl.o
                0x10012f62                ESC_EepromAccess
 .text.COE_Init
                0x100130e6       0x18 ./src/ethercat/beckhoff/Src/ecatcoe.o
                0x100130e6                COE_Init
 .text.COE_ServiceInd
                0x100130fe       0x2c ./src/ethercat/beckhoff/Src/ecatcoe.o
                0x100130fe                COE_ServiceInd
 .text.COE_ContinueInd
                0x1001312a       0x60 ./src/ethercat/beckhoff/Src/ecatcoe.o
                0x1001312a                COE_ContinueInd
 .text.FOE_Init
                0x1001318a       0x22 ./src/ethercat/beckhoff/Src/ecatfoe.o
                0x1001318a                FOE_Init
 .text.FOE_ServiceInd
                0x100131ac      0x36a ./src/ethercat/beckhoff/Src/ecatfoe.o
                0x100131ac                FOE_ServiceInd
 .text.FOE_ContinueInd
                0x10013516       0x24 ./src/ethercat/beckhoff/Src/ecatfoe.o
                0x10013516                FOE_ContinueInd
 .text.ResetALEventMask
                0x1001353a       0x28 ./src/ethercat/beckhoff/Src/ecatslv.o
                0x1001353a                ResetALEventMask
 .text.SetALEventMask
                0x10013562       0x24 ./src/ethercat/beckhoff/Src/ecatslv.o
                0x10013562                SetALEventMask
 .text.UpdateEEPROMLoadedState
                0x10013586       0x24 ./src/ethercat/beckhoff/Src/ecatslv.o
                0x10013586                UpdateEEPROMLoadedState
 .text.GetSyncMan
                0x100135aa       0x2a ./src/ethercat/beckhoff/Src/ecatslv.o
                0x100135aa                GetSyncMan
 .text.DisableSyncManChannel
                0x100135d4       0x38 ./src/ethercat/beckhoff/Src/ecatslv.o
                0x100135d4                DisableSyncManChannel
 .text.EnableSyncManChannel
                0x1001360c       0x38 ./src/ethercat/beckhoff/Src/ecatslv.o
                0x1001360c                EnableSyncManChannel
 .text.CheckSmSettings
                0x10013644      0x27e ./src/ethercat/beckhoff/Src/ecatslv.o
                0x10013644                CheckSmSettings
 .text.StartInputHandler
                0x100138c2      0x6cc ./src/ethercat/beckhoff/Src/ecatslv.o
                0x100138c2                StartInputHandler
 .text.StartOutputHandler
                0x10013f8e       0x70 ./src/ethercat/beckhoff/Src/ecatslv.o
                0x10013f8e                StartOutputHandler
 .text.StopOutputHandler
                0x10013ffe       0x18 ./src/ethercat/beckhoff/Src/ecatslv.o
                0x10013ffe                StopOutputHandler
 .text.StopInputHandler
                0x10014016      0x104 ./src/ethercat/beckhoff/Src/ecatslv.o
                0x10014016                StopInputHandler
 .text.SetALStatus
                0x1001411a      0x110 ./src/ethercat/beckhoff/Src/ecatslv.o
                0x1001411a                SetALStatus
 .text.AL_ControlInd
                0x1001422a      0x76e ./src/ethercat/beckhoff/Src/ecatslv.o
                0x1001422a                AL_ControlInd
 .text.AL_ControlRes
                0x10014998      0x356 ./src/ethercat/beckhoff/Src/ecatslv.o
                0x10014998                AL_ControlRes
 .text.DC_CheckWatchdog
                0x10014cee      0x120 ./src/ethercat/beckhoff/Src/ecatslv.o
                0x10014cee                DC_CheckWatchdog
 .text.CheckIfEcatError
                0x10014e0e       0x98 ./src/ethercat/beckhoff/Src/ecatslv.o
                0x10014e0e                CheckIfEcatError
 .text.ECAT_Init
                0x10014ea6      0x15a ./src/ethercat/beckhoff/Src/ecatslv.o
                0x10014ea6                ECAT_Init
 .text.ECAT_Main
                0x10015000      0x194 ./src/ethercat/beckhoff/Src/ecatslv.o
                0x10015000                ECAT_Main
 .text.FOE_Read
                0x10015194       0x2e ./src/ethercat/beckhoff/Src/foeappl.o
                0x10015194                FOE_Read
 .text.FOE_Write
                0x100151c2       0x18 ./src/ethercat/beckhoff/Src/foeappl.o
                0x100151c2                FOE_Write
 .text.FOE_Data
                0x100151da       0x3a ./src/ethercat/beckhoff/Src/foeappl.o
                0x100151da                FOE_Data
 .text.FOE_Ack  0x10015214       0x24 ./src/ethercat/beckhoff/Src/foeappl.o
                0x10015214                FOE_Ack
 .text.FOE_Busy
                0x10015238        0xc ./src/ethercat/beckhoff/Src/foeappl.o
                0x10015238                FOE_Busy
 .text.FOE_Error
                0x10015244       0x12 ./src/ethercat/beckhoff/Src/foeappl.o
                0x10015244                FOE_Error
 .text.PutInMbxQueue
                0x10015256       0x28 ./src/ethercat/beckhoff/Src/mailbox.o
                0x10015256                PutInMbxQueue
 .text.GetOutOfMbxQueue
                0x1001527e       0x28 ./src/ethercat/beckhoff/Src/mailbox.o
                0x1001527e                GetOutOfMbxQueue
 .text.MBX_Init
                0x100152a6       0xd8 ./src/ethercat/beckhoff/Src/mailbox.o
                0x100152a6                MBX_Init
 .text.MBX_StartMailboxHandler
                0x1001537e       0xce ./src/ethercat/beckhoff/Src/mailbox.o
                0x1001537e                MBX_StartMailboxHandler
 .text.MBX_StopMailboxHandler
                0x1001544c      0x14c ./src/ethercat/beckhoff/Src/mailbox.o
                0x1001544c                MBX_StopMailboxHandler
 .text.MailboxServiceInd
                0x10015598       0x3e ./src/ethercat/beckhoff/Src/mailbox.o
                0x10015598                MailboxServiceInd
 .text.MBX_CopyToSendMailbox
                0x100155d6      0x12e ./src/ethercat/beckhoff/Src/mailbox.o
                0x100155d6                MBX_CopyToSendMailbox
 .text.MBX_MailboxReadInd
                0x10015704       0xea ./src/ethercat/beckhoff/Src/mailbox.o
                0x10015704                MBX_MailboxReadInd
 .text.MBX_MailboxRepeatReq
                0x100157ee       0x7a ./src/ethercat/beckhoff/Src/mailbox.o
                0x100157ee                MBX_MailboxRepeatReq
 .text.MBX_MailboxSendReq
                0x10015868       0xb4 ./src/ethercat/beckhoff/Src/mailbox.o
                0x10015868                MBX_MailboxSendReq
 .text.MBX_MailboxWriteInd
                0x1001591c       0x82 ./src/ethercat/beckhoff/Src/mailbox.o
                0x1001591c                MBX_MailboxWriteInd
 .text.MBX_CheckAndCopyMailbox
                0x1001599e      0x122 ./src/ethercat/beckhoff/Src/mailbox.o
                0x1001599e                MBX_CheckAndCopyMailbox
 .text.MBX_Main
                0x10015ac0       0x52 ./src/ethercat/beckhoff/Src/mailbox.o
                0x10015ac0                MBX_Main
 .text.OBJ_GetObjectHandle
                0x10015b12       0x1c ./src/ethercat/beckhoff/Src/objdef.o
                0x10015b12                OBJ_GetObjectHandle
 .text.OBJ_GetObjectLength
                0x10015b2e       0xa4 ./src/ethercat/beckhoff/Src/objdef.o
                0x10015b2e                OBJ_GetObjectLength
 .text.OBJ_CopyNumberToString
                0x10015bd2       0x4c ./src/ethercat/beckhoff/Src/objdef.o
                0x10015bd2                OBJ_CopyNumberToString
 .text.OBJ_GetDesc
                0x10015c1e       0xc4 ./src/ethercat/beckhoff/Src/objdef.o
                0x10015c1e                OBJ_GetDesc
 .text.OBJ_GetEntryDesc
                0x10015ce2       0x22 ./src/ethercat/beckhoff/Src/objdef.o
                0x10015ce2                OBJ_GetEntryDesc
 .text.OBJ_GetNoOfObjects
                0x10015d04       0x56 ./src/ethercat/beckhoff/Src/objdef.o
                0x10015d04                OBJ_GetNoOfObjects
 .text.OBJ_GetObjectList
                0x10015d5a       0xca ./src/ethercat/beckhoff/Src/objdef.o
                0x10015d5a                OBJ_GetObjectList
 .text.OBJ_GetObjDesc
                0x10015e24        0x4 ./src/ethercat/beckhoff/Src/objdef.o
                0x10015e24                OBJ_GetObjDesc
 .text.OBJ_GetEntryOffset
                0x10015e28      0x154 ./src/ethercat/beckhoff/Src/objdef.o
                0x10015e28                OBJ_GetEntryOffset
 .text.CheckSyncTypeValue
                0x10015f7c      0x162 ./src/ethercat/beckhoff/Src/objdef.o
                0x10015f7c                CheckSyncTypeValue
 .text.OBJ_Read
                0x100160de      0x498 ./src/ethercat/beckhoff/Src/objdef.o
                0x100160de                OBJ_Read
 .text.OBJ_Write
                0x10016576      0x5de ./src/ethercat/beckhoff/Src/objdef.o
                0x10016576                OBJ_Write
 .text.SdoRes   0x10016b54       0xdc ./src/ethercat/beckhoff/Src/sdoserv.o
                0x10016b54                SdoRes
 .text.SDOS_SdoInd
                0x10016c30      0x910 ./src/ethercat/beckhoff/Src/sdoserv.o
                0x10016c30                SDOS_SdoInd
 .text.SDOS_SdoRes
                0x10017540       0xf4 ./src/ethercat/beckhoff/Src/sdoserv.o
                0x10017540                SDOS_SdoRes
 .text.SDOS_ClearPendingResponse
                0x10017634       0xd2 ./src/ethercat/beckhoff/Src/sdoserv.o
                0x10017634                SDOS_ClearPendingResponse
 .text.SDOS_SdoInfoInd
                0x10017706      0x2fa ./src/ethercat/beckhoff/Src/sdoserv.o
                0x10017706                SDOS_SdoInfoInd
 .text.BankDetection_Init
                0x10017a00       0x4c ./src/common/bank_detection.o
                0x10017a00                BankDetection_Init
 .text.BankDetection_GetCurrentBank
                0x10017a4c        0xc ./src/common/bank_detection.o
                0x10017a4c                BankDetection_GetCurrentBank
 .text.BankDetection_GetTargetBank
                0x10017a58       0x12 ./src/common/bank_detection.o
                0x10017a58                BankDetection_GetTargetBank
 .text.BankDetection_IsTargetBankValid
                0x10017a6a       0x28 ./src/common/bank_detection.o
                0x10017a6a                BankDetection_IsTargetBankValid
 .text.BankDetection_GetBankAddress
                0x10017a92       0x1a ./src/common/bank_detection.o
                0x10017a92                BankDetection_GetBankAddress
 .text.getGlobalCounter
                0x10017aac        0xc ./src/common/bsp_r52_global_counter.o
                0x10017aac                getGlobalCounter
 .text.Queue_Init
                0x10017ab8       0x16 ./src/common/circular_queue.o
                0x10017ab8                Queue_Init
 .text.Queue_HadUse
                0x10017ace       0x32 ./src/common/circular_queue.o
                0x10017ace                Queue_HadUse
 .text.Queue_NoUse
                0x10017b00       0x3a ./src/common/circular_queue.o
                0x10017b00                Queue_NoUse
 .text.Queue_Wirte
                0x10017b3a       0x58 ./src/common/circular_queue.o
                0x10017b3a                Queue_Wirte
 .text.Queue_Read
                0x10017b92       0x58 ./src/common/circular_queue.o
                0x10017b92                Queue_Read
 .text.CRC_Init
                0x10017bea       0x58 ./src/common/crc32_table.o
                0x10017bea                CRC_Init
 .text.CRC_Calculate
                0x10017c42       0x52 ./src/common/crc32_table.o
                0x10017c42                CRC_Calculate
 .text.SblBootParams_Read
                0x10017c94       0x4c ./src/common/sbl_boot_params.o
                0x10017c94                SblBootParams_Read
 .text.SblBootParams_Write
                0x10017ce0       0x72 ./src/common/sbl_boot_params.o
                0x10017ce0                SblBootParams_Write
 .text.SblBootParams_ValidateCRC
                0x10017d52       0x28 ./src/common/sbl_boot_params.o
                0x10017d52                SblBootParams_ValidateCRC
 .text.SblBootParams_UpdateCRC
                0x10017d7a       0x1e ./src/common/sbl_boot_params.o
                0x10017d7a                SblBootParams_UpdateCRC
 .text.SblBootParams_Init
                0x10017d98       0x98 ./src/common/sbl_boot_params.o
                0x10017d98                SblBootParams_Init
 .text.SblBootParams_GetCurrentBank
                0x10017e30       0x32 ./src/common/sbl_boot_params.o
                0x10017e30                SblBootParams_GetCurrentBank
 .text.SblBootParams_CheckVersionUpgrade
                0x10017e62       0x6c ./src/common/sbl_boot_params.o
                0x10017e62                SblBootParams_CheckVersionUpgrade
 .text._write   0x10017ece       0x36 ./src/hal_entry.o
                0x10017ece                _write
 *fill*         0x10017f04        0x4 
 .text.hal_entry
                0x10017f08      0x160 ./src/hal_entry.o
                0x10017f08                hal_entry
 .text.user_uart_callback
                0x10018068       0x14 ./src/hal_entry.o
                0x10018068                user_uart_callback
 .text._getpid  0x1001807c        0x4 ./src/syscall.o
                0x1001807c                _getpid
 .text._kill    0x10018080       0x10 ./src/syscall.o
                0x10018080                _kill
 .text._exit    0x10018090        0xc ./src/syscall.o
                0x10018090                _exit
 .text._read    0x1001809c       0x1a ./src/syscall.o
                0x1001809c                _read
 .text._close   0x100180b6        0x6 ./src/syscall.o
                0x100180b6                _close
 .text._fstat   0x100180bc        0xa ./src/syscall.o
                0x100180bc                _fstat
 .text._isatty  0x100180c6        0x4 ./src/syscall.o
                0x100180c6                _isatty
 .text._lseek   0x100180ca        0x4 ./src/syscall.o
                0x100180ca                _lseek
 .text.main     0x100180ce        0xa ./rzn_gen/main.o
                0x100180ce                main
 .text.RM_ETHERCAT_SSC_PORT_Close
                0x100180d8      0x12c ./rzn/fsp/src/rm_ethercat_ssc_port/rm_ethercat_ssc_port.o
                0x100180d8                RM_ETHERCAT_SSC_PORT_Close
 .text.ethercat_ssc_port_isr_esc_cat
                0x10018204       0x4a ./rzn/fsp/src/rm_ethercat_ssc_port/rm_ethercat_ssc_port.o
                0x10018204                ethercat_ssc_port_isr_esc_cat
 .text.ethercat_ssc_port_isr_esc_sync0
                0x1001824e       0x4a ./rzn/fsp/src/rm_ethercat_ssc_port/rm_ethercat_ssc_port.o
                0x1001824e                ethercat_ssc_port_isr_esc_sync0
 .text.ethercat_ssc_port_isr_esc_sync1
                0x10018298       0x4a ./rzn/fsp/src/rm_ethercat_ssc_port/rm_ethercat_ssc_port.o
                0x10018298                ethercat_ssc_port_isr_esc_sync1
 .text.HW_GetTimer
                0x100182e2        0xc ./rzn/fsp/src/rm_ethercat_ssc_port/rm_ethercat_ssc_port.o
                0x100182e2                HW_GetTimer
 .text.HW_ClearTimer
                0x100182ee        0xe ./rzn/fsp/src/rm_ethercat_ssc_port/rm_ethercat_ssc_port.o
                0x100182ee                HW_ClearTimer
 .text.HW_IncTimer
                0x100182fc       0x12 ./rzn/fsp/src/rm_ethercat_ssc_port/rm_ethercat_ssc_port.o
                0x100182fc                HW_IncTimer
 .text.rm_ssc_port_timer_interrupt
                0x1001830e        0xe ./rzn/fsp/src/rm_ethercat_ssc_port/rm_ethercat_ssc_port.o
                0x1001830e                rm_ssc_port_timer_interrupt
 .text.HW_Init  0x1001831c       0x1c ./rzn/fsp/src/rm_ethercat_ssc_port/rm_ethercat_ssc_port.o
                0x1001831c                HW_Init
 .text.RM_ETHERCAT_SSC_PORT_Open
                0x10018338      0x6d2 ./rzn/fsp/src/rm_ethercat_ssc_port/rm_ethercat_ssc_port.o
                0x10018338                RM_ETHERCAT_SSC_PORT_Open
 .text.HW_SetLed
                0x10018a0a       0x18 ./rzn/fsp/src/rm_ethercat_ssc_port/rm_ethercat_ssc_port.o
                0x10018a0a                HW_SetLed
 .text.DISABLE_ESC_INT
                0x10018a22       0xbc ./rzn/fsp/src/rm_ethercat_ssc_port/rm_ethercat_ssc_port.o
                0x10018a22                DISABLE_ESC_INT
 .text.ENABLE_ESC_INT
                0x10018ade       0xd4 ./rzn/fsp/src/rm_ethercat_ssc_port/rm_ethercat_ssc_port.o
                0x10018ade                ENABLE_ESC_INT
 .text.r_xspi_qspi_direct_transfer
                0x10018bb2       0xa4 ./rzn/fsp/src/r_xspi_qspi/r_xspi_qspi.o
 .text.r_xspi_qspi_status_sub
                0x10018c56       0x7c ./rzn/fsp/src/r_xspi_qspi/r_xspi_qspi.o
 .text.R_XSPI_QSPI_StatusGet
                0x10018cd2       0x20 ./rzn/fsp/src/r_xspi_qspi/r_xspi_qspi.o
                0x10018cd2                R_XSPI_QSPI_StatusGet
 .text.r_xspi_qspi_write_enable
                0x10018cf2       0x2c ./rzn/fsp/src/r_xspi_qspi/r_xspi_qspi.o
 .text.R_XSPI_QSPI_Write
                0x10018d1e       0xa0 ./rzn/fsp/src/r_xspi_qspi/r_xspi_qspi.o
                0x10018d1e                R_XSPI_QSPI_Write
 .text.R_XSPI_QSPI_Erase
                0x10018dbe       0x96 ./rzn/fsp/src/r_xspi_qspi/r_xspi_qspi.o
                0x10018dbe                R_XSPI_QSPI_Erase
 .text.R_XSPI_QSPI_Open
                0x10018e54      0x140 ./rzn/fsp/src/r_xspi_qspi/r_xspi_qspi.o
                0x10018e54                R_XSPI_QSPI_Open
 .text.R_SCI_UART_Read
                0x10018f94        0x8 ./rzn/fsp/src/r_sci_uart/r_sci_uart.o
                0x10018f94                R_SCI_UART_Read
 .text.R_SCI_UART_Write
                0x10018f9c       0x44 ./rzn/fsp/src/r_sci_uart/r_sci_uart.o
                0x10018f9c                R_SCI_UART_Write
 .text.R_SCI_UART_CallbackSet
                0x10018fe0        0xa ./rzn/fsp/src/r_sci_uart/r_sci_uart.o
                0x10018fe0                R_SCI_UART_CallbackSet
 .text.R_SCI_UART_InfoGet
                0x10018fea        0xc ./rzn/fsp/src/r_sci_uart/r_sci_uart.o
                0x10018fea                R_SCI_UART_InfoGet
 .text.R_SCI_UART_Abort
                0x10018ff6       0x38 ./rzn/fsp/src/r_sci_uart/r_sci_uart.o
                0x10018ff6                R_SCI_UART_Abort
 .text.R_SCI_UART_ReadStop
                0x1001902e        0xc ./rzn/fsp/src/r_sci_uart/r_sci_uart.o
                0x1001902e                R_SCI_UART_ReadStop
 .text.r_sci_uart_call_callback
                0x1001903a       0x48 ./rzn/fsp/src/r_sci_uart/r_sci_uart.o
 .text.sci_uart_txi_common
                0x10019082       0x5a ./rzn/fsp/src/r_sci_uart/r_sci_uart.o
 .text.sci_uart_rxi_common
                0x100190dc       0x4e ./rzn/fsp/src/r_sci_uart/r_sci_uart.o
 .text.r_sci_irq_cfg
                0x1001912a       0xe6 ./rzn/fsp/src/r_sci_uart/r_sci_uart.o
 .text.R_SCI_UART_Close
                0x10019210      0x184 ./rzn/fsp/src/r_sci_uart/r_sci_uart.o
                0x10019210                R_SCI_UART_Close
 .text.R_SCI_UART_Open
                0x10019394      0x404 ./rzn/fsp/src/r_sci_uart/r_sci_uart.o
                0x10019394                R_SCI_UART_Open
 .text.R_SCI_UART_BaudSet
                0x10019798       0x62 ./rzn/fsp/src/r_sci_uart/r_sci_uart.o
                0x10019798                R_SCI_UART_BaudSet
 .text.sci_uart_txi_isr
                0x100197fa       0x2e ./rzn/fsp/src/r_sci_uart/r_sci_uart.o
                0x100197fa                sci_uart_txi_isr
 .text.sci_uart_rxi_isr
                0x10019828       0x2e ./rzn/fsp/src/r_sci_uart/r_sci_uart.o
                0x10019828                sci_uart_rxi_isr
 .text.sci_uart_tei_isr
                0x10019856       0x4a ./rzn/fsp/src/r_sci_uart/r_sci_uart.o
                0x10019856                sci_uart_tei_isr
 .text.sci_uart_eri_isr
                0x100198a0       0x78 ./rzn/fsp/src/r_sci_uart/r_sci_uart.o
                0x100198a0                sci_uart_eri_isr
 .text.R_IOPORT_Close
                0x10019918        0x8 ./rzn/fsp/src/r_ioport/r_ioport.o
                0x10019918                R_IOPORT_Close
 .text.R_IOPORT_PinRead
                0x10019920       0x3a ./rzn/fsp/src/r_ioport/r_ioport.o
                0x10019920                R_IOPORT_PinRead
 .text.R_IOPORT_PortRead
                0x1001995a       0x32 ./rzn/fsp/src/r_ioport/r_ioport.o
                0x1001995a                R_IOPORT_PortRead
 .text.R_IOPORT_PortWrite
                0x1001998c       0x52 ./rzn/fsp/src/r_ioport/r_ioport.o
                0x1001998c                R_IOPORT_PortWrite
 .text.R_IOPORT_PinWrite
                0x100199de       0x5c ./rzn/fsp/src/r_ioport/r_ioport.o
                0x100199de                R_IOPORT_PinWrite
 .text.R_IOPORT_PortDirectionSet
                0x10019a3a       0x6e ./rzn/fsp/src/r_ioport/r_ioport.o
                0x10019a3a                R_IOPORT_PortDirectionSet
 .text.R_IOPORT_PortEventInputRead
                0x10019aa8       0x2e ./rzn/fsp/src/r_ioport/r_ioport.o
                0x10019aa8                R_IOPORT_PortEventInputRead
 .text.R_IOPORT_PinEventInputRead
                0x10019ad6       0x34 ./rzn/fsp/src/r_ioport/r_ioport.o
                0x10019ad6                R_IOPORT_PinEventInputRead
 .text.r_ioport_pin_set
                0x10019b0a      0x17a ./rzn/fsp/src/r_ioport/r_ioport.o
 .text.R_IOPORT_PinCfg
                0x10019c84       0xb8 ./rzn/fsp/src/r_ioport/r_ioport.o
                0x10019c84                R_IOPORT_PinCfg
 .text.R_IOPORT_PortEventOutputWrite
                0x10019d3c       0xde ./rzn/fsp/src/r_ioport/r_ioport.o
                0x10019d3c                R_IOPORT_PortEventOutputWrite
 .text.r_ioport_pins_config
                0x10019e1a       0xd8 ./rzn/fsp/src/r_ioport/r_ioport.o
 .text.R_IOPORT_PinsCfg
                0x10019ef2        0xc ./rzn/fsp/src/r_ioport/r_ioport.o
                0x10019ef2                R_IOPORT_PinsCfg
 .text.R_IOPORT_Open
                0x10019efe      0x1fe ./rzn/fsp/src/r_ioport/r_ioport.o
                0x10019efe                R_IOPORT_Open
 .text.R_IOPORT_PinEventOutputWrite
                0x1001a0fc       0xf6 ./rzn/fsp/src/r_ioport/r_ioport.o
                0x1001a0fc                R_IOPORT_PinEventOutputWrite
 .text.R_ETHER_SELECTOR_Close
                0x1001a1f2        0x8 ./rzn/fsp/src/r_ether_selector/r_ether_selector.o
                0x1001a1f2                R_ETHER_SELECTOR_Close
 .text.R_ETHER_SELECTOR_ConverterSet
                0x1001a1fa       0x6a ./rzn/fsp/src/r_ether_selector/r_ether_selector.o
                0x1001a1fa                R_ETHER_SELECTOR_ConverterSet
 .text.R_ETHER_SELECTOR_Open
                0x1001a264      0x1aa ./rzn/fsp/src/r_ether_selector/r_ether_selector.o
                0x1001a264                R_ETHER_SELECTOR_Open
 .text.R_ETHER_PHY_Close
                0x1001a40e       0x1c ./rzn/fsp/src/r_ether_phy/r_ether_phy.o
                0x1001a40e                R_ETHER_PHY_Close
 .text.R_ETHER_PHY_ChipInit
                0x1001a42a        0x4 ./rzn/fsp/src/r_ether_phy/r_ether_phy.o
                0x1001a42a                R_ETHER_PHY_ChipInit
 .text.R_ETHER_PHY_Read
                0x1001a42e      0x174 ./rzn/fsp/src/r_ether_phy/r_ether_phy.o
                0x1001a42e                R_ETHER_PHY_Read
 .text.R_ETHER_PHY_LinkStatusGet
                0x1001a5a2       0x3a ./rzn/fsp/src/r_ether_phy/r_ether_phy.o
                0x1001a5a2                R_ETHER_PHY_LinkStatusGet
 .text.R_ETHER_PHY_Write
                0x1001a5dc      0x152 ./rzn/fsp/src/r_ether_phy/r_ether_phy.o
                0x1001a5dc                R_ETHER_PHY_Write
 .text.R_ETHER_PHY_StartAutoNegotiate
                0x1001a72e       0x2e ./rzn/fsp/src/r_ether_phy/r_ether_phy.o
                0x1001a72e                R_ETHER_PHY_StartAutoNegotiate
 .text.R_ETHER_PHY_Open
                0x1001a75c      0x354 ./rzn/fsp/src/r_ether_phy/r_ether_phy.o
                0x1001a75c                R_ETHER_PHY_Open
 .text.ether_phy_convert_speed_duplex
                0x1001aab0       0x38 ./rzn/fsp/src/r_ether_phy/r_ether_phy.o
                0x1001aab0                ether_phy_convert_speed_duplex
 .text.R_ETHER_PHY_LinkPartnerAbilityGet
                0x1001aae8      0x170 ./rzn/fsp/src/r_ether_phy/r_ether_phy.o
                0x1001aae8                R_ETHER_PHY_LinkPartnerAbilityGet
 .text.R_CMT_Stop
                0x1001ac58       0x28 ./rzn/fsp/src/r_cmt/r_cmt.o
                0x1001ac58                R_CMT_Stop
 .text.R_CMT_Start
                0x1001ac80       0x22 ./rzn/fsp/src/r_cmt/r_cmt.o
                0x1001ac80                R_CMT_Start
 .text.R_CMT_Reset
                0x1001aca2       0x1e ./rzn/fsp/src/r_cmt/r_cmt.o
                0x1001aca2                R_CMT_Reset
 .text.R_CMT_Enable
                0x1001acc0        0x4 ./rzn/fsp/src/r_cmt/r_cmt.o
                0x1001acc0                R_CMT_Enable
 .text.R_CMT_Disable
                0x1001acc4        0x4 ./rzn/fsp/src/r_cmt/r_cmt.o
                0x1001acc4                R_CMT_Disable
 .text.R_CMT_PeriodSet
                0x1001acc8       0x38 ./rzn/fsp/src/r_cmt/r_cmt.o
                0x1001acc8                R_CMT_PeriodSet
 .text.R_CMT_DutyCycleSet
                0x1001ad00        0x4 ./rzn/fsp/src/r_cmt/r_cmt.o
                0x1001ad00                R_CMT_DutyCycleSet
 .text.R_CMT_StatusGet
                0x1001ad04       0x38 ./rzn/fsp/src/r_cmt/r_cmt.o
                0x1001ad04                R_CMT_StatusGet
 .text.R_CMT_CallbackSet
                0x1001ad3c        0xa ./rzn/fsp/src/r_cmt/r_cmt.o
                0x1001ad3c                R_CMT_CallbackSet
 .text.R_CMT_InfoGet
                0x1001ad46       0x6c ./rzn/fsp/src/r_cmt/r_cmt.o
                0x1001ad46                R_CMT_InfoGet
 .text.R_CMT_Open
                0x1001adb2      0x17e ./rzn/fsp/src/r_cmt/r_cmt.o
                0x1001adb2                R_CMT_Open
 .text.R_CMT_Close
                0x1001af30       0x94 ./rzn/fsp/src/r_cmt/r_cmt.o
                0x1001af30                R_CMT_Close
 .text.cmt_cm_int_isr
                0x1001afc4       0xc0 ./rzn/fsp/src/r_cmt/r_cmt.o
                0x1001afc4                cmt_cm_int_isr
 .text.r_bsp_software_delay_loop
                0x1001b084        0xa ./rzn/fsp/src/bsp/mcu/all/cr/bsp_delay_core.o
                0x1001b084                r_bsp_software_delay_loop
 *fill*         0x1001b08e        0x2 
 .text.bsp_irq_core_cfg
                0x1001b090       0x58 ./rzn/fsp/src/bsp/mcu/all/cr/bsp_irq_core.o
                0x1001b090                bsp_irq_core_cfg
 .text.bsp_common_interrupt_handler
                0x1001b0e8       0x64 ./rzn/fsp/src/bsp/mcu/all/cr/bsp_irq_core.o
                0x1001b0e8                bsp_common_interrupt_handler
 .text.R_BSP_CacheEnableInst
                0x1001b14c       0x16 ./rzn/fsp/src/bsp/mcu/all/bsp_cache.o
                0x1001b14c                R_BSP_CacheEnableInst
 .text.R_BSP_CacheEnableData
                0x1001b162       0x16 ./rzn/fsp/src/bsp/mcu/all/bsp_cache.o
                0x1001b162                R_BSP_CacheEnableData
 .text.R_BSP_CacheEnableMemoryProtect
                0x1001b178       0x16 ./rzn/fsp/src/bsp/mcu/all/bsp_cache.o
                0x1001b178                R_BSP_CacheEnableMemoryProtect
 .text.R_BSP_CacheInvalidateAll
                0x1001b18e       0xa2 ./rzn/fsp/src/bsp/mcu/all/bsp_cache.o
                0x1001b18e                R_BSP_CacheInvalidateAll
 .text.SystemCoreClockUpdate
                0x1001b230       0x34 ./rzn/fsp/src/bsp/mcu/all/bsp_clocks.o
                0x1001b230                SystemCoreClockUpdate
 .text.bsp_clock_init
                0x1001b264      0x1fc ./rzn/fsp/src/bsp/mcu/all/bsp_clocks.o
                0x1001b264                bsp_clock_init
 .text.R_BSP_SoftwareDelay
                0x1001b460       0xca ./rzn/fsp/src/bsp/mcu/all/bsp_delay.o
                0x1001b460                R_BSP_SoftwareDelay
 .text.bsp_irq_cfg
                0x1001b52a        0x8 ./rzn/fsp/src/bsp/mcu/all/bsp_irq.o
                0x1001b52a                bsp_irq_cfg
 .text.R_BSP_RegisterProtectEnable
                0x1001b532       0x72 ./rzn/fsp/src/bsp/mcu/all/bsp_register_protection.o
                0x1001b532                R_BSP_RegisterProtectEnable
 .text.R_BSP_RegisterProtectDisable
                0x1001b5a4       0x5e ./rzn/fsp/src/bsp/mcu/all/bsp_register_protection.o
                0x1001b5a4                R_BSP_RegisterProtectDisable
 .text.R_BSP_SystemReset
                0x1001b602       0x14 ./rzn/fsp/src/bsp/mcu/all/bsp_reset.o
                0x1001b602                R_BSP_SystemReset
 .text.R_BSP_ModuleResetEnable
                0x1001b616       0x34 ./rzn/fsp/src/bsp/mcu/all/bsp_reset.o
                0x1001b616                R_BSP_ModuleResetEnable
 .text.R_BSP_ModuleResetDisable
                0x1001b64a       0x42 ./rzn/fsp/src/bsp/mcu/all/bsp_reset.o
                0x1001b64a                R_BSP_ModuleResetDisable
 .text._sbrk    0x1001b68c       0x5e ./rzn/fsp/src/bsp/mcu/all/bsp_sbrk.o
                0x1001b68c                _sbrk
 .text.Default_Handler
                0x1001b6ea        0x4 ./rzn/fsp/src/bsp/cmsis/Device/RENESAS/Source/cr/startup_core.o
                0x1001b6ea                Abort_Handler
                0x1001b6ea                Default_Handler
                0x1001b6ea                Prefetch_Handler
                0x1001b6ea                Reserved_Handler
                0x1001b6ea                SVC_Handler
                0x1001b6ea                FIQ_Handler
                0x1001b6ea                Undefined_Handler
 *fill*         0x1001b6ee        0x2 
 .text.stack_init
                0x1001b6f0       0x64 ./rzn/fsp/src/bsp/cmsis/Device/RENESAS/Source/cr/startup_core.o
                0x1001b6f0                stack_init
 .text.fpu_slavetcm_init
                0x1001b754       0x14 ./rzn/fsp/src/bsp/cmsis/Device/RENESAS/Source/cr/startup_core.o
                0x1001b754                fpu_slavetcm_init
 .text.IRQ_Handler
                0x1001b768       0x78 ./rzn/fsp/src/bsp/cmsis/Device/RENESAS/Source/cr/startup_core.o
                0x1001b768                IRQ_Handler
 .text.bsp_fpu_advancedsimd_init
                0x1001b7e0       0x22 ./rzn/fsp/src/bsp/cmsis/Device/RENESAS/Source/cr/system_core.o
                0x1001b7e0                bsp_fpu_advancedsimd_init
 .text.bsp_slavetcm_enable
                0x1001b802       0x16 ./rzn/fsp/src/bsp/cmsis/Device/RENESAS/Source/cr/system_core.o
                0x1001b802                bsp_slavetcm_enable
 .text.bsp_mpu_init
                0x1001b818       0x1a ./rzn/fsp/src/bsp/cmsis/Device/RENESAS/Source/cr/system_core.o
                0x1001b818                bsp_mpu_init
 *fill*         0x1001b832        0x2 
 .text.bsp_memory_protect_setting
                0x1001b834       0x60 ./rzn/fsp/src/bsp/cmsis/Device/RENESAS/Source/cr/system_core.o
                0x1001b834                bsp_memory_protect_setting
 .text.bsp_irq_cfg_common
                0x1001b894       0x1e ./rzn/fsp/src/bsp/cmsis/Device/RENESAS/Source/cr/system_core.o
                0x1001b894                bsp_irq_cfg_common
 .text.SystemInit
                0x1001b8b2       0x72 ./rzn/fsp/src/bsp/cmsis/Device/RENESAS/Source/startup.o
                0x1001b8b2                SystemInit
 .text.bsp_master_mpu_init
                0x1001b924      0x15c ./rzn/fsp/src/bsp/cmsis/Device/RENESAS/Source/system.o
                0x1001b924                bsp_master_mpu_init
 .text.bsp_global_system_counter_init
                0x1001ba80       0x28 ./rzn/fsp/src/bsp/cmsis/Device/RENESAS/Source/system.o
                0x1001ba80                bsp_global_system_counter_init
 .text.bsp_copy_multibyte
                0x1001baa8       0x4c ./rzn/fsp/src/bsp/cmsis/Device/RENESAS/Source/system.o
                0x1001baa8                bsp_copy_multibyte
 .text.bsp_bss_init_multibyte
                0x1001baf4       0x3a ./rzn/fsp/src/bsp/cmsis/Device/RENESAS/Source/system.o
                0x1001baf4                bsp_bss_init_multibyte
 .text.bsp_tfu_init
                0x1001bb2e       0x44 ./rzn/fsp/src/bsp/cmsis/Device/RENESAS/Source/system.o
                0x1001bb2e                bsp_tfu_init
 .text.bsp_static_constructor_init
                0x1001bb72       0x54 ./rzn/fsp/src/bsp/cmsis/Device/RENESAS/Source/system.o
                0x1001bb72                bsp_static_constructor_init
 *fill*         0x1001bbc6        0x2 
 .text          0x1001bbc8       0x30 d:/program files/gcc/arm gnu toolchain arm-none-eabi/12.2 rel1/bin/../lib/gcc/arm-none-eabi/12.2.1/thumb/v7+fp/hard\libgcc.a(_aeabi_uldivmod.o)
                0x1001bbc8                __aeabi_uldivmod
 .text.__udivmoddi4
                0x1001bbf8      0x108 d:/program files/gcc/arm gnu toolchain arm-none-eabi/12.2 rel1/bin/../lib/gcc/arm-none-eabi/12.2.1/thumb/v7+fp/hard\libgcc.a(_udivmoddi4.o)
                0x1001bbf8                __udivmoddi4
 .text          0x1001bd00        0x4 d:/program files/gcc/arm gnu toolchain arm-none-eabi/12.2 rel1/bin/../lib/gcc/arm-none-eabi/12.2.1/thumb/v7+fp/hard\libgcc.a(_dvmd_tls.o)
                0x1001bd00                __aeabi_idiv0
                0x1001bd00                __aeabi_ldiv0
 .text.malloc   0x1001bd04       0x10 d:/program files/gcc/arm gnu toolchain arm-none-eabi/12.2 rel1/bin/../lib/gcc/arm-none-eabi/12.2.1/thumb/v7+fp/hard\libg_nano.a(libc_a-malloc.o)
                0x1001bd04                malloc
 .text.free     0x1001bd14       0x10 d:/program files/gcc/arm gnu toolchain arm-none-eabi/12.2 rel1/bin/../lib/gcc/arm-none-eabi/12.2.1/thumb/v7+fp/hard\libg_nano.a(libc_a-malloc.o)
                0x1001bd14                free
 .text.sbrk_aligned
                0x1001bd24       0x44 d:/program files/gcc/arm gnu toolchain arm-none-eabi/12.2 rel1/bin/../lib/gcc/arm-none-eabi/12.2.1/thumb/v7+fp/hard\libg_nano.a(libc_a-mallocr.o)
 .text._malloc_r
                0x1001bd68       0xec d:/program files/gcc/arm gnu toolchain arm-none-eabi/12.2 rel1/bin/../lib/gcc/arm-none-eabi/12.2.1/thumb/v7+fp/hard\libg_nano.a(libc_a-mallocr.o)
                0x1001bd68                _malloc_r
 .text.__malloc_lock
                0x1001be54        0xc d:/program files/gcc/arm gnu toolchain arm-none-eabi/12.2 rel1/bin/../lib/gcc/arm-none-eabi/12.2.1/thumb/v7+fp/hard\libg_nano.a(libc_a-mlock.o)
                0x1001be54                __malloc_lock
 .text.__malloc_unlock
                0x1001be60        0xc d:/program files/gcc/arm gnu toolchain arm-none-eabi/12.2 rel1/bin/../lib/gcc/arm-none-eabi/12.2.1/thumb/v7+fp/hard\libg_nano.a(libc_a-mlock.o)
                0x1001be60                __malloc_unlock
 .text.__cvt    0x1001be6c       0xb4 d:/program files/gcc/arm gnu toolchain arm-none-eabi/12.2 rel1/bin/../lib/gcc/arm-none-eabi/12.2.1/thumb/v7+fp/hard\libg_nano.a(libc_a-nano-vfprintf_float.o)
                0x1001be6c                __cvt
 .text.__exponent
                0x1001bf20       0x84 d:/program files/gcc/arm gnu toolchain arm-none-eabi/12.2 rel1/bin/../lib/gcc/arm-none-eabi/12.2.1/thumb/v7+fp/hard\libg_nano.a(libc_a-nano-vfprintf_float.o)
                0x1001bf20                __exponent
 *fill*         0x1001bfa4        0x4 
 .text._printf_float
                0x1001bfa8      0x44c d:/program files/gcc/arm gnu toolchain arm-none-eabi/12.2 rel1/bin/../lib/gcc/arm-none-eabi/12.2.1/thumb/v7+fp/hard\libg_nano.a(libc_a-nano-vfprintf_float.o)
                0x1001bfa8                _printf_float
 .text._printf_common
                0x1001c3f4       0xe4 d:/program files/gcc/arm gnu toolchain arm-none-eabi/12.2 rel1/bin/../lib/gcc/arm-none-eabi/12.2.1/thumb/v7+fp/hard\libg_nano.a(libc_a-nano-vfprintf_i.o)
                0x1001c3f4                _printf_common
 .text._printf_i
                0x1001c4d8      0x260 d:/program files/gcc/arm gnu toolchain arm-none-eabi/12.2 rel1/bin/../lib/gcc/arm-none-eabi/12.2.1/thumb/v7+fp/hard\libg_nano.a(libc_a-nano-vfprintf_i.o)
                0x1001c4d8                _printf_i
 .text.printf   0x1001c738       0x24 d:/program files/gcc/arm gnu toolchain arm-none-eabi/12.2 rel1/bin/../lib/gcc/arm-none-eabi/12.2.1/thumb/v7+fp/hard\libg_nano.a(libc_a-printf.o)
                0x1001c738                iprintf
                0x1001c738                printf
 .text._puts_r  0x1001c75c       0xaa d:/program files/gcc/arm gnu toolchain arm-none-eabi/12.2 rel1/bin/../lib/gcc/arm-none-eabi/12.2.1/thumb/v7+fp/hard\libg_nano.a(libc_a-puts.o)
                0x1001c75c                _puts_r
 *fill*         0x1001c806        0x2 
 .text.puts     0x1001c808       0x10 d:/program files/gcc/arm gnu toolchain arm-none-eabi/12.2 rel1/bin/../lib/gcc/arm-none-eabi/12.2.1/thumb/v7+fp/hard\libg_nano.a(libc_a-puts.o)
                0x1001c808                puts
 .text.__swbuf_r
                0x1001c818       0x7c d:/program files/gcc/arm gnu toolchain arm-none-eabi/12.2 rel1/bin/../lib/gcc/arm-none-eabi/12.2.1/thumb/v7+fp/hard\libg_nano.a(libc_a-wbuf.o)
                0x1001c818                __swbuf_r
 .text.__swsetup_r
                0x1001c894       0xac d:/program files/gcc/arm gnu toolchain arm-none-eabi/12.2 rel1/bin/../lib/gcc/arm-none-eabi/12.2.1/thumb/v7+fp/hard\libg_nano.a(libc_a-wsetup.o)
                0x1001c894                __swsetup_r
 .text.memcmp   0x1001c940       0x20 d:/program files/gcc/arm gnu toolchain arm-none-eabi/12.2 rel1/bin/../lib/gcc/arm-none-eabi/12.2.1/thumb/v7+fp/hard\libg_nano.a(libc_a-memcmp.o)
                0x1001c940                memcmp
 .text.memset   0x1001c960       0x10 d:/program files/gcc/arm gnu toolchain arm-none-eabi/12.2 rel1/bin/../lib/gcc/arm-none-eabi/12.2.1/thumb/v7+fp/hard\libg_nano.a(libc_a-memset.o)
                0x1001c960                memset
 .text._localeconv_r
                0x1001c970        0x8 d:/program files/gcc/arm gnu toolchain arm-none-eabi/12.2 rel1/bin/../lib/gcc/arm-none-eabi/12.2.1/thumb/v7+fp/hard\libg_nano.a(libc_a-localeconv.o)
                0x1001c970                _localeconv_r
 .text._sbrk_r  0x1001c978       0x20 d:/program files/gcc/arm gnu toolchain arm-none-eabi/12.2 rel1/bin/../lib/gcc/arm-none-eabi/12.2.1/thumb/v7+fp/hard\libg_nano.a(libc_a-sbrkr.o)
                0x1001c978                _sbrk_r
 .text.__errno  0x1001c998        0xc d:/program files/gcc/arm gnu toolchain arm-none-eabi/12.2 rel1/bin/../lib/gcc/arm-none-eabi/12.2.1/thumb/v7+fp/hard\libg_nano.a(libc_a-errno.o)
                0x1001c998                __errno
 .text.__retarget_lock_init_recursive
                0x1001c9a4        0x2 d:/program files/gcc/arm gnu toolchain arm-none-eabi/12.2 rel1/bin/../lib/gcc/arm-none-eabi/12.2.1/thumb/v7+fp/hard\libg_nano.a(libc_a-lock.o)
                0x1001c9a4                __retarget_lock_init_recursive
 .text.__retarget_lock_acquire_recursive
                0x1001c9a6        0x2 d:/program files/gcc/arm gnu toolchain arm-none-eabi/12.2 rel1/bin/../lib/gcc/arm-none-eabi/12.2.1/thumb/v7+fp/hard\libg_nano.a(libc_a-lock.o)
                0x1001c9a6                __retarget_lock_acquire_recursive
 .text.__retarget_lock_release_recursive
                0x1001c9a8        0x2 d:/program files/gcc/arm gnu toolchain arm-none-eabi/12.2 rel1/bin/../lib/gcc/arm-none-eabi/12.2.1/thumb/v7+fp/hard\libg_nano.a(libc_a-lock.o)
                0x1001c9a8                __retarget_lock_release_recursive
 .text.memchr   0x1001c9aa       0x1c d:/program files/gcc/arm gnu toolchain arm-none-eabi/12.2 rel1/bin/../lib/gcc/arm-none-eabi/12.2.1/thumb/v7+fp/hard\libg_nano.a(libc_a-memchr-stub.o)
                0x1001c9aa                memchr
 .text.memcpy   0x1001c9c6       0x1a d:/program files/gcc/arm gnu toolchain arm-none-eabi/12.2 rel1/bin/../lib/gcc/arm-none-eabi/12.2.1/thumb/v7+fp/hard\libg_nano.a(libc_a-memcpy-stub.o)
                0x1001c9c6                memcpy
 .text          0x1001c9e0       0x10 d:/program files/gcc/arm gnu toolchain arm-none-eabi/12.2 rel1/bin/../lib/gcc/arm-none-eabi/12.2.1/thumb/v7+fp/hard\libg_nano.a(libc_a-strlen.o)
                0x1001c9e0                strlen
 .text.quorem   0x1001c9f0      0x128 d:/program files/gcc/arm gnu toolchain arm-none-eabi/12.2 rel1/bin/../lib/gcc/arm-none-eabi/12.2.1/thumb/v7+fp/hard\libg_nano.a(libc_a-dtoa.o)
 .text._dtoa_r  0x1001cb18      0xb18 d:/program files/gcc/arm gnu toolchain arm-none-eabi/12.2 rel1/bin/../lib/gcc/arm-none-eabi/12.2.1/thumb/v7+fp/hard\libg_nano.a(libc_a-dtoa.o)
                0x1001cb18                _dtoa_r
 .text._free_r  0x1001d630       0x94 d:/program files/gcc/arm gnu toolchain arm-none-eabi/12.2 rel1/bin/../lib/gcc/arm-none-eabi/12.2.1/thumb/v7+fp/hard\libg_nano.a(libc_a-freer.o)
                0x1001d630                _free_r
 .text._Balloc  0x1001d6c4       0x80 d:/program files/gcc/arm gnu toolchain arm-none-eabi/12.2 rel1/bin/../lib/gcc/arm-none-eabi/12.2.1/thumb/v7+fp/hard\libg_nano.a(libc_a-mprec.o)
                0x1001d6c4                _Balloc
 .text._Bfree   0x1001d744       0x44 d:/program files/gcc/arm gnu toolchain arm-none-eabi/12.2 rel1/bin/../lib/gcc/arm-none-eabi/12.2.1/thumb/v7+fp/hard\libg_nano.a(libc_a-mprec.o)
                0x1001d744                _Bfree
 .text.__multadd
                0x1001d788       0x90 d:/program files/gcc/arm gnu toolchain arm-none-eabi/12.2 rel1/bin/../lib/gcc/arm-none-eabi/12.2.1/thumb/v7+fp/hard\libg_nano.a(libc_a-mprec.o)
                0x1001d788                __multadd
 .text.__hi0bits
                0x1001d818       0x44 d:/program files/gcc/arm gnu toolchain arm-none-eabi/12.2 rel1/bin/../lib/gcc/arm-none-eabi/12.2.1/thumb/v7+fp/hard\libg_nano.a(libc_a-mprec.o)
                0x1001d818                __hi0bits
 .text.__lo0bits
                0x1001d85c       0x58 d:/program files/gcc/arm gnu toolchain arm-none-eabi/12.2 rel1/bin/../lib/gcc/arm-none-eabi/12.2.1/thumb/v7+fp/hard\libg_nano.a(libc_a-mprec.o)
                0x1001d85c                __lo0bits
 .text.__i2b    0x1001d8b4       0x2c d:/program files/gcc/arm gnu toolchain arm-none-eabi/12.2 rel1/bin/../lib/gcc/arm-none-eabi/12.2.1/thumb/v7+fp/hard\libg_nano.a(libc_a-mprec.o)
                0x1001d8b4                __i2b
 .text.__multiply
                0x1001d8e0      0x154 d:/program files/gcc/arm gnu toolchain arm-none-eabi/12.2 rel1/bin/../lib/gcc/arm-none-eabi/12.2.1/thumb/v7+fp/hard\libg_nano.a(libc_a-mprec.o)
                0x1001d8e0                __multiply
 .text.__pow5mult
                0x1001da34       0xb4 d:/program files/gcc/arm gnu toolchain arm-none-eabi/12.2 rel1/bin/../lib/gcc/arm-none-eabi/12.2.1/thumb/v7+fp/hard\libg_nano.a(libc_a-mprec.o)
                0x1001da34                __pow5mult
 .text.__lshift
                0x1001dae8       0xd8 d:/program files/gcc/arm gnu toolchain arm-none-eabi/12.2 rel1/bin/../lib/gcc/arm-none-eabi/12.2.1/thumb/v7+fp/hard\libg_nano.a(libc_a-mprec.o)
                0x1001dae8                __lshift
 .text.__mcmp   0x1001dbc0       0x36 d:/program files/gcc/arm gnu toolchain arm-none-eabi/12.2 rel1/bin/../lib/gcc/arm-none-eabi/12.2.1/thumb/v7+fp/hard\libg_nano.a(libc_a-mprec.o)
                0x1001dbc0                __mcmp
 *fill*         0x1001dbf6        0x2 
 .text.__mdiff  0x1001dbf8      0x12c d:/program files/gcc/arm gnu toolchain arm-none-eabi/12.2 rel1/bin/../lib/gcc/arm-none-eabi/12.2.1/thumb/v7+fp/hard\libg_nano.a(libc_a-mprec.o)
                0x1001dbf8                __mdiff
 .text.__d2b    0x1001dd24       0xb0 d:/program files/gcc/arm gnu toolchain arm-none-eabi/12.2 rel1/bin/../lib/gcc/arm-none-eabi/12.2.1/thumb/v7+fp/hard\libg_nano.a(libc_a-mprec.o)
                0x1001dd24                __d2b
 .text.__sfputc_r
                0x1001ddd4       0x2e d:/program files/gcc/arm gnu toolchain arm-none-eabi/12.2 rel1/bin/../lib/gcc/arm-none-eabi/12.2.1/thumb/v7+fp/hard\libg_nano.a(libc_a-nano-vfprintf.o)
 .text.__sfputs_r
                0x1001de02       0x24 d:/program files/gcc/arm gnu toolchain arm-none-eabi/12.2 rel1/bin/../lib/gcc/arm-none-eabi/12.2.1/thumb/v7+fp/hard\libg_nano.a(libc_a-nano-vfprintf.o)
                0x1001de02                __sfputs_r
 *fill*         0x1001de26        0x2 
 .text._vfprintf_r
                0x1001de28      0x230 d:/program files/gcc/arm gnu toolchain arm-none-eabi/12.2 rel1/bin/../lib/gcc/arm-none-eabi/12.2.1/thumb/v7+fp/hard\libg_nano.a(libc_a-nano-vfprintf.o)
                0x1001de28                _vfprintf_r
                0x1001de28                _vfiprintf_r
 .text.__sflush_r
                0x1001e058      0x108 d:/program files/gcc/arm gnu toolchain arm-none-eabi/12.2 rel1/bin/../lib/gcc/arm-none-eabi/12.2.1/thumb/v7+fp/hard\libg_nano.a(libc_a-fflush.o)
                0x1001e058                __sflush_r
 .text._fflush_r
                0x1001e160       0x50 d:/program files/gcc/arm gnu toolchain arm-none-eabi/12.2 rel1/bin/../lib/gcc/arm-none-eabi/12.2.1/thumb/v7+fp/hard\libg_nano.a(libc_a-fflush.o)
                0x1001e160                _fflush_r
 .text.std      0x1001e1b0       0x6c d:/program files/gcc/arm gnu toolchain arm-none-eabi/12.2 rel1/bin/../lib/gcc/arm-none-eabi/12.2.1/thumb/v7+fp/hard\libg_nano.a(libc_a-findfp.o)
 .text.stdio_exit_handler
                0x1001e21c       0x18 d:/program files/gcc/arm gnu toolchain arm-none-eabi/12.2 rel1/bin/../lib/gcc/arm-none-eabi/12.2.1/thumb/v7+fp/hard\libg_nano.a(libc_a-findfp.o)
 .text.cleanup_stdio
                0x1001e234       0x40 d:/program files/gcc/arm gnu toolchain arm-none-eabi/12.2 rel1/bin/../lib/gcc/arm-none-eabi/12.2.1/thumb/v7+fp/hard\libg_nano.a(libc_a-findfp.o)
 .text.global_stdio_init.part.0
                0x1001e274       0x3c d:/program files/gcc/arm gnu toolchain arm-none-eabi/12.2 rel1/bin/../lib/gcc/arm-none-eabi/12.2.1/thumb/v7+fp/hard\libg_nano.a(libc_a-findfp.o)
 .text.__sfp_lock_acquire
                0x1001e2b0        0xc d:/program files/gcc/arm gnu toolchain arm-none-eabi/12.2 rel1/bin/../lib/gcc/arm-none-eabi/12.2.1/thumb/v7+fp/hard\libg_nano.a(libc_a-findfp.o)
                0x1001e2b0                __sfp_lock_acquire
 .text.__sfp_lock_release
                0x1001e2bc        0xc d:/program files/gcc/arm gnu toolchain arm-none-eabi/12.2 rel1/bin/../lib/gcc/arm-none-eabi/12.2.1/thumb/v7+fp/hard\libg_nano.a(libc_a-findfp.o)
                0x1001e2bc                __sfp_lock_release
 .text.__sinit  0x1001e2c8       0x30 d:/program files/gcc/arm gnu toolchain arm-none-eabi/12.2 rel1/bin/../lib/gcc/arm-none-eabi/12.2.1/thumb/v7+fp/hard\libg_nano.a(libc_a-findfp.o)
                0x1001e2c8                __sinit
 .text._fwalk_sglue
                0x1001e2f8       0x3c d:/program files/gcc/arm gnu toolchain arm-none-eabi/12.2 rel1/bin/../lib/gcc/arm-none-eabi/12.2.1/thumb/v7+fp/hard\libg_nano.a(libc_a-fwalk.o)
                0x1001e2f8                _fwalk_sglue
 .text.__swhatbuf_r
                0x1001e334       0x4a d:/program files/gcc/arm gnu toolchain arm-none-eabi/12.2 rel1/bin/../lib/gcc/arm-none-eabi/12.2.1/thumb/v7+fp/hard\libg_nano.a(libc_a-makebuf.o)
                0x1001e334                __swhatbuf_r
 .text.__smakebuf_r
                0x1001e37e       0x78 d:/program files/gcc/arm gnu toolchain arm-none-eabi/12.2 rel1/bin/../lib/gcc/arm-none-eabi/12.2.1/thumb/v7+fp/hard\libg_nano.a(libc_a-makebuf.o)
                0x1001e37e                __smakebuf_r
 .text.__sread  0x1001e3f6       0x22 d:/program files/gcc/arm gnu toolchain arm-none-eabi/12.2 rel1/bin/../lib/gcc/arm-none-eabi/12.2.1/thumb/v7+fp/hard\libg_nano.a(libc_a-stdio.o)
                0x1001e3f6                __sread
 .text.__swrite
                0x1001e418       0x38 d:/program files/gcc/arm gnu toolchain arm-none-eabi/12.2 rel1/bin/../lib/gcc/arm-none-eabi/12.2.1/thumb/v7+fp/hard\libg_nano.a(libc_a-stdio.o)
                0x1001e418                __swrite
 .text.__sseek  0x1001e450       0x24 d:/program files/gcc/arm gnu toolchain arm-none-eabi/12.2 rel1/bin/../lib/gcc/arm-none-eabi/12.2.1/thumb/v7+fp/hard\libg_nano.a(libc_a-stdio.o)
                0x1001e450                __sseek
 .text.__sclose
                0x1001e474        0x8 d:/program files/gcc/arm gnu toolchain arm-none-eabi/12.2 rel1/bin/../lib/gcc/arm-none-eabi/12.2.1/thumb/v7+fp/hard\libg_nano.a(libc_a-stdio.o)
                0x1001e474                __sclose
 .text._close_r
                0x1001e47c       0x20 d:/program files/gcc/arm gnu toolchain arm-none-eabi/12.2 rel1/bin/../lib/gcc/arm-none-eabi/12.2.1/thumb/v7+fp/hard\libg_nano.a(libc_a-closer.o)
                0x1001e47c                _close_r
 .text._fstat_r
                0x1001e49c       0x24 d:/program files/gcc/arm gnu toolchain arm-none-eabi/12.2 rel1/bin/../lib/gcc/arm-none-eabi/12.2.1/thumb/v7+fp/hard\libg_nano.a(libc_a-fstatr.o)
                0x1001e49c                _fstat_r
 .text._isatty_r
                0x1001e4c0       0x20 d:/program files/gcc/arm gnu toolchain arm-none-eabi/12.2 rel1/bin/../lib/gcc/arm-none-eabi/12.2.1/thumb/v7+fp/hard\libg_nano.a(libc_a-isattyr.o)
                0x1001e4c0                _isatty_r
 .text._lseek_r
                0x1001e4e0       0x24 d:/program files/gcc/arm gnu toolchain arm-none-eabi/12.2 rel1/bin/../lib/gcc/arm-none-eabi/12.2.1/thumb/v7+fp/hard\libg_nano.a(libc_a-lseekr.o)
                0x1001e4e0                _lseek_r
 .text._read_r  0x1001e504       0x24 d:/program files/gcc/arm gnu toolchain arm-none-eabi/12.2 rel1/bin/../lib/gcc/arm-none-eabi/12.2.1/thumb/v7+fp/hard\libg_nano.a(libc_a-readr.o)
                0x1001e504                _read_r
 .text._write_r
                0x1001e528       0x24 d:/program files/gcc/arm gnu toolchain arm-none-eabi/12.2 rel1/bin/../lib/gcc/arm-none-eabi/12.2.1/thumb/v7+fp/hard\libg_nano.a(libc_a-writer.o)
                0x1001e528                _write_r
 .text.__assert_func
                0x1001e54c       0x3c d:/program files/gcc/arm gnu toolchain arm-none-eabi/12.2 rel1/bin/../lib/gcc/arm-none-eabi/12.2.1/thumb/v7+fp/hard\libg_nano.a(libc_a-assert.o)
                0x1001e54c                __assert_func
 .text._calloc_r
                0x1001e588       0x28 d:/program files/gcc/arm gnu toolchain arm-none-eabi/12.2 rel1/bin/../lib/gcc/arm-none-eabi/12.2.1/thumb/v7+fp/hard\libg_nano.a(libc_a-callocr.o)
                0x1001e588                _calloc_r
 .text.__ascii_mbtowc
                0x1001e5b0       0x24 d:/program files/gcc/arm gnu toolchain arm-none-eabi/12.2 rel1/bin/../lib/gcc/arm-none-eabi/12.2.1/thumb/v7+fp/hard\libg_nano.a(libc_a-mbtowc_r.o)
                0x1001e5b0                __ascii_mbtowc
 .text.__ascii_wctomb
                0x1001e5d4       0x1a d:/program files/gcc/arm gnu toolchain arm-none-eabi/12.2 rel1/bin/../lib/gcc/arm-none-eabi/12.2.1/thumb/v7+fp/hard\libg_nano.a(libc_a-wctomb_r.o)
                0x1001e5d4                __ascii_wctomb
 *fill*         0x1001e5ee        0x2 
 .text.fprintf  0x1001e5f0       0x24 d:/program files/gcc/arm gnu toolchain arm-none-eabi/12.2 rel1/bin/../lib/gcc/arm-none-eabi/12.2.1/thumb/v7+fp/hard\libg_nano.a(libc_a-fprintf.o)
                0x1001e5f0                fiprintf
                0x1001e5f0                fprintf
 .text.abort    0x1001e614        0xe d:/program files/gcc/arm gnu toolchain arm-none-eabi/12.2 rel1/bin/../lib/gcc/arm-none-eabi/12.2.1/thumb/v7+fp/hard\libg_nano.a(libc_a-abort.o)
                0x1001e614                abort
 .text._raise_r
                0x1001e622       0x50 d:/program files/gcc/arm gnu toolchain arm-none-eabi/12.2 rel1/bin/../lib/gcc/arm-none-eabi/12.2.1/thumb/v7+fp/hard\libg_nano.a(libc_a-signal.o)
                0x1001e622                _raise_r
 *fill*         0x1001e672        0x2 
 .text.raise    0x1001e674       0x10 d:/program files/gcc/arm gnu toolchain arm-none-eabi/12.2 rel1/bin/../lib/gcc/arm-none-eabi/12.2.1/thumb/v7+fp/hard\libg_nano.a(libc_a-signal.o)
                0x1001e674                raise
 .text._kill_r  0x1001e684       0x24 d:/program files/gcc/arm gnu toolchain arm-none-eabi/12.2 rel1/bin/../lib/gcc/arm-none-eabi/12.2.1/thumb/v7+fp/hard\libg_nano.a(libc_a-signalr.o)
                0x1001e684                _kill_r
 .text._getpid_r
                0x1001e6a8        0x4 d:/program files/gcc/arm gnu toolchain arm-none-eabi/12.2 rel1/bin/../lib/gcc/arm-none-eabi/12.2.1/thumb/v7+fp/hard\libg_nano.a(libc_a-signalr.o)
                0x1001e6a8                _getpid_r
 *fill*         0x1001e6ac        0x4 
 .text          0x1001e6b0      0x278 d:/program files/gcc/arm gnu toolchain arm-none-eabi/12.2 rel1/bin/../lib/gcc/arm-none-eabi/12.2.1/thumb/v7+fp/hard\libgcc.a(_udivsi3.o)
                0x1001e6b0                __aeabi_uidiv
                0x1001e6b0                __udivsi3
                0x1001e90c                __aeabi_uidivmod
 .text          0x1001e928      0x2b0 d:/program files/gcc/arm gnu toolchain arm-none-eabi/12.2 rel1/bin/../lib/gcc/arm-none-eabi/12.2.1/thumb/v7+fp/hard\libgcc.a(_divsi3.o)
                0x1001e928                __divsi3
                0x1001e928                __aeabi_idiv
                0x1001ebbc                __aeabi_idivmod
 *(.reset_handler)
 .reset_handler
                0x1001ebd8       0x2c ./rzn/fsp/src/bsp/cmsis/Device/RENESAS/Source/cr/startup_core.o
                0x1001ebd8                Reset_Handler
 *fill*         0x1001ec04        0x4 
 .reset_handler.__stub
                0x1001ec08        0x8 linker stubs
 *(.init)
 *(.fini)
 *crtbegin.o(.ctors)
 *crtbegin?.o(.ctors)
 *(EXCLUDE_FILE(*crtend.o *crtend?.o) .ctors)
 *(SORT_BY_NAME(.ctors.*))
 *(.ctors)
                0x1001ec10                _ctor_end = .
 *crtbegin.o(.dtors)
 *crtbegin?.o(.dtors)
 *(EXCLUDE_FILE(*crtend.o *crtend?.o) .dtors)
 *(SORT_BY_NAME(.dtors.*))
 *(.dtors)
                0x1001ec10                _dtor_end = .
 *(.eh_frame*)

.glue_7         0x1001ec10        0x0 load address 0x6010ec6c
 .glue_7        0x1001ec10        0x0 linker stubs

.glue_7t        0x1001ec10        0x0 load address 0x6010ec6c
 .glue_7t       0x1001ec10        0x0 linker stubs

.vfp11_veneer   0x1001ec10        0x0 load address 0x6010ec6c
 .vfp11_veneer  0x1001ec10        0x0 linker stubs

.v4_bx          0x1001ec10        0x0 load address 0x6010ec6c
 .v4_bx         0x1001ec10        0x0 linker stubs

.iplt           0x1001ec10        0x0 load address 0x6010ec6c
 .iplt          0x1001ec10        0x0 ./src/ethercat/renesas/sampleappl.o

.warm_start     0x1001ec10       0x1e load address 0x6010ec6c
 .warm_start    0x1001ec10       0x1e ./src/hal_entry.o
                0x1001ec10                R_BSP_WarmStart

.loader_text    0x1001ec30       0x18 load address 0x6010ec8c
 .loader_text   0x1001ec30       0x18 ./rzn/fsp/src/bsp/cmsis/Device/RENESAS/Source/cr/startup_core.o
                0x1001ec30                system_init

.rvectors       0x1001ec48        0x0
                0x1001ec48                _rvectors_start = .
 *(.rvectors)
                0x1001ec48                _rvectors_end = .

.ARM.extab
 *(.ARM.extab* .gnu.linkonce.armextab.*)
                0x1001ec48                __exidx_start = .

.ARM.exidx      0x1001ec48        0x8 load address 0x6010eca4
 *(.ARM.exidx* .gnu.linkonce.armexidx.*)
 .ARM.exidx.text.__udivmoddi4
                0x1001ec48        0x8 d:/program files/gcc/arm gnu toolchain arm-none-eabi/12.2 rel1/bin/../lib/gcc/arm-none-eabi/12.2.1/thumb/v7+fp/hard\libgcc.a(_udivmoddi4.o)
                0x1001ec50                __exidx_end = .

.rel.dyn        0x1001ec50        0x0 load address 0x6010ecac
 .rel.iplt      0x1001ec50        0x0 ./src/ethercat/renesas/sampleappl.o

.got            0x1001ec50        0x0 load address 0x6010ecac
 *(.got)
 *(.got.plt)
                0x1001ec50                . = ALIGN (0x10)
 *fill*         0x1001ec50        0x0 
                0x1001ec50                _text_end = .

.data           0x1001ec50     0x3d10 load address 0x6010ecac
                0x1001ec50                _data_start = .
 *(vtable)
 *(.data.*)
 .data.FirmwareWritableBank
                0x1001ec50        0x1 ./src/ethercat/renesas/samplefoe.o
                0x1001ec50                FirmwareWritableBank
 *fill*         0x1001ec51        0x3 
 .data.DefCiA402AxisObjDic
                0x1001ec54      0x7d0 ./src/ethercat/beckhoff/Src/cia402appl.o
                0x1001ec54                DefCiA402AxisObjDic
 .data.ApplicationObjDic
                0x1001f424      0x118 ./src/ethercat/beckhoff/Src/cia402appl.o
                0x1001f424                ApplicationObjDic
 .data.DefCiA402ObjectValues
                0x1001f53c      0x18c ./src/ethercat/beckhoff/Src/cia402appl.o
                0x1001f53c                DefCiA402ObjectValues
 .data.sDetectedModuleIdentList
                0x1001f6c8        0xc ./src/ethercat/beckhoff/Src/cia402appl.o
                0x1001f6c8                sDetectedModuleIdentList
 .data.sConfiguredModuleIdentList
                0x1001f6d4        0xc ./src/ethercat/beckhoff/Src/cia402appl.o
                0x1001f6d4                sConfiguredModuleIdentList
 .data.sModuleProfileInfo
                0x1001f6e0        0xc ./src/ethercat/beckhoff/Src/cia402appl.o
                0x1001f6e0                sModuleProfileInfo
 .data.sModulardeviceprofile
                0x1001f6ec        0x6 ./src/ethercat/beckhoff/Src/cia402appl.o
                0x1001f6ec                sModulardeviceprofile
 *fill*         0x1001f6f2        0x2 
 .data.sTxPDOassign
                0x1001f6f4        0x6 ./src/ethercat/beckhoff/Src/cia402appl.o
                0x1001f6f4                sTxPDOassign
 *fill*         0x1001f6fa        0x2 
 .data.sRxPDOassign
                0x1001f6fc        0x6 ./src/ethercat/beckhoff/Src/cia402appl.o
                0x1001f6fc                sRxPDOassign
 *fill*         0x1001f702        0x2 
 .data.GenObjDic
                0x1001f704      0x1e0 ./src/ethercat/beckhoff/Src/coeappl.o
                0x1001f704                GenObjDic
 .data.sSyncmanagertype
                0x1001f8e4        0x6 ./src/ethercat/beckhoff/Src/coeappl.o
                0x1001f8e4                sSyncmanagertype
 *fill*         0x1001f8ea        0x2 
 .data.sIdentity
                0x1001f8ec       0x14 ./src/ethercat/beckhoff/Src/coeappl.o
                0x1001f8ec                sIdentity
 .data.acSoftwareversion
                0x1001f900        0x4 ./src/ethercat/beckhoff/Src/coeappl.o
                0x1001f900                acSoftwareversion
 .data.acHardwareversion
                0x1001f904        0x4 ./src/ethercat/beckhoff/Src/coeappl.o
                0x1001f904                acHardwareversion
 .data.acDevicename
                0x1001f908       0x17 ./src/ethercat/beckhoff/Src/coeappl.o
                0x1001f908                acDevicename
 *fill*         0x1001f91f        0x1 
 .data.u32Devicetype
                0x1001f920        0x4 ./src/ethercat/beckhoff/Src/coeappl.o
                0x1001f920                u32Devicetype
 .data.FoEApplicationObjDic
                0x1001f924       0x50 ./src/ethercat/beckhoff/Src/coeappl.o
                0x1001f924                FoEApplicationObjDic
 .data.aSubindexDesc
                0x1001f974        0xd ./src/ethercat/beckhoff/Src/objdef.o
                0x1001f974                aSubindexDesc
 *fill*         0x1001f981        0x3 
 .data.sErrorSettings
                0x1001f984        0xc ./src/ethercat/beckhoff/Src/objdef.o
                0x1001f984                sErrorSettings
 .data.g_current_bank
                0x1001f990        0x1 ./src/common/bank_detection.o
 *fill*         0x1001f991        0x3 
 .data.gp_ethercat_ssc_port
                0x1001f994        0x4 ./rzn_gen/common_data.o
                0x1001f994                gp_ethercat_ssc_port
 .data.g_uart0_baud_setting
                0x1001f998        0x4 ./rzn_gen/hal_data.o
                0x1001f998                g_uart0_baud_setting
 .data.g_qspi0_timing_settings
                0x1001f99c        0x3 ./rzn_gen/hal_data.o
 *fill*         0x1001f99f        0x1 
 .data._impure_ptr
                0x1001f9a0        0x4 d:/program files/gcc/arm gnu toolchain arm-none-eabi/12.2 rel1/bin/../lib/gcc/arm-none-eabi/12.2.1/thumb/v7+fp/hard\libg_nano.a(libc_a-impure.o)
                0x1001f9a0                _impure_ptr
 .data._impure_data
                0x1001f9a4       0x4c d:/program files/gcc/arm gnu toolchain arm-none-eabi/12.2 rel1/bin/../lib/gcc/arm-none-eabi/12.2.1/thumb/v7+fp/hard\libg_nano.a(libc_a-impure.o)
                0x1001f9a4                _impure_data
 .data.__sglue  0x1001f9f0        0xc d:/program files/gcc/arm gnu toolchain arm-none-eabi/12.2 rel1/bin/../lib/gcc/arm-none-eabi/12.2.1/thumb/v7+fp/hard\libg_nano.a(libc_a-findfp.o)
                0x1001f9f0                __sglue
 .data.__global_locale
                0x1001f9fc      0x16c d:/program files/gcc/arm gnu toolchain arm-none-eabi/12.2 rel1/bin/../lib/gcc/arm-none-eabi/12.2.1/thumb/v7+fp/hard\libg_nano.a(libc_a-locale.o)
                0x1001f9fc                __global_locale
 *(.data)
 *(.rodata*)
 .rodata.g_sample_dip_sws
                0x1001fb68        0x8 ./src/ethercat/renesas/sampleios.o
                0x1001fb68                g_sample_dip_sws
 .rodata.g_sample_leds
                0x1001fb70        0x8 ./src/ethercat/renesas/sampleios.o
                0x1001fb70                g_sample_leds
 .rodata.g_sample_prv_leds
                0x1001fb78        0x8 ./src/ethercat/renesas/sampleios.o
 .rodata.g_sample_prv_dip_sws
                0x1001fb80        0x8 ./src/ethercat/renesas/sampleios.o
 .rodata.BL_Start.str1.4
                0x1001fb88       0x25 ./src/ethercat/beckhoff/Src/bootmode.o
 *fill*         0x1001fbad        0x3 
 .rodata.BL_Stop.str1.4
                0x1001fbb0        0xb ./src/ethercat/beckhoff/Src/bootmode.o
 *fill*         0x1001fbbb        0x1 
 .rodata.BL_StartDownload.str1.4
                0x1001fbbc       0x7a ./src/ethercat/beckhoff/Src/bootmode.o
 *fill*         0x1001fc36        0x2 
 .rodata.BL_Data.str1.4
                0x1001fc38      0x2db ./src/ethercat/beckhoff/Src/bootmode.o
 *fill*         0x1001ff13        0x1 
 .rodata.__FUNCTION__.0
                0x1001ff14        0x8 ./src/ethercat/beckhoff/Src/bootmode.o
 .rodata.__FUNCTION__.1
                0x1001ff1c        0x9 ./src/ethercat/beckhoff/Src/bootmode.o
 *fill*         0x1001ff25        0x3 
 .rodata.aName0xF050
                0x1001ff28       0x1b ./src/ethercat/beckhoff/Src/cia402appl.o
                0x1001ff28                aName0xF050
 *fill*         0x1001ff43        0x1 
 .rodata.asEntryDesc0xF050
                0x1001ff44       0x12 ./src/ethercat/beckhoff/Src/cia402appl.o
                0x1001ff44                asEntryDesc0xF050
 *fill*         0x1001ff56        0x2 
 .rodata.aName0xF030
                0x1001ff58       0x1d ./src/ethercat/beckhoff/Src/cia402appl.o
                0x1001ff58                aName0xF030
 *fill*         0x1001ff75        0x3 
 .rodata.asEntryDesc0xF030
                0x1001ff78       0x12 ./src/ethercat/beckhoff/Src/cia402appl.o
                0x1001ff78                asEntryDesc0xF030
 *fill*         0x1001ff8a        0x2 
 .rodata.aName0xF010
                0x1001ff8c       0x14 ./src/ethercat/beckhoff/Src/cia402appl.o
                0x1001ff8c                aName0xF010
 .rodata.asEntryDesc0xF010
                0x1001ffa0       0x12 ./src/ethercat/beckhoff/Src/cia402appl.o
                0x1001ffa0                asEntryDesc0xF010
 *fill*         0x1001ffb2        0x2 
 .rodata.aName0xF000
                0x1001ffb4       0x42 ./src/ethercat/beckhoff/Src/cia402appl.o
                0x1001ffb4                aName0xF000
 *fill*         0x1001fff6        0x2 
 .rodata.asEntryDesc0xF000
                0x1001fff8       0x12 ./src/ethercat/beckhoff/Src/cia402appl.o
                0x1001fff8                asEntryDesc0xF000
 *fill*         0x1002000a        0x2 
 .rodata.aName0x6502
                0x1002000c       0x16 ./src/ethercat/beckhoff/Src/cia402appl.o
                0x1002000c                aName0x6502
 *fill*         0x10020022        0x2 
 .rodata.sEntryDesc0x6502
                0x10020024        0x6 ./src/ethercat/beckhoff/Src/cia402appl.o
                0x10020024                sEntryDesc0x6502
 *fill*         0x1002002a        0x2 
 .rodata.aName0x6402
                0x1002002c        0xb ./src/ethercat/beckhoff/Src/cia402appl.o
                0x1002002c                aName0x6402
 *fill*         0x10020037        0x1 
 .rodata.sEntryDesc0x6402
                0x10020038        0x6 ./src/ethercat/beckhoff/Src/cia402appl.o
                0x10020038                sEntryDesc0x6402
 *fill*         0x1002003e        0x2 
 .rodata.aName0x60FF
                0x10020040       0x10 ./src/ethercat/beckhoff/Src/cia402appl.o
                0x10020040                aName0x60FF
 .rodata.sEntryDesc0x60FF
                0x10020050        0x6 ./src/ethercat/beckhoff/Src/cia402appl.o
                0x10020050                sEntryDesc0x60FF
 *fill*         0x10020056        0x2 
 .rodata.aName0x60FE
                0x10020058       0x2c ./src/ethercat/beckhoff/Src/cia402appl.o
                0x10020058                aName0x60FE
 .rodata.asEntryDesc0x60FE
                0x10020084       0x12 ./src/ethercat/beckhoff/Src/cia402appl.o
                0x10020084                asEntryDesc0x60FE
 *fill*         0x10020096        0x2 
 .rodata.aName0x60FD
                0x10020098        0xf ./src/ethercat/beckhoff/Src/cia402appl.o
                0x10020098                aName0x60FD
 *fill*         0x100200a7        0x1 
 .rodata.sEntryDesc0x60FD
                0x100200a8        0x6 ./src/ethercat/beckhoff/Src/cia402appl.o
                0x100200a8                sEntryDesc0x60FD
 *fill*         0x100200ae        0x2 
 .rodata.aName0x60F4
                0x100200b0       0x1d ./src/ethercat/beckhoff/Src/cia402appl.o
                0x100200b0                aName0x60F4
 *fill*         0x100200cd        0x3 
 .rodata.sEntryDesc0x60F4
                0x100200d0        0x6 ./src/ethercat/beckhoff/Src/cia402appl.o
                0x100200d0                sEntryDesc0x60F4
 *fill*         0x100200d6        0x2 
 .rodata.aName0x60E1
                0x100200d8       0x1c ./src/ethercat/beckhoff/Src/cia402appl.o
                0x100200d8                aName0x60E1
 .rodata.sEntryDesc0x60E1
                0x100200f4        0x6 ./src/ethercat/beckhoff/Src/cia402appl.o
                0x100200f4                sEntryDesc0x60E1
 *fill*         0x100200fa        0x2 