Archive member included to satisfy reference by file (symbol)

d:/program files/gcc/arm gnu toolchain arm-none-eabi/12.2 rel1/bin/../lib/gcc/arm-none-eabi/12.2.1/thumb/v7+fp/hard\libgcc.a(_aeabi_ldivmod.o)
                              ./rzn/fsp/src/r_sci_uart/r_sci_uart.o (__aeabi_ldivmod)
d:/program files/gcc/arm gnu toolchain arm-none-eabi/12.2 rel1/bin/../lib/gcc/arm-none-eabi/12.2.1/thumb/v7+fp/hard\libgcc.a(_aeabi_uldivmod.o)
                              ./rzn/fsp/src/bsp/mcu/all/bsp_delay.o (__aeabi_uldivmod)
d:/program files/gcc/arm gnu toolchain arm-none-eabi/12.2 rel1/bin/../lib/gcc/arm-none-eabi/12.2.1/thumb/v7+fp/hard\libgcc.a(_udivmoddi4.o)
                              d:/program files/gcc/arm gnu toolchain arm-none-eabi/12.2 rel1/bin/../lib/gcc/arm-none-eabi/12.2.1/thumb/v7+fp/hard\libgcc.a(_aeabi_ldivmod.o) (__udivmoddi4)
d:/program files/gcc/arm gnu toolchain arm-none-eabi/12.2 rel1/bin/../lib/gcc/arm-none-eabi/12.2.1/thumb/v7+fp/hard\libgcc.a(_dvmd_tls.o)
                              d:/program files/gcc/arm gnu toolchain arm-none-eabi/12.2 rel1/bin/../lib/gcc/arm-none-eabi/12.2.1/thumb/v7+fp/hard\libgcc.a(_aeabi_ldivmod.o) (__aeabi_ldiv0)
d:/program files/gcc/arm gnu toolchain arm-none-eabi/12.2 rel1/bin/../lib/gcc/arm-none-eabi/12.2.1/thumb/v7+fp/hard\libg_nano.a(libc_a-nano-vfprintf_float.o)
                              (_printf_float)
d:/program files/gcc/arm gnu toolchain arm-none-eabi/12.2 rel1/bin/../lib/gcc/arm-none-eabi/12.2.1/thumb/v7+fp/hard\libg_nano.a(libc_a-nano-vfprintf_i.o)
                              d:/program files/gcc/arm gnu toolchain arm-none-eabi/12.2 rel1/bin/../lib/gcc/arm-none-eabi/12.2.1/thumb/v7+fp/hard\libg_nano.a(libc_a-nano-vfprintf_float.o) (_printf_common)
d:/program files/gcc/arm gnu toolchain arm-none-eabi/12.2 rel1/bin/../lib/gcc/arm-none-eabi/12.2.1/thumb/v7+fp/hard\libg_nano.a(libc_a-printf.o)
                              ./src/common/app_config.o (printf)
d:/program files/gcc/arm gnu toolchain arm-none-eabi/12.2 rel1/bin/../lib/gcc/arm-none-eabi/12.2.1/thumb/v7+fp/hard\libg_nano.a(libc_a-puts.o)
                              ./src/common/app_config.o (puts)
d:/program files/gcc/arm gnu toolchain arm-none-eabi/12.2 rel1/bin/../lib/gcc/arm-none-eabi/12.2.1/thumb/v7+fp/hard\libg_nano.a(libc_a-wbuf.o)
                              d:/program files/gcc/arm gnu toolchain arm-none-eabi/12.2 rel1/bin/../lib/gcc/arm-none-eabi/12.2.1/thumb/v7+fp/hard\libg_nano.a(libc_a-puts.o) (__swbuf_r)
d:/program files/gcc/arm gnu toolchain arm-none-eabi/12.2 rel1/bin/../lib/gcc/arm-none-eabi/12.2.1/thumb/v7+fp/hard\libg_nano.a(libc_a-wsetup.o)
                              d:/program files/gcc/arm gnu toolchain arm-none-eabi/12.2 rel1/bin/../lib/gcc/arm-none-eabi/12.2.1/thumb/v7+fp/hard\libg_nano.a(libc_a-puts.o) (__swsetup_r)
d:/program files/gcc/arm gnu toolchain arm-none-eabi/12.2 rel1/bin/../lib/gcc/arm-none-eabi/12.2.1/thumb/v7+fp/hard\libg_nano.a(libc_a-memcmp.o)
                              ./src/common/boot_config_cmd.o (memcmp)
d:/program files/gcc/arm gnu toolchain arm-none-eabi/12.2 rel1/bin/../lib/gcc/arm-none-eabi/12.2.1/thumb/v7+fp/hard\libg_nano.a(libc_a-memset.o)
                              ./src/common/circular_queue.o (memset)
d:/program files/gcc/arm gnu toolchain arm-none-eabi/12.2 rel1/bin/../lib/gcc/arm-none-eabi/12.2.1/thumb/v7+fp/hard\libg_nano.a(libc_a-localeconv.o)
                              d:/program files/gcc/arm gnu toolchain arm-none-eabi/12.2 rel1/bin/../lib/gcc/arm-none-eabi/12.2.1/thumb/v7+fp/hard\libg_nano.a(libc_a-nano-vfprintf_float.o) (_localeconv_r)
d:/program files/gcc/arm gnu toolchain arm-none-eabi/12.2 rel1/bin/../lib/gcc/arm-none-eabi/12.2.1/thumb/v7+fp/hard\libg_nano.a(libc_a-impure.o)
                              d:/program files/gcc/arm gnu toolchain arm-none-eabi/12.2 rel1/bin/../lib/gcc/arm-none-eabi/12.2.1/thumb/v7+fp/hard\libg_nano.a(libc_a-printf.o) (_impure_ptr)
d:/program files/gcc/arm gnu toolchain arm-none-eabi/12.2 rel1/bin/../lib/gcc/arm-none-eabi/12.2.1/thumb/v7+fp/hard\libg_nano.a(libc_a-errno.o)
                              ./src/syscall.o (__errno)
d:/program files/gcc/arm gnu toolchain arm-none-eabi/12.2 rel1/bin/../lib/gcc/arm-none-eabi/12.2.1/thumb/v7+fp/hard\libg_nano.a(libc_a-lock.o)
                              d:/program files/gcc/arm gnu toolchain arm-none-eabi/12.2 rel1/bin/../lib/gcc/arm-none-eabi/12.2.1/thumb/v7+fp/hard\libg_nano.a(libc_a-puts.o) (__retarget_lock_acquire_recursive)
d:/program files/gcc/arm gnu toolchain arm-none-eabi/12.2 rel1/bin/../lib/gcc/arm-none-eabi/12.2.1/thumb/v7+fp/hard\libg_nano.a(libc_a-memchr-stub.o)
                              d:/program files/gcc/arm gnu toolchain arm-none-eabi/12.2 rel1/bin/../lib/gcc/arm-none-eabi/12.2.1/thumb/v7+fp/hard\libg_nano.a(libc_a-nano-vfprintf_i.o) (memchr)
d:/program files/gcc/arm gnu toolchain arm-none-eabi/12.2 rel1/bin/../lib/gcc/arm-none-eabi/12.2.1/thumb/v7+fp/hard\libg_nano.a(libc_a-memcpy-stub.o)
[...]
Memory Configuration

Name             Origin             Length             Attributes
ATCM             0x00000000         0x00020000
BTCM             0x00100000         0x00020000
SYSTEM_RAM       0x10000000         0x00180000
SYSTEM_RAM_MIRROR 0x30000000         0x00180000
xSPI0_CS0_SPACE_MIRROR 0x40000000         0x04000000
xSPI0_CS1_SPACE_MIRROR 0x44000000         0x04000000
xSPI1_CS0_SPACE_MIRROR 0x48000000         0x04000000
xSPI1_CS1_SPACE_MIRROR 0x00000000         0x00000000
CS0_SPACE_MIRROR 0x50000000         0x04000000
CS2_SPACE_MIRROR 0x54000000         0x04000000
CS3_SPACE_MIRROR 0x58000000         0x04000000
CS5_SPACE_MIRROR 0x5c000000         0x04000000
xSPI0_CS0_SPACE  0x60000000         0x04000000
xSPI0_CS1_SPACE  0x64000000         0x04000000
xSPI1_CS0_SPACE  0x68000000         0x04000000
xSPI1_CS1_SPACE  0x00000000         0x00000000
CS0_SPACE        0x70000000         0x04000000
CS2_SPACE        0x74000000         0x04000000
CS3_SPACE        0x78000000         0x04000000
CS5_SPACE        0x7c000000         0x04000000
RAM              0x00000000         0x00020000
LOADER_STACK     0x00100000         0x00020000
DUMMY            0x00000000         0x00020000
DATA_NONCACHE    0x30138000         0x00004000
DMAC_LINK_MODE   0x3013c000         0x00004000
SHARED_NONCACHE_BUFFER 0x30140000         0x00020000
NONCACHE_BUFFER  0x30160000         0x00020000
*default*        0x00000000         0xffffffff

Linker script and memory map

START GROUP
LOAD ./src/common/app_config.o
LOAD ./src/common/bank_config.o
LOAD ./src/common/bank_detection.o
LOAD ./src/common/boot_config_cmd.o
LOAD ./src/common/bsp_r52_global_counter.o
LOAD ./src/common/circular_queue.o
LOAD ./src/common/crc32_table.o
LOAD ./src/common/loader_table_manager.o
LOAD ./src/common/sbl_boot_params.o
LOAD ./src/common/sbl_params.o
LOAD ./src/APP1_BANK0_Flash_section.o
LOAD ./src/APP1_BANK1_Flash_section.o
LOAD ./src/app_jump.o
LOAD ./src/hal_entry.o
LOAD ./src/loader_table.o
LOAD ./src/syscall.o
LOAD ./rzn_gen/common_data.o
LOAD ./rzn_gen/hal_data.o
LOAD ./rzn_gen/main.o
LOAD ./rzn_gen/pin_data.o
LOAD ./rzn_gen/vector_data.o
LOAD ./rzn/fsp/src/r_xspi_qspi/r_xspi_qspi.o
LOAD ./rzn/fsp/src/r_sci_uart/r_sci_uart.o
LOAD ./rzn/fsp/src/r_ioport/r_ioport.o
LOAD ./rzn/fsp/src/bsp/mcu/rzn2l/bsp_irq_sense.o
LOAD ./rzn/fsp/src/bsp/mcu/rzn2l/bsp_loader_param.o
LOAD ./rzn/fsp/src/bsp/mcu/all/cr/bsp_cache_core.o
LOAD ./rzn/fsp/src/bsp/mcu/all/cr/bsp_delay_core.o
LOAD ./rzn/fsp/src/bsp/mcu/all/cr/bsp_irq_core.o
LOAD ./rzn/fsp/src/bsp/mcu/all/bsp_cache.o
LOAD ./rzn/fsp/src/bsp/mcu/all/bsp_clocks.o
LOAD ./rzn/fsp/src/bsp/mcu/all/bsp_common.o
LOAD ./rzn/fsp/src/bsp/mcu/all/bsp_delay.o
LOAD ./rzn/fsp/src/bsp/mcu/all/bsp_io.o
LOAD ./rzn/fsp/src/bsp/mcu/all/bsp_irq.o
LOAD ./rzn/fsp/src/bsp/mcu/all/bsp_register_protection.o
LOAD ./rzn/fsp/src/bsp/mcu/all/bsp_reset.o
LOAD ./rzn/fsp/src/bsp/mcu/all/bsp_sbrk.o
LOAD ./rzn/fsp/src/bsp/cmsis/Device/RENESAS/Source/cr/startup_core.o
LOAD ./rzn/fsp/src/bsp/cmsis/Device/RENESAS/Source/cr/system_core.o
LOAD ./rzn/fsp/src/bsp/cmsis/Device/RENESAS/Source/startup.o
LOAD ./rzn/fsp/src/bsp/cmsis/Device/RENESAS/Source/system.o
LOAD ./rzn/board/rzn2l_rsk/board_init.o
LOAD ./rzn/board/rzn2l_rsk/board_leds.o
END GROUP
START GROUP
END GROUP
START GROUP
LOAD d:/program files/gcc/arm gnu toolchain arm-none-eabi/12.2 rel1/bin/../lib/gcc/arm-none-eabi/12.2.1/thumb/v7+fp/hard\libgcc.a
LOAD d:/program files/gcc/arm gnu toolchain arm-none-eabi/12.2 rel1/bin/../lib/gcc/arm-none-eabi/12.2.1/thumb/v7+fp/hard\libg_nano.a
LOAD d:/program files/gcc/arm gnu toolchain arm-none-eabi/12.2 rel1/bin/../lib/gcc/arm-none-eabi/12.2.1/thumb/v7+fp/hard\libc_nano.a
END GROUP
START GROUP
LOAD d:/program files/gcc/arm gnu toolchain arm-none-eabi/12.2 rel1/bin/../lib/gcc/arm-none-eabi/12.2.1/thumb/v7+fp/hard\libgcc.a
LOAD d:/program files/gcc/arm gnu toolchain arm-none-eabi/12.2 rel1/bin/../lib/gcc/arm-none-eabi/12.2.1/thumb/v7+fp/hard\libc_nano.a
LOAD d:/program files/gcc/arm gnu toolchain arm-none-eabi/12.2 rel1/bin/../lib/gcc/arm-none-eabi/12.2.1/thumb/v7+fp/hard\libnosys.a
END GROUP
START GROUP
LOAD d:/program files/gcc/arm gnu toolchain arm-none-eabi/12.2 rel1/bin/../lib/gcc/arm-none-eabi/12.2.1/thumb/v7+fp/hard\libgcc.a
LOAD d:/program files/gcc/arm gnu toolchain arm-none-eabi/12.2 rel1/bin/../lib/gcc/arm-none-eabi/12.2.1/thumb/v7+fp/hard\libc_nano.a
LOAD d:/program files/gcc/arm gnu toolchain arm-none-eabi/12.2 rel1/bin/../lib/gcc/arm-none-eabi/12.2.1/thumb/v7+fp/hard\libnosys.a
END GROUP
                0x00000000                ATCM_START = 0x0
                0x00020000                ATCM_LENGTH = 0x20000
                0x00100000                BTCM_START = 0x100000
                0x00020000                BTCM_LENGTH = 0x20000
                0x10000000                SYSTEM_RAM_START = 0x10000000
                0x00180000                SYSTEM_RAM_LENGTH = 0x180000
                0x30000000                SYSTEM_RAM_MIRROR_START = 0x30000000
                0x00180000                SYSTEM_RAM_MIRROR_LENGTH = 0x180000
                0x40000000                xSPI0_CS0_SPACE_MIRROR_START = 0x40000000
                0x04000000                xSPI0_CS0_SPACE_MIRROR_LENGTH = 0x4000000
                0x44000000                xSPI0_CS1_SPACE_MIRROR_START = 0x44000000
                0x04000000                xSPI0_CS1_SPACE_MIRROR_LENGTH = 0x4000000
                0x48000000                xSPI1_CS0_SPACE_MIRROR_START = 0x48000000
                0x04000000                xSPI1_CS0_SPACE_MIRROR_LENGTH = 0x4000000
                0x50000000                CS0_SPACE_MIRROR_START = 0x50000000
                0x04000000                CS0_SPACE_MIRROR_LENGTH = 0x4000000
                0x54000000                CS2_SPACE_MIRROR_START = 0x54000000
                0x04000000                CS2_SPACE_MIRROR_LENGTH = 0x4000000
                0x58000000                CS3_SPACE_MIRROR_START = 0x58000000
                0x04000000                CS3_SPACE_MIRROR_LENGTH = 0x4000000
                0x5c000000                CS5_SPACE_MIRROR_START = 0x5c000000
                0x04000000                CS5_SPACE_MIRROR_LENGTH = 0x4000000
                0x60000000                xSPI0_CS0_SPACE_START = 0x60000000
                0x04000000                xSPI0_CS0_SPACE_LENGTH = 0x4000000
                0x64000000                xSPI0_CS1_SPACE_START = 0x64000000
                0x04000000                xSPI0_CS1_SPACE_LENGTH = 0x4000000
                0x68000000                xSPI1_CS0_SPACE_START = 0x68000000
                0x04000000                xSPI1_CS0_SPACE_LENGTH = 0x4000000
                0x70000000                CS0_SPACE_START = 0x70000000
                0x04000000                CS0_SPACE_LENGTH = 0x4000000
                0x74000000                CS2_SPACE_START = 0x74000000
                0x04000000                CS2_SPACE_LENGTH = 0x4000000
                0x78000000                CS3_SPACE_START = 0x78000000
                0x04000000                CS3_SPACE_LENGTH = 0x4000000
                0x7c000000                CS5_SPACE_START = 0x7c000000
                0x04000000                CS5_SPACE_LENGTH = 0x4000000
                0x00000000                ATCM_PRV_START = DEFINED (ATCM_START)?ATCM_START:0x0
                0x00020000                ATCM_PRV_LENGTH = DEFINED (ATCM_LENGTH)?ATCM_LENGTH:0x0
                0x00100000                BTCM_PRV_START = DEFINED (BTCM_START)?BTCM_START:0x0
                0x00020000                BTCM_PRV_LENGTH = DEFINED (BTCM_LENGTH)?BTCM_LENGTH:0x0
                0x10000000                SYSTEM_RAM_PRV_START = DEFINED (SYSTEM_RAM_START)?SYSTEM_RAM_START:0x0
                0x00180000                SYSTEM_RAM_PRV_LENGTH = DEFINED (SYSTEM_RAM_LENGTH)?SYSTEM_RAM_LENGTH:0x0
                0x30000000                SYSTEM_RAM_MIRROR_PRV_START = DEFINED (SYSTEM_RAM_MIRROR_START)?SYSTEM_RAM_MIRROR_START:0x0
                0x00180000                SYSTEM_RAM_MIRROR_PRV_LENGTH = DEFINED (SYSTEM_RAM_MIRROR_LENGTH)?SYSTEM_RAM_MIRROR_LENGTH:0x0
                0x40000000                xSPI0_CS0_SPACE_MIRROR_PRV_START = DEFINED (xSPI0_CS0_SPACE_MIRROR_START)?xSPI0_CS0_SPACE_MIRROR_START:0x0
                0x04000000                xSPI0_CS0_SPACE_MIRROR_PRV_LENGTH = DEFINED (xSPI0_CS0_SPACE_MIRROR_LENGTH)?xSPI0_CS0_SPACE_MIRROR_LENGTH:0x0
                0x44000000                xSPI0_CS1_SPACE_MIRROR_PRV_START = DEFINED (xSPI0_CS1_SPACE_MIRROR_START)?xSPI0_CS1_SPACE_MIRROR_START:0x0
                0x04000000                xSPI0_CS1_SPACE_MIRROR_PRV_LENGTH = DEFINED (xSPI0_CS1_SPACE_MIRROR_LENGTH)?xSPI0_CS1_SPACE_MIRROR_LENGTH:0x0
                0x48000000                xSPI1_CS0_SPACE_MIRROR_PRV_START = DEFINED (xSPI1_CS0_SPACE_MIRROR_START)?xSPI1_CS0_SPACE_MIRROR_START:0x0
                0x04000000                xSPI1_CS0_SPACE_MIRROR_PRV_LENGTH = DEFINED (xSPI1_CS0_SPACE_MIRROR_LENGTH)?xSPI1_CS0_SPACE_MIRROR_LENGTH:0x0
                0x00000000                xSPI1_CS1_SPACE_MIRROR_PRV_START = DEFINED (xSPI1_CS1_SPACE_MIRROR_START)?xSPI1_CS1_SPACE_MIRROR_START:0x0
                0x00000000                xSPI1_CS1_SPACE_MIRROR_PRV_LENGTH = DEFINED (xSPI1_CS1_SPACE_MIRROR_LENGTH)?xSPI1_CS1_SPACE_MIRROR_LENGTH:0x0
                0x50000000                CS0_SPACE_MIRROR_PRV_START = DEFINED (CS0_SPACE_MIRROR_START)?CS0_SPACE_MIRROR_START:0x0
                0x04000000                CS0_SPACE_MIRROR_PRV_LENGTH = DEFINED (CS0_SPACE_MIRROR_LENGTH)?CS0_SPACE_MIRROR_LENGTH:0x0
                0x54000000                CS2_SPACE_MIRROR_PRV_START = DEFINED (CS2_SPACE_MIRROR_START)?CS2_SPACE_MIRROR_START:0x0
                0x04000000                CS2_SPACE_MIRROR_PRV_LENGTH = DEFINED (CS2_SPACE_MIRROR_LENGTH)?CS2_SPACE_MIRROR_LENGTH:0x0
                0x58000000                CS3_SPACE_MIRROR_PRV_START = DEFINED (CS3_SPACE_MIRROR_START)?CS3_SPACE_MIRROR_START:0x0
                0x04000000                CS3_SPACE_MIRROR_PRV_LENGTH = DEFINED (CS3_SPACE_MIRROR_LENGTH)?CS3_SPACE_MIRROR_LENGTH:0x0
                0x5c000000                CS5_SPACE_MIRROR_PRV_START = DEFINED (CS5_SPACE_MIRROR_START)?CS5_SPACE_MIRROR_START:0x0
                0x04000000                CS5_SPACE_MIRROR_PRV_LENGTH = DEFINED (CS5_SPACE_MIRROR_LENGTH)?CS5_SPACE_MIRROR_LENGTH:0x0
                0x60000000                xSPI0_CS0_SPACE_PRV_START = DEFINED (xSPI0_CS0_SPACE_START)?xSPI0_CS0_SPACE_START:0x0
                0x04000000                xSPI0_CS0_SPACE_PRV_LENGTH = DEFINED (xSPI0_CS0_SPACE_LENGTH)?xSPI0_CS0_SPACE_LENGTH:0x0
                0x64000000                xSPI0_CS1_SPACE_PRV_START = DEFINED (xSPI0_CS1_SPACE_START)?xSPI0_CS1_SPACE_START:0x0
                0x04000000                xSPI0_CS1_SPACE_PRV_LENGTH = DEFINED (xSPI0_CS1_SPACE_LENGTH)?xSPI0_CS1_SPACE_LENGTH:0x0
                0x68000000                xSPI1_CS0_SPACE_PRV_START = DEFINED (xSPI1_CS0_SPACE_START)?xSPI1_CS0_SPACE_START:0x0
                0x04000000                xSPI1_CS0_SPACE_PRV_LENGTH = DEFINED (xSPI1_CS0_SPACE_LENGTH)?xSPI1_CS0_SPACE_LENGTH:0x0
                0x00000000                xSPI1_CS1_SPACE_PRV_START = DEFINED (xSPI1_CS1_SPACE_START)?xSPI1_CS1_SPACE_START:0x0
                0x00000000                xSPI1_CS1_SPACE_PRV_LENGTH = DEFINED (xSPI1_CS1_SPACE_LENGTH)?xSPI1_CS1_SPACE_LENGTH:0x0
                0x70000000                CS0_SPACE_PRV_START = DEFINED (CS0_SPACE_START)?CS0_SPACE_START:0x0
                0x04000000                CS0_SPACE_PRV_LENGTH = DEFINED (CS0_SPACE_LENGTH)?CS0_SPACE_LENGTH:0x0
                0x74000000                CS2_SPACE_PRV_START = DEFINED (CS2_SPACE_START)?CS2_SPACE_START:0x0
                0x04000000                CS2_SPACE_PRV_LENGTH = DEFINED (CS2_SPACE_LENGTH)?CS2_SPACE_LENGTH:0x0
                0x78000000                CS3_SPACE_PRV_START = DEFINED (CS3_SPACE_START)?CS3_SPACE_START:0x0
                0x04000000                CS3_SPACE_PRV_LENGTH = DEFINED (CS3_SPACE_LENGTH)?CS3_SPACE_LENGTH:0x0
                0x7c000000                CS5_SPACE_PRV_START = DEFINED (CS5_SPACE_START)?CS5_SPACE_START:0x0
                0x04000000                CS5_SPACE_PRV_LENGTH = DEFINED (CS5_SPACE_LENGTH)?CS5_SPACE_LENGTH:0x0
                0x60000000                LOADER_PARAM_ADDRESS = xSPI0_CS0_SPACE_PRV_START
                0x6000004c                FLASH_CONTENTS_ADDRESS = (LOADER_PARAM_ADDRESS + 0x4c)
                0x00102000                LOADER_TEXT_ADDRESS = 0x102000
                0x00000000                INTVEC_ADDRESS = 0x0
                0x00000100                TEXT_ADDRESS = 0x100
                0x00020000                NONCACHE_BUFFER_OFFSET = 0x20000
                0x00044000                DMAC_LINK_MODE_OFFSET = 0x44000
                0x00048000                DATA_NONCACHE_OFFSET = 0x48000
                0x00000000                RAM_START = ATCM_PRV_START
                0x00020000                RAM_LENGTH = ATCM_PRV_LENGTH
                0x00100000                LOADER_START = BTCM_PRV_START
                0x00020000                LOADER_LENGTH = BTCM_PRV_LENGTH
                0x30138000                DATA_NONCACHE_START = DEFINED (SYSTEM_RAM_MIRROR_START)?((SYSTEM_RAM_MIRROR_START + SYSTEM_RAM_MIRROR_LENGTH) - DATA_NONCACHE_OFFSET):0x0
                0x00004000                DATA_NONCACHE_LENGTH = DEFINED (SYSTEM_RAM_MIRROR_LENGTH)?0x4000:0x0
                0x3013c000                DMAC_LINK_MODE_START = DEFINED (SYSTEM_RAM_MIRROR_START)?((SYSTEM_RAM_MIRROR_START + SYSTEM_RAM_MIRROR_LENGTH) - DMAC_LINK_MODE_OFFSET):0x0
                0x00004000                DMAC_LINK_MODE_LENGTH = DEFINED (SYSTEM_RAM_MIRROR_LENGTH)?0x4000:0x0
                0x30140000                SHARED_NONCACHE_BUFFER_START = DEFINED (SYSTEM_RAM_MIRROR_START)?((SYSTEM_RAM_MIRROR_START + SYSTEM_RAM_MIRROR_LENGTH) - 0x40000):0x0
                0x00020000                SHARED_NONCACHE_BUFFER_LENGTH = DEFINED (SYSTEM_RAM_MIRROR_LENGTH)?0x20000:0x0
                0x30160000                NONCACHE_BUFFER_START = DEFINED (SYSTEM_RAM_MIRROR_START)?((SYSTEM_RAM_MIRROR_START + SYSTEM_RAM_MIRROR_LENGTH) - NONCACHE_BUFFER_OFFSET):0x0
                0x00020000                NONCACHE_BUFFER_LENGTH = DEFINED (SYSTEM_RAM_MIRROR_LENGTH)?0x20000:0x0

.APP1_BANK0_IMAGE_APP_RAM
                0x10010000        0x0
                0x10010000                APP1_BANK0_IMAGE_APP_RAM_start = .
 *(APP1_BANK0_IMAGE_RAM)

.APP1_BANK1_IMAGE_APP_RAM
                0x10010000        0x0
                0x10010000                APP1_BANK1_IMAGE_APP_RAM_start = .
 *(APP1_BANK1_IMAGE_RAM)

.APP1_BANK0_IMAGE_APP_FLASH_section
                0x60100000    0x129c0
                0x60100000                APP1_BANK0_IMAGE_APP_FLASH_section_start = .
 ./src/APP1_BANK0_Flash_section.o(.APP1_BANK0_IMAGE_APP_FLASH_section)
 .APP1_BANK0_IMAGE_APP_FLASH_section
                0x60100000    0x129c0 ./src/APP1_BANK0_Flash_section.o
                0x601129c0                APP1_BANK0_IMAGE_APP_FLASH_section_end = .
                0x000129c0                APP1_BANK0_IMAGE_APP_FLASH_section_size = SIZEOF (.APP1_BANK0_IMAGE_APP_FLASH_section)

.APP1_BANK1_IMAGE_APP_FLASH_section
                0x60200000    0x129c0
                0x60200000                APP1_BANK1_IMAGE_APP_FLASH_section_start = .
 ./src/APP1_BANK1_Flash_section.o(.APP1_BANK1_IMAGE_APP_FLASH_section)
 .APP1_BANK1_IMAGE_APP_FLASH_section
                0x60200000    0x129c0 ./src/APP1_BANK1_Flash_section.o
                0x602129c0                APP1_BANK1_IMAGE_APP_FLASH_section_end = .
                0x000129c0                APP1_BANK1_IMAGE_APP_FLASH_section_size = SIZEOF (.APP1_BANK1_IMAGE_APP_FLASH_section)

.loader_param   0x60000000       0x4c
 *(.loader_param)
 .loader_param  0x60000000       0x4c ./rzn/fsp/src/bsp/mcu/rzn2l/bsp_loader_param.o
                0x60000000                g_bsp_loader_param

.flash_contents
                0x6000004c     0x7cb4
                0x6000004c                _mtext = .
                0x60005b60                . = (. + (_text_end - _text_start))
 *fill*         0x6000004c     0x5b14 
                0x60005b60                _mdummy = .
                0x60005b60                . = (. + (_dummy_end - _dummy_start))
                0x60005b60                _mdata = .
                0x60007d00                . = (. + (_data_end - _data_start))
 *fill*         0x60005b60     0x21a0 
                0x60007d00                _mdata_noncache = .
                0x60007d00                . = (. + (_data_noncache_end - _data_noncache_start))
                0x60007d00                flash_contents_end = .

.cpu0_loader_table
                0x60080000       0x50
 *(CPU0_LOADER_TABLE)
 CPU0_LOADER_TABLE
                0x60080000       0x50 ./src/loader_table.o
                0x60080000                table

.text           0x00102000     0x5a78 load address 0x6000004c
                0x00102000                _text_start = .
                0x00102000                _fvector_start = .
 *(.intvec)
 .intvec        0x00102000       0x40 ./rzn/fsp/src/bsp/cmsis/Device/RENESAS/Source/cr/startup_core.o
                0x00102000                __Vectors
                0x00102040                _fvector_end = .
                0x00102040                _dummy_start = .
 *(.dummy)
 .dummy         0x00102040        0x4 ./rzn/fsp/src/bsp/cmsis/Device/RENESAS/Source/cr/startup_core.o
                0x00102040                _dummy_end = .
 *(.text*)
 .text.AppConfig_GetInfo
                0x00102044       0x34 ./src/common/app_config.o
                0x00102044                AppConfig_GetInfo
 .text.AppConfig_IsEnabled
                0x00102078        0xa ./src/common/app_config.o
                0x00102078                AppConfig_IsEnabled
 .text.AppConfig_IsDualBank
                0x00102082       0x18 ./src/common/app_config.o
                0x00102082                AppConfig_IsDualBank
 .text.AppConfig_GetEnabledCount
                0x0010209a        0x4 ./src/common/app_config.o
                0x0010209a                AppConfig_GetEnabledCount
 .text.AppConfig_Init
                0x0010209e       0x22 ./src/common/app_config.o
                0x0010209e                AppConfig_Init
 .text.AppConfig_GetNextEnabledApp
                0x001020c0       0x16 ./src/common/app_config.o
                0x001020c0                AppConfig_GetNextEnabledApp
 .text.AppConfig_IsValidAppId
                0x001020d6        0xe ./src/common/app_config.o
                0x001020d6                AppConfig_IsValidAppId
 .text.BankConfig_Init
                0x001020e4       0x88 ./src/common/bank_config.o
                0x001020e4                BankConfig_Init
 .text.BankConfig_GetCurrentBank
                0x0010216c       0x12 ./src/common/bank_config.o
                0x0010216c                BankConfig_GetCurrentBank
 .text.BankConfig_GetTargetBank
                0x0010217e       0x24 ./src/common/bank_config.o
                0x0010217e                BankConfig_GetTargetBank
 .text.BankConfig_IsBankValid
                0x001021a2       0x2a ./src/common/bank_config.o
                0x001021a2                BankConfig_IsBankValid
 .text.BankConfig_SelectNextBank
                0x001021cc       0x64 ./src/common/bank_config.o
                0x001021cc                BankConfig_SelectNextBank
 .text.BankConfig_IsValidBankId
                0x00102230        0xa ./src/common/bank_config.o
                0x00102230                BankConfig_IsValidBankId
 .text.CRC_Init
                0x0010223a       0x58 ./src/common/crc32_table.o
                0x0010223a                CRC_Init
 .text.CRC_Calculate
                0x00102292       0x52 ./src/common/crc32_table.o
                0x00102292                CRC_Calculate
 .text.LoaderTableManager_GetEntry
                0x001022e4       0x70 ./src/common/loader_table_manager.o
                0x001022e4                LoaderTableManager_GetEntry
 .text.LoaderTableManager_SelectEntry
                0x00102354       0x7c ./src/common/loader_table_manager.o
                0x00102354                LoaderTableManager_SelectEntry
 .text.LoaderTableManager_GetEnabledCount
                0x001023d0       0x20 ./src/common/loader_table_manager.o
                0x001023d0                LoaderTableManager_GetEnabledCount
 .text.LoaderTableManager_PrintInfo
                0x001023f0       0x7a ./src/common/loader_table_manager.o
                0x001023f0                LoaderTableManager_PrintInfo
 .text.LoaderTableManager_Init
                0x0010246a       0x14 ./src/common/loader_table_manager.o
                0x0010246a                LoaderTableManager_Init
 .text.SblBootParams_Read
                0x0010247e       0x4c ./src/common/sbl_boot_params.o
                0x0010247e                SblBootParams_Read
 .text.SblBootParams_Write
                0x001024ca       0x72 ./src/common/sbl_boot_params.o
                0x001024ca                SblBootParams_Write
 .text.SblBootParams_ValidateCRC
                0x0010253c       0x28 ./src/common/sbl_boot_params.o
                0x0010253c                SblBootParams_ValidateCRC
 .text.SblBootParams_UpdateCRC
                0x00102564       0x1e ./src/common/sbl_boot_params.o
                0x00102564                SblBootParams_UpdateCRC
 .text.SblBootParams_Init
                0x00102582       0x98 ./src/common/sbl_boot_params.o
                0x00102582                SblBootParams_Init
 .text.SblBootParams_GetCurrentBank
                0x0010261a       0x32 ./src/common/sbl_boot_params.o
                0x0010261a                SblBootParams_GetCurrentBank
 .text.sblCheckBootParams
                0x0010264c      0x232 ./src/common/sbl_params.o
                0x0010264c                sblCheckBootParams
 .text.AppJump_Init
                0x0010287e       0x10 ./src/app_jump.o
                0x0010287e                AppJump_Init
 .text.AppJump_GetInfo
                0x0010288e       0x34 ./src/app_jump.o
                0x0010288e                AppJump_GetInfo
 .text.AppJump_ToApp
                0x001028c2      0x12a ./src/app_jump.o
                0x001028c2                AppJump_ToApp
 .text.AppJump_ToAppAuto
                0x001029ec       0x42 ./src/app_jump.o
                0x001029ec                AppJump_ToAppAuto
 .text.AppJump_ToNextApp
                0x00102a2e       0x4a ./src/app_jump.o
                0x00102a2e                AppJump_ToNextApp
 .text.AppJump_GetResultString
                0x00102a78       0x1c ./src/app_jump.o
                0x00102a78                AppJump_GetResultString
 .text._write   0x00102a94       0x36 ./src/hal_entry.o
                0x00102a94                _write
 *fill*         0x00102aca        0x6 
 .text.hal_entry
                0x00102ad0      0x148 ./src/hal_entry.o
                0x00102ad0                hal_entry
 .text.user_uart_callback
                0x00102c18       0x14 ./src/hal_entry.o
                0x00102c18                user_uart_callback
 .text._getpid  0x00102c2c        0x4 ./src/syscall.o
                0x00102c2c                _getpid
 .text._kill    0x00102c30       0x10 ./src/syscall.o
                0x00102c30                _kill
 .text._exit    0x00102c40        0xc ./src/syscall.o
                0x00102c40                _exit
 .text._read    0x00102c4c       0x1a ./src/syscall.o
                0x00102c4c                _read
 .text._close   0x00102c66        0x6 ./src/syscall.o
                0x00102c66                _close
 .text._fstat   0x00102c6c        0xa ./src/syscall.o
                0x00102c6c                _fstat
 .text._isatty  0x00102c76        0x4 ./src/syscall.o
                0x00102c76                _isatty
 .text._lseek   0x00102c7a        0x4 ./src/syscall.o
                0x00102c7a                _lseek
 .text.main     0x00102c7e        0xa ./rzn_gen/main.o
                0x00102c7e                main
 .text.R_XSPI_QSPI_DirectWrite
                0x00102c88        0x4 ./rzn/fsp/src/r_xspi_qspi/r_xspi_qspi.o
                0x00102c88                R_XSPI_QSPI_DirectWrite
 .text.R_XSPI_QSPI_DirectRead
                0x00102c8c        0x4 ./rzn/fsp/src/r_xspi_qspi/r_xspi_qspi.o
                0x00102c8c                R_XSPI_QSPI_DirectRead
 .text.R_XSPI_QSPI_BankSet
                0x00102c90        0x4 ./rzn/fsp/src/r_xspi_qspi/r_xspi_qspi.o
                0x00102c90                R_XSPI_QSPI_BankSet
 .text.R_XSPI_QSPI_SpiProtocolSet
                0x00102c94       0x1c ./rzn/fsp/src/r_xspi_qspi/r_xspi_qspi.o
                0x00102c94                R_XSPI_QSPI_SpiProtocolSet
 .text.R_XSPI_QSPI_AutoCalibrate
                0x00102cb0        0x4 ./rzn/fsp/src/r_xspi_qspi/r_xspi_qspi.o
                0x00102cb0                R_XSPI_QSPI_AutoCalibrate
 .text.R_XSPI_QSPI_XipEnter
                0x00102cb4       0x6e ./rzn/fsp/src/r_xspi_qspi/r_xspi_qspi.o
                0x00102cb4                R_XSPI_QSPI_XipEnter
 .text.r_xspi_qspi_direct_transfer
                0x00102d22       0xa4 ./rzn/fsp/src/r_xspi_qspi/r_xspi_qspi.o
 .text.R_XSPI_QSPI_DirectTransfer
                0x00102dc6        0xa ./rzn/fsp/src/r_xspi_qspi/r_xspi_qspi.o
                0x00102dc6                R_XSPI_QSPI_DirectTransfer
 .text.r_xspi_qspi_status_sub
                0x00102dd0       0x7c ./rzn/fsp/src/r_xspi_qspi/r_xspi_qspi.o
 .text.R_XSPI_QSPI_StatusGet
                0x00102e4c       0x20 ./rzn/fsp/src/r_xspi_qspi/r_xspi_qspi.o
                0x00102e4c                R_XSPI_QSPI_StatusGet
 .text.r_xspi_qspi_write_enable
                0x00102e6c       0x2c ./rzn/fsp/src/r_xspi_qspi/r_xspi_qspi.o
 .text.R_XSPI_QSPI_Write
                0x00102e98       0xa0 ./rzn/fsp/src/r_xspi_qspi/r_xspi_qspi.o
                0x00102e98                R_XSPI_QSPI_Write
 .text.R_XSPI_QSPI_Erase
                0x00102f38       0x96 ./rzn/fsp/src/r_xspi_qspi/r_xspi_qspi.o
                0x00102f38                R_XSPI_QSPI_Erase
 .text.R_XSPI_QSPI_Open
                0x00102fce      0x140 ./rzn/fsp/src/r_xspi_qspi/r_xspi_qspi.o
                0x00102fce                R_XSPI_QSPI_Open
 .text.R_XSPI_QSPI_Close
                0x0010310e       0x42 ./rzn/fsp/src/r_xspi_qspi/r_xspi_qspi.o
                0x0010310e                R_XSPI_QSPI_Close
 .text.R_XSPI_QSPI_XipExit
                0x00103150       0x68 ./rzn/fsp/src/r_xspi_qspi/r_xspi_qspi.o
                0x00103150                R_XSPI_QSPI_XipExit
 .text.R_SCI_UART_Read
                0x001031b8        0x8 ./rzn/fsp/src/r_sci_uart/r_sci_uart.o
                0x001031b8                R_SCI_UART_Read
 .text.R_SCI_UART_Write
                0x001031c0       0x44 ./rzn/fsp/src/r_sci_uart/r_sci_uart.o
                0x001031c0                R_SCI_UART_Write
 .text.R_SCI_UART_CallbackSet
                0x00103204        0xa ./rzn/fsp/src/r_sci_uart/r_sci_uart.o
                0x00103204                R_SCI_UART_CallbackSet
 .text.R_SCI_UART_InfoGet
                0x0010320e        0xc ./rzn/fsp/src/r_sci_uart/r_sci_uart.o
                0x0010320e                R_SCI_UART_InfoGet
 .text.R_SCI_UART_Abort
                0x0010321a       0x38 ./rzn/fsp/src/r_sci_uart/r_sci_uart.o
                0x0010321a                R_SCI_UART_Abort
 .text.R_SCI_UART_ReadStop
                0x00103252        0xc ./rzn/fsp/src/r_sci_uart/r_sci_uart.o
                0x00103252                R_SCI_UART_ReadStop
 .text.r_sci_uart_call_callback
                0x0010325e       0x48 ./rzn/fsp/src/r_sci_uart/r_sci_uart.o
 .text.sci_uart_txi_common
                0x001032a6       0x5a ./rzn/fsp/src/r_sci_uart/r_sci_uart.o
 .text.sci_uart_rxi_common
                0x00103300       0x4e ./rzn/fsp/src/r_sci_uart/r_sci_uart.o
 .text.r_sci_irq_cfg
                0x0010334e       0xe6 ./rzn/fsp/src/r_sci_uart/r_sci_uart.o
 .text.R_SCI_UART_Close
                0x00103434      0x184 ./rzn/fsp/src/r_sci_uart/r_sci_uart.o
                0x00103434                R_SCI_UART_Close
 .text.R_SCI_UART_Open
                0x001035b8      0x404 ./rzn/fsp/src/r_sci_uart/r_sci_uart.o
                0x001035b8                R_SCI_UART_Open
 .text.R_SCI_UART_BaudSet
                0x001039bc       0x62 ./rzn/fsp/src/r_sci_uart/r_sci_uart.o
                0x001039bc                R_SCI_UART_BaudSet
 .text.sci_uart_txi_isr
                0x00103a1e       0x2e ./rzn/fsp/src/r_sci_uart/r_sci_uart.o
                0x00103a1e                sci_uart_txi_isr
 .text.sci_uart_rxi_isr
                0x00103a4c       0x2e ./rzn/fsp/src/r_sci_uart/r_sci_uart.o
                0x00103a4c                sci_uart_rxi_isr
 .text.sci_uart_tei_isr
                0x00103a7a       0x4a ./rzn/fsp/src/r_sci_uart/r_sci_uart.o
                0x00103a7a                sci_uart_tei_isr
 .text.sci_uart_eri_isr
                0x00103ac4       0x78 ./rzn/fsp/src/r_sci_uart/r_sci_uart.o
                0x00103ac4                sci_uart_eri_isr
 .text.r_ioport_pin_set
                0x00103b3c      0x17a ./rzn/fsp/src/r_ioport/r_ioport.o
 .text.r_ioport_pins_config
                0x00103cb6       0xd8 ./rzn/fsp/src/r_ioport/r_ioport.o
 .text.R_IOPORT_Open
                0x00103d8e      0x1fe ./rzn/fsp/src/r_ioport/r_ioport.o
                0x00103d8e                R_IOPORT_Open
 .text.r_bsp_software_delay_loop
                0x00103f8c        0xa ./rzn/fsp/src/bsp/mcu/all/cr/bsp_delay_core.o
                0x00103f8c                r_bsp_software_delay_loop
 *fill*         0x00103f96        0x2 
 .text.bsp_irq_core_cfg
                0x00103f98       0x58 ./rzn/fsp/src/bsp/mcu/all/cr/bsp_irq_core.o
                0x00103f98                bsp_irq_core_cfg
 .text.bsp_common_interrupt_handler
                0x00103ff0       0x64 ./rzn/fsp/src/bsp/mcu/all/cr/bsp_irq_core.o
                0x00103ff0                bsp_common_interrupt_handler
 .text.R_BSP_CacheEnableInst
                0x00104054       0x16 ./rzn/fsp/src/bsp/mcu/all/bsp_cache.o
                0x00104054                R_BSP_CacheEnableInst
 .text.R_BSP_CacheEnableData
                0x0010406a       0x16 ./rzn/fsp/src/bsp/mcu/all/bsp_cache.o
                0x0010406a                R_BSP_CacheEnableData
 .text.R_BSP_CacheEnableMemoryProtect
                0x00104080       0x16 ./rzn/fsp/src/bsp/mcu/all/bsp_cache.o
                0x00104080                R_BSP_CacheEnableMemoryProtect
 .text.R_BSP_CacheInvalidateAll
                0x00104096       0xa2 ./rzn/fsp/src/bsp/mcu/all/bsp_cache.o
                0x00104096                R_BSP_CacheInvalidateAll
 .text.SystemCoreClockUpdate
                0x00104138       0x34 ./rzn/fsp/src/bsp/mcu/all/bsp_clocks.o
                0x00104138                SystemCoreClockUpdate
 .text.bsp_clock_init
                0x0010416c      0x1fc ./rzn/fsp/src/bsp/mcu/all/bsp_clocks.o
                0x0010416c                bsp_clock_init
 .text.R_BSP_SoftwareDelay
                0x00104368       0xca ./rzn/fsp/src/bsp/mcu/all/bsp_delay.o
                0x00104368                R_BSP_SoftwareDelay
 .text.bsp_irq_cfg
                0x00104432        0x8 ./rzn/fsp/src/bsp/mcu/all/bsp_irq.o
                0x00104432                bsp_irq_cfg
 .text.R_BSP_RegisterProtectEnable
                0x0010443a       0x72 ./rzn/fsp/src/bsp/mcu/all/bsp_register_protection.o
                0x0010443a                R_BSP_RegisterProtectEnable
 .text.R_BSP_RegisterProtectDisable
                0x001044ac       0x5e ./rzn/fsp/src/bsp/mcu/all/bsp_register_protection.o
                0x001044ac                R_BSP_RegisterProtectDisable
 .text._sbrk    0x0010450a       0x5e ./rzn/fsp/src/bsp/mcu/all/bsp_sbrk.o
                0x0010450a                _sbrk
 .text.Default_Handler
                0x00104568        0x2 ./rzn/fsp/src/bsp/cmsis/Device/RENESAS/Source/cr/startup_core.o
                0x00104568                Abort_Handler
                0x00104568                Default_Handler
                0x00104568                Prefetch_Handler
                0x00104568                Reserved_Handler
                0x00104568                SVC_Handler
                0x00104568                FIQ_Handler
                0x00104568                Undefined_Handler
 *fill*         0x0010456a        0x2 
 .text.stack_init
                0x0010456c       0x64 ./rzn/fsp/src/bsp/cmsis/Device/RENESAS/Source/cr/startup_core.o
                0x0010456c                stack_init
 .text.fpu_slavetcm_init
                0x001045d0       0x14 ./rzn/fsp/src/bsp/cmsis/Device/RENESAS/Source/cr/startup_core.o
                0x001045d0                fpu_slavetcm_init
 .text.IRQ_Handler
                0x001045e4       0x78 ./rzn/fsp/src/bsp/cmsis/Device/RENESAS/Source/cr/startup_core.o
                0x001045e4                IRQ_Handler
 .text.bsp_fpu_advancedsimd_init
                0x0010465c       0x22 ./rzn/fsp/src/bsp/cmsis/Device/RENESAS/Source/cr/system_core.o
                0x0010465c                bsp_fpu_advancedsimd_init
 .text.bsp_slavetcm_enable
                0x0010467e       0x16 ./rzn/fsp/src/bsp/cmsis/Device/RENESAS/Source/cr/system_core.o
                0x0010467e                bsp_slavetcm_enable
 .text.bsp_mpu_init
                0x00104694       0x1a ./rzn/fsp/src/bsp/cmsis/Device/RENESAS/Source/cr/system_core.o
                0x00104694                bsp_mpu_init
 *fill*         0x001046ae        0x2 
 .text.bsp_memory_protect_setting
                0x001046b0       0x60 ./rzn/fsp/src/bsp/cmsis/Device/RENESAS/Source/cr/system_core.o
                0x001046b0                bsp_memory_protect_setting
 .text.bsp_irq_cfg_common
                0x00104710       0x1e ./rzn/fsp/src/bsp/cmsis/Device/RENESAS/Source/cr/system_core.o
                0x00104710                bsp_irq_cfg_common
 .text.SystemInit
                0x0010472e       0x72 ./rzn/fsp/src/bsp/cmsis/Device/RENESAS/Source/startup.o
                0x0010472e                SystemInit
 .text.bsp_master_mpu_init
                0x001047a0      0x15c ./rzn/fsp/src/bsp/cmsis/Device/RENESAS/Source/system.o
                0x001047a0                bsp_master_mpu_init
 .text.bsp_global_system_counter_init
                0x001048fc       0x28 ./rzn/fsp/src/bsp/cmsis/Device/RENESAS/Source/system.o
                0x001048fc                bsp_global_system_counter_init
 .text.bsp_copy_multibyte
                0x00104924       0x4c ./rzn/fsp/src/bsp/cmsis/Device/RENESAS/Source/system.o
                0x00104924                bsp_copy_multibyte
 .text.bsp_bss_init_multibyte
                0x00104970       0x3a ./rzn/fsp/src/bsp/cmsis/Device/RENESAS/Source/system.o
                0x00104970                bsp_bss_init_multibyte
 .text.bsp_tfu_init
                0x001049aa       0x44 ./rzn/fsp/src/bsp/cmsis/Device/RENESAS/Source/system.o
                0x001049aa                bsp_tfu_init
 .text.bsp_static_constructor_init
                0x001049ee       0x54 ./rzn/fsp/src/bsp/cmsis/Device/RENESAS/Source/system.o
                0x001049ee                bsp_static_constructor_init
 *fill*         0x00104a42        0x2 
 .text          0x00104a44       0x30 d:/program files/gcc/arm gnu toolchain arm-none-eabi/12.2 rel1/bin/../lib/gcc/arm-none-eabi/12.2.1/thumb/v7+fp/hard\libgcc.a(_aeabi_uldivmod.o)
                0x00104a44                __aeabi_uldivmod
 .text.__udivmoddi4
                0x00104a74      0x108 d:/program files/gcc/arm gnu toolchain arm-none-eabi/12.2 rel1/bin/../lib/gcc/arm-none-eabi/12.2.1/thumb/v7+fp/hard\libgcc.a(_udivmoddi4.o)
                0x00104a74                __udivmoddi4
 .text          0x00104b7c        0x4 d:/program files/gcc/arm gnu toolchain arm-none-eabi/12.2 rel1/bin/../lib/gcc/arm-none-eabi/12.2.1/thumb/v7+fp/hard\libgcc.a(_dvmd_tls.o)
                0x00104b7c                __aeabi_idiv0
                0x00104b7c                __aeabi_ldiv0
 .text.__cvt    0x00104b80       0xb4 d:/program files/gcc/arm gnu toolchain arm-none-eabi/12.2 rel1/bin/../lib/gcc/arm-none-eabi/12.2.1/thumb/v7+fp/hard\libg_nano.a(libc_a-nano-vfprintf_float.o)
                0x00104b80                __cvt
 .text.__exponent
                0x00104c34       0x84 d:/program files/gcc/arm gnu toolchain arm-none-eabi/12.2 rel1/bin/../lib/gcc/arm-none-eabi/12.2.1/thumb/v7+fp/hard\libg_nano.a(libc_a-nano-vfprintf_float.o)
                0x00104c34                __exponent
 .text._printf_float
                0x00104cb8      0x44c d:/program files/gcc/arm gnu toolchain arm-none-eabi/12.2 rel1/bin/../lib/gcc/arm-none-eabi/12.2.1/thumb/v7+fp/hard\libg_nano.a(libc_a-nano-vfprintf_float.o)
                0x00104cb8                _printf_float
 .text._printf_common
                0x00105104       0xe4 d:/program files/gcc/arm gnu toolchain arm-none-eabi/12.2 rel1/bin/../lib/gcc/arm-none-eabi/12.2.1/thumb/v7+fp/hard\libg_nano.a(libc_a-nano-vfprintf_i.o)
                0x00105104                _printf_common
 .text._printf_i
                0x001051e8      0x260 d:/program files/gcc/arm gnu toolchain arm-none-eabi/12.2 rel1/bin/../lib/gcc/arm-none-eabi/12.2.1/thumb/v7+fp/hard\libg_nano.a(libc_a-nano-vfprintf_i.o)
                0x001051e8                _printf_i
 .text.printf   0x00105448       0x24 d:/program files/gcc/arm gnu toolchain arm-none-eabi/12.2 rel1/bin/../lib/gcc/arm-none-eabi/12.2.1/thumb/v7+fp/hard\libg_nano.a(libc_a-printf.o)
                0x00105448                iprintf
                0x00105448                printf
 .text._puts_r  0x0010546c       0xaa d:/program files/gcc/arm gnu toolchain arm-none-eabi/12.2 rel1/bin/../lib/gcc/arm-none-eabi/12.2.1/thumb/v7+fp/hard\libg_nano.a(libc_a-puts.o)
                0x0010546c                _puts_r
 *fill*         0x00105516        0x2 
 .text.puts     0x00105518       0x10 d:/program files/gcc/arm gnu toolchain arm-none-eabi/12.2 rel1/bin/../lib/gcc/arm-none-eabi/12.2.1/thumb/v7+fp/hard\libg_nano.a(libc_a-puts.o)
                0x00105518                puts
 .text.__swbuf_r
                0x00105528       0x7c d:/program files/gcc/arm gnu toolchain arm-none-eabi/12.2 rel1/bin/../lib/gcc/arm-none-eabi/12.2.1/thumb/v7+fp/hard\libg_nano.a(libc_a-wbuf.o)
                0x00105528                __swbuf_r
 .text.__swsetup_r
                0x001055a4       0xac d:/program files/gcc/arm gnu toolchain arm-none-eabi/12.2 rel1/bin/../lib/gcc/arm-none-eabi/12.2.1/thumb/v7+fp/hard\libg_nano.a(libc_a-wsetup.o)
                0x001055a4                __swsetup_r
 .text.memcmp   0x00105650       0x20 d:/program files/gcc/arm gnu toolchain arm-none-eabi/12.2 rel1/bin/../lib/gcc/arm-none-eabi/12.2.1/thumb/v7+fp/hard\libg_nano.a(libc_a-memcmp.o)
                0x00105650                memcmp
 .text.memset   0x00105670       0x10 d:/program files/gcc/arm gnu toolchain arm-none-eabi/12.2 rel1/bin/../lib/gcc/arm-none-eabi/12.2.1/thumb/v7+fp/hard\libg_nano.a(libc_a-memset.o)
                0x00105670                memset
 .text._localeconv_r
                0x00105680        0x8 d:/program files/gcc/arm gnu toolchain arm-none-eabi/12.2 rel1/bin/../lib/gcc/arm-none-eabi/12.2.1/thumb/v7+fp/hard\libg_nano.a(libc_a-localeconv.o)
                0x00105680                _localeconv_r
 .text.__errno  0x00105688        0xc d:/program files/gcc/arm gnu toolchain arm-none-eabi/12.2 rel1/bin/../lib/gcc/arm-none-eabi/12.2.1/thumb/v7+fp/hard\libg_nano.a(libc_a-errno.o)
                0x00105688                __errno
 .text.__retarget_lock_init_recursive
                0x00105694        0x2 d:/program files/gcc/arm gnu toolchain arm-none-eabi/12.2 rel1/bin/../lib/gcc/arm-none-eabi/12.2.1/thumb/v7+fp/hard\libg_nano.a(libc_a-lock.o)
                0x00105694                __retarget_lock_init_recursive
 .text.__retarget_lock_acquire_recursive
                0x00105696        0x2 d:/program files/gcc/arm gnu toolchain arm-none-eabi/12.2 rel1/bin/../lib/gcc/arm-none-eabi/12.2.1/thumb/v7+fp/hard\libg_nano.a(libc_a-lock.o)
                0x00105696                __retarget_lock_acquire_recursive
 .text.__retarget_lock_release_recursive
                0x00105698        0x2 d:/program files/gcc/arm gnu toolchain arm-none-eabi/12.2 rel1/bin/../lib/gcc/arm-none-eabi/12.2.1/thumb/v7+fp/hard\libg_nano.a(libc_a-lock.o)
                0x00105698                __retarget_lock_release_recursive
 .text.memchr   0x0010569a       0x1c d:/program files/gcc/arm gnu toolchain arm-none-eabi/12.2 rel1/bin/../lib/gcc/arm-none-eabi/12.2.1/thumb/v7+fp/hard\libg_nano.a(libc_a-memchr-stub.o)
                0x0010569a                memchr
 .text.memcpy   0x001056b6       0x1a d:/program files/gcc/arm gnu toolchain arm-none-eabi/12.2 rel1/bin/../lib/gcc/arm-none-eabi/12.2.1/thumb/v7+fp/hard\libg_nano.a(libc_a-memcpy-stub.o)
                0x001056b6                memcpy
 .text          0x001056d0       0x10 d:/program files/gcc/arm gnu toolchain arm-none-eabi/12.2 rel1/bin/../lib/gcc/arm-none-eabi/12.2.1/thumb/v7+fp/hard\libg_nano.a(libc_a-strlen.o)
                0x001056d0                strlen
 .text.quorem   0x001056e0      0x128 d:/program files/gcc/arm gnu toolchain arm-none-eabi/12.2 rel1/bin/../lib/gcc/arm-none-eabi/12.2.1/thumb/v7+fp/hard\libg_nano.a(libc_a-dtoa.o)
 .text._dtoa_r  0x00105808      0xb18 d:/program files/gcc/arm gnu toolchain arm-none-eabi/12.2 rel1/bin/../lib/gcc/arm-none-eabi/12.2.1/thumb/v7+fp/hard\libg_nano.a(libc_a-dtoa.o)
                0x00105808                _dtoa_r
 .text._free_r  0x00106320       0x94 d:/program files/gcc/arm gnu toolchain arm-none-eabi/12.2 rel1/bin/../lib/gcc/arm-none-eabi/12.2.1/thumb/v7+fp/hard\libg_nano.a(libc_a-freer.o)
                0x00106320                _free_r
 .text.malloc   0x001063b4       0x10 d:/program files/gcc/arm gnu toolchain arm-none-eabi/12.2 rel1/bin/../lib/gcc/arm-none-eabi/12.2.1/thumb/v7+fp/hard\libg_nano.a(libc_a-malloc.o)
                0x001063b4                malloc
 .text.sbrk_aligned
                0x001063c4       0x44 d:/program files/gcc/arm gnu toolchain arm-none-eabi/12.2 rel1/bin/../lib/gcc/arm-none-eabi/12.2.1/thumb/v7+fp/hard\libg_nano.a(libc_a-mallocr.o)
 .text._malloc_r
                0x00106408       0xec d:/program files/gcc/arm gnu toolchain arm-none-eabi/12.2 rel1/bin/../lib/gcc/arm-none-eabi/12.2.1/thumb/v7+fp/hard\libg_nano.a(libc_a-mallocr.o)
                0x00106408                _malloc_r
 .text.__malloc_lock
                0x001064f4        0xc d:/program files/gcc/arm gnu toolchain arm-none-eabi/12.2 rel1/bin/../lib/gcc/arm-none-eabi/12.2.1/thumb/v7+fp/hard\libg_nano.a(libc_a-mlock.o)
                0x001064f4                __malloc_lock
 .text.__malloc_unlock
                0x00106500        0xc d:/program files/gcc/arm gnu toolchain arm-none-eabi/12.2 rel1/bin/../lib/gcc/arm-none-eabi/12.2.1/thumb/v7+fp/hard\libg_nano.a(libc_a-mlock.o)
                0x00106500                __malloc_unlock
 .text._Balloc  0x0010650c       0x80 d:/program files/gcc/arm gnu toolchain arm-none-eabi/12.2 rel1/bin/../lib/gcc/arm-none-eabi/12.2.1/thumb/v7+fp/hard\libg_nano.a(libc_a-mprec.o)
                0x0010650c                _Balloc
 .text._Bfree   0x0010658c       0x44 d:/program files/gcc/arm gnu toolchain arm-none-eabi/12.2 rel1/bin/../lib/gcc/arm-none-eabi/12.2.1/thumb/v7+fp/hard\libg_nano.a(libc_a-mprec.o)
                0x0010658c                _Bfree
 .text.__multadd
                0x001065d0       0x90 d:/program files/gcc/arm gnu toolchain arm-none-eabi/12.2 rel1/bin/../lib/gcc/arm-none-eabi/12.2.1/thumb/v7+fp/hard\libg_nano.a(libc_a-mprec.o)
                0x001065d0                __multadd
 .text.__hi0bits
                0x00106660       0x44 d:/program files/gcc/arm gnu toolchain arm-none-eabi/12.2 rel1/bin/../lib/gcc/arm-none-eabi/12.2.1/thumb/v7+fp/hard\libg_nano.a(libc_a-mprec.o)
                0x00106660                __hi0bits
 .text.__lo0bits
                0x001066a4       0x58 d:/program files/gcc/arm gnu toolchain arm-none-eabi/12.2 rel1/bin/../lib/gcc/arm-none-eabi/12.2.1/thumb/v7+fp/hard\libg_nano.a(libc_a-mprec.o)
                0x001066a4                __lo0bits
 .text.__i2b    0x001066fc       0x2c d:/program files/gcc/arm gnu toolchain arm-none-eabi/12.2 rel1/bin/../lib/gcc/arm-none-eabi/12.2.1/thumb/v7+fp/hard\libg_nano.a(libc_a-mprec.o)
                0x001066fc                __i2b
 .text.__multiply
                0x00106728      0x154 d:/program files/gcc/arm gnu toolchain arm-none-eabi/12.2 rel1/bin/../lib/gcc/arm-none-eabi/12.2.1/thumb/v7+fp/hard\libg_nano.a(libc_a-mprec.o)
                0x00106728                __multiply
 .text.__pow5mult
                0x0010687c       0xb4 d:/program files/gcc/arm gnu toolchain arm-none-eabi/12.2 rel1/bin/../lib/gcc/arm-none-eabi/12.2.1/thumb/v7+fp/hard\libg_nano.a(libc_a-mprec.o)
                0x0010687c                __pow5mult
 .text.__lshift
                0x00106930       0xd8 d:/program files/gcc/arm gnu toolchain arm-none-eabi/12.2 rel1/bin/../lib/gcc/arm-none-eabi/12.2.1/thumb/v7+fp/hard\libg_nano.a(libc_a-mprec.o)
                0x00106930                __lshift
 .text.__mcmp   0x00106a08       0x36 d:/program files/gcc/arm gnu toolchain arm-none-eabi/12.2 rel1/bin/../lib/gcc/arm-none-eabi/12.2.1/thumb/v7+fp/hard\libg_nano.a(libc_a-mprec.o)
                0x00106a08                __mcmp
 *fill*         0x00106a3e        0x2 
 .text.__mdiff  0x00106a40      0x12c d:/program files/gcc/arm gnu toolchain arm-none-eabi/12.2 rel1/bin/../lib/gcc/arm-none-eabi/12.2.1/thumb/v7+fp/hard\libg_nano.a(libc_a-mprec.o)
                0x00106a40                __mdiff
 .text.__d2b    0x00106b6c       0xb0 d:/program files/gcc/arm gnu toolchain arm-none-eabi/12.2 rel1/bin/../lib/gcc/arm-none-eabi/12.2.1/thumb/v7+fp/hard\libg_nano.a(libc_a-mprec.o)
                0x00106b6c                __d2b
 .text.__sfputc_r
                0x00106c1c       0x2e d:/program files/gcc/arm gnu toolchain arm-none-eabi/12.2 rel1/bin/../lib/gcc/arm-none-eabi/12.2.1/thumb/v7+fp/hard\libg_nano.a(libc_a-nano-vfprintf.o)
 .text.__sfputs_r
                0x00106c4a       0x24 d:/program files/gcc/arm gnu toolchain arm-none-eabi/12.2 rel1/bin/../lib/gcc/arm-none-eabi/12.2.1/thumb/v7+fp/hard\libg_nano.a(libc_a-nano-vfprintf.o)
                0x00106c4a                __sfputs_r
 *fill*         0x00106c6e        0x2 
 .text._vfprintf_r
                0x00106c70      0x230 d:/program files/gcc/arm gnu toolchain arm-none-eabi/12.2 rel1/bin/../lib/gcc/arm-none-eabi/12.2.1/thumb/v7+fp/hard\libg_nano.a(libc_a-nano-vfprintf.o)
                0x00106c70                _vfprintf_r
                0x00106c70                _vfiprintf_r
 .text.__sflush_r
                0x00106ea0      0x108 d:/program files/gcc/arm gnu toolchain arm-none-eabi/12.2 rel1/bin/../lib/gcc/arm-none-eabi/12.2.1/thumb/v7+fp/hard\libg_nano.a(libc_a-fflush.o)
                0x00106ea0                __sflush_r
 .text._fflush_r
                0x00106fa8       0x50 d:/program files/gcc/arm gnu toolchain arm-none-eabi/12.2 rel1/bin/../lib/gcc/arm-none-eabi/12.2.1/thumb/v7+fp/hard\libg_nano.a(libc_a-fflush.o)
                0x00106fa8                _fflush_r
 .text.std      0x00106ff8       0x6c d:/program files/gcc/arm gnu toolchain arm-none-eabi/12.2 rel1/bin/../lib/gcc/arm-none-eabi/12.2.1/thumb/v7+fp/hard\libg_nano.a(libc_a-findfp.o)
 .text.stdio_exit_handler
                0x00107064       0x18 d:/program files/gcc/arm gnu toolchain arm-none-eabi/12.2 rel1/bin/../lib/gcc/arm-none-eabi/12.2.1/thumb/v7+fp/hard\libg_nano.a(libc_a-findfp.o)
 .text.cleanup_stdio
                0x0010707c       0x40 d:/program files/gcc/arm gnu toolchain arm-none-eabi/12.2 rel1/bin/../lib/gcc/arm-none-eabi/12.2.1/thumb/v7+fp/hard\libg_nano.a(libc_a-findfp.o)
 .text.global_stdio_init.part.0
                0x001070bc       0x3c d:/program files/gcc/arm gnu toolchain arm-none-eabi/12.2 rel1/bin/../lib/gcc/arm-none-eabi/12.2.1/thumb/v7+fp/hard\libg_nano.a(libc_a-findfp.o)
 .text.__sfp_lock_acquire
                0x001070f8        0xc d:/program files/gcc/arm gnu toolchain arm-none-eabi/12.2 rel1/bin/../lib/gcc/arm-none-eabi/12.2.1/thumb/v7+fp/hard\libg_nano.a(libc_a-findfp.o)
                0x001070f8                __sfp_lock_acquire
 .text.__sfp_lock_release
                0x00107104        0xc d:/program files/gcc/arm gnu toolchain arm-none-eabi/12.2 rel1/bin/../lib/gcc/arm-none-eabi/12.2.1/thumb/v7+fp/hard\libg_nano.a(libc_a-findfp.o)
                0x00107104                __sfp_lock_release
 .text.__sinit  0x00107110       0x30 d:/program files/gcc/arm gnu toolchain arm-none-eabi/12.2 rel1/bin/../lib/gcc/arm-none-eabi/12.2.1/thumb/v7+fp/hard\libg_nano.a(libc_a-findfp.o)
                0x00107110                __sinit
 .text._fwalk_sglue
                0x00107140       0x3c d:/program files/gcc/arm gnu toolchain arm-none-eabi/12.2 rel1/bin/../lib/gcc/arm-none-eabi/12.2.1/thumb/v7+fp/hard\libg_nano.a(libc_a-fwalk.o)
                0x00107140                _fwalk_sglue
 .text.__swhatbuf_r
                0x0010717c       0x4a d:/program files/gcc/arm gnu toolchain arm-none-eabi/12.2 rel1/bin/../lib/gcc/arm-none-eabi/12.2.1/thumb/v7+fp/hard\libg_nano.a(libc_a-makebuf.o)
                0x0010717c                __swhatbuf_r
 .text.__smakebuf_r
                0x001071c6       0x78 d:/program files/gcc/arm gnu toolchain arm-none-eabi/12.2 rel1/bin/../lib/gcc/arm-none-eabi/12.2.1/thumb/v7+fp/hard\libg_nano.a(libc_a-makebuf.o)
                0x001071c6                __smakebuf_r
 .text.__sread  0x0010723e       0x22 d:/program files/gcc/arm gnu toolchain arm-none-eabi/12.2 rel1/bin/../lib/gcc/arm-none-eabi/12.2.1/thumb/v7+fp/hard\libg_nano.a(libc_a-stdio.o)
                0x0010723e                __sread
 .text.__swrite
                0x00107260       0x38 d:/program files/gcc/arm gnu toolchain arm-none-eabi/12.2 rel1/bin/../lib/gcc/arm-none-eabi/12.2.1/thumb/v7+fp/hard\libg_nano.a(libc_a-stdio.o)
                0x00107260                __swrite
 .text.__sseek  0x00107298       0x24 d:/program files/gcc/arm gnu toolchain arm-none-eabi/12.2 rel1/bin/../lib/gcc/arm-none-eabi/12.2.1/thumb/v7+fp/hard\libg_nano.a(libc_a-stdio.o)
                0x00107298                __sseek
 .text.__sclose
                0x001072bc        0x8 d:/program files/gcc/arm gnu toolchain arm-none-eabi/12.2 rel1/bin/../lib/gcc/arm-none-eabi/12.2.1/thumb/v7+fp/hard\libg_nano.a(libc_a-stdio.o)
                0x001072bc                __sclose
 .text._close_r
                0x001072c4       0x20 d:/program files/gcc/arm gnu toolchain arm-none-eabi/12.2 rel1/bin/../lib/gcc/arm-none-eabi/12.2.1/thumb/v7+fp/hard\libg_nano.a(libc_a-closer.o)
                0x001072c4                _close_r
 .text._fstat_r
                0x001072e4       0x24 d:/program files/gcc/arm gnu toolchain arm-none-eabi/12.2 rel1/bin/../lib/gcc/arm-none-eabi/12.2.1/thumb/v7+fp/hard\libg_nano.a(libc_a-fstatr.o)
                0x001072e4                _fstat_r
 .text._isatty_r
                0x00107308       0x20 d:/program files/gcc/arm gnu toolchain arm-none-eabi/12.2 rel1/bin/../lib/gcc/arm-none-eabi/12.2.1/thumb/v7+fp/hard\libg_nano.a(libc_a-isattyr.o)
                0x00107308                _isatty_r
 .text._lseek_r
                0x00107328       0x24 d:/program files/gcc/arm gnu toolchain arm-none-eabi/12.2 rel1/bin/../lib/gcc/arm-none-eabi/12.2.1/thumb/v7+fp/hard\libg_nano.a(libc_a-lseekr.o)
                0x00107328                _lseek_r
 .text._read_r  0x0010734c       0x24 d:/program files/gcc/arm gnu toolchain arm-none-eabi/12.2 rel1/bin/../lib/gcc/arm-none-eabi/12.2.1/thumb/v7+fp/hard\libg_nano.a(libc_a-readr.o)
                0x0010734c                _read_r
 .text._sbrk_r  0x00107370       0x20 d:/program files/gcc/arm gnu toolchain arm-none-eabi/12.2 rel1/bin/../lib/gcc/arm-none-eabi/12.2.1/thumb/v7+fp/hard\libg_nano.a(libc_a-sbrkr.o)
                0x00107370                _sbrk_r
 .text._write_r
                0x00107390       0x24 d:/program files/gcc/arm gnu toolchain arm-none-eabi/12.2 rel1/bin/../lib/gcc/arm-none-eabi/12.2.1/thumb/v7+fp/hard\libg_nano.a(libc_a-writer.o)
                0x00107390                _write_r
 .text.__assert_func
                0x001073b4       0x3c d:/program files/gcc/arm gnu toolchain arm-none-eabi/12.2 rel1/bin/../lib/gcc/arm-none-eabi/12.2.1/thumb/v7+fp/hard\libg_nano.a(libc_a-assert.o)
                0x001073b4                __assert_func
 .text._calloc_r
                0x001073f0       0x28 d:/program files/gcc/arm gnu toolchain arm-none-eabi/12.2 rel1/bin/../lib/gcc/arm-none-eabi/12.2.1/thumb/v7+fp/hard\libg_nano.a(libc_a-callocr.o)
                0x001073f0                _calloc_r
 .text.__ascii_mbtowc
                0x00107418       0x24 d:/program files/gcc/arm gnu toolchain arm-none-eabi/12.2 rel1/bin/../lib/gcc/arm-none-eabi/12.2.1/thumb/v7+fp/hard\libg_nano.a(libc_a-mbtowc_r.o)
                0x00107418                __ascii_mbtowc
 .text.__ascii_wctomb
                0x0010743c       0x1a d:/program files/gcc/arm gnu toolchain arm-none-eabi/12.2 rel1/bin/../lib/gcc/arm-none-eabi/12.2.1/thumb/v7+fp/hard\libg_nano.a(libc_a-wctomb_r.o)
                0x0010743c                __ascii_wctomb
 *fill*         0x00107456        0x2 
 .text.fprintf  0x00107458       0x24 d:/program files/gcc/arm gnu toolchain arm-none-eabi/12.2 rel1/bin/../lib/gcc/arm-none-eabi/12.2.1/thumb/v7+fp/hard\libg_nano.a(libc_a-fprintf.o)
                0x00107458                fiprintf
                0x00107458                fprintf
 .text.abort    0x0010747c        0xe d:/program files/gcc/arm gnu toolchain arm-none-eabi/12.2 rel1/bin/../lib/gcc/arm-none-eabi/12.2.1/thumb/v7+fp/hard\libg_nano.a(libc_a-abort.o)
                0x0010747c                abort
 .text._raise_r
                0x0010748a       0x50 d:/program files/gcc/arm gnu toolchain arm-none-eabi/12.2 rel1/bin/../lib/gcc/arm-none-eabi/12.2.1/thumb/v7+fp/hard\libg_nano.a(libc_a-signal.o)
                0x0010748a                _raise_r
 *fill*         0x001074da        0x2 
 .text.raise    0x001074dc       0x10 d:/program files/gcc/arm gnu toolchain arm-none-eabi/12.2 rel1/bin/../lib/gcc/arm-none-eabi/12.2.1/thumb/v7+fp/hard\libg_nano.a(libc_a-signal.o)
                0x001074dc                raise
 .text._kill_r  0x001074ec       0x24 d:/program files/gcc/arm gnu toolchain arm-none-eabi/12.2 rel1/bin/../lib/gcc/arm-none-eabi/12.2.1/thumb/v7+fp/hard\libg_nano.a(libc_a-signalr.o)
                0x001074ec                _kill_r
 .text._getpid_r
                0x00107510        0x4 d:/program files/gcc/arm gnu toolchain arm-none-eabi/12.2 rel1/bin/../lib/gcc/arm-none-eabi/12.2.1/thumb/v7+fp/hard\libg_nano.a(libc_a-signalr.o)
                0x00107510                _getpid_r
 *fill*         0x00107514        0x4 
 .text          0x00107518      0x278 d:/program files/gcc/arm gnu toolchain arm-none-eabi/12.2 rel1/bin/../lib/gcc/arm-none-eabi/12.2.1/thumb/v7+fp/hard\libgcc.a(_udivsi3.o)
                0x00107518                __aeabi_uidiv
                0x00107518                __udivsi3
                0x00107774                __aeabi_uidivmod
 .text          0x00107790      0x2b0 d:/program files/gcc/arm gnu toolchain arm-none-eabi/12.2 rel1/bin/../lib/gcc/arm-none-eabi/12.2.1/thumb/v7+fp/hard\libgcc.a(_divsi3.o)
                0x00107790                __divsi3
                0x00107790                __aeabi_idiv
                0x00107a24                __aeabi_idivmod
 *(.reset_handler)
 .reset_handler
                0x00107a40       0x2c ./rzn/fsp/src/bsp/cmsis/Device/RENESAS/Source/cr/startup_core.o
                0x00107a40                Reset_Handler
 *fill*         0x00107a6c        0x4 
 .reset_handler.__stub
                0x00107a70        0x8 linker stubs
 *(.init)
 *(.fini)
 *crtbegin.o(.ctors)
 *crtbegin?.o(.ctors)
 *(EXCLUDE_FILE(*crtend.o *crtend?.o) .ctors)
 *(SORT_BY_NAME(.ctors.*))
 *(.ctors)
                0x00107a78                _ctor_end = .
 *crtbegin.o(.dtors)
 *crtbegin?.o(.dtors)
 *(EXCLUDE_FILE(*crtend.o *crtend?.o) .dtors)
 *(SORT_BY_NAME(.dtors.*))
 *(.dtors)
                0x00107a78                _dtor_end = .
 *(.eh_frame*)

.glue_7         0x00107a78        0x0 load address 0x60005ac4
 .glue_7        0x00107a78        0x0 linker stubs

.glue_7t        0x00107a78        0x0 load address 0x60005ac4
 .glue_7t       0x00107a78        0x0 linker stubs

.vfp11_veneer   0x00107a78        0x0 load address 0x60005ac4
 .vfp11_veneer  0x00107a78        0x0 linker stubs

.v4_bx          0x00107a78        0x0 load address 0x60005ac4
 .v4_bx         0x00107a78        0x0 linker stubs

.iplt           0x00107a78        0x0 load address 0x60005ac4
 .iplt          0x00107a78        0x0 ./src/common/app_config.o

.warm_start     0x00107a78       0x1e load address 0x60005ac4
 .warm_start    0x00107a78       0x1e ./src/hal_entry.o
                0x00107a78                R_BSP_WarmStart

.loader_text    0x00107a98       0x74 load address 0x60005ae4
 .loader_text   0x00107a98       0x74 ./rzn/fsp/src/bsp/cmsis/Device/RENESAS/Source/cr/startup_core.o
                0x00107a98                system_init

.rvectors       0x00107b0c        0x0
                0x00107b0c                _rvectors_start = .
 *(.rvectors)
                0x00107b0c                _rvectors_end = .

.ARM.extab
 *(.ARM.extab* .gnu.linkonce.armextab.*)
                0x00107b0c                __exidx_start = .

.ARM.exidx      0x00107b0c        0x8 load address 0x60005b58
 *(.ARM.exidx* .gnu.linkonce.armexidx.*)
 .ARM.exidx.text.__udivmoddi4
                0x00107b0c        0x8 d:/program files/gcc/arm gnu toolchain arm-none-eabi/12.2 rel1/bin/../lib/gcc/arm-none-eabi/12.2.1/thumb/v7+fp/hard\libgcc.a(_udivmoddi4.o)
                0x00107b14                __exidx_end = .

.rel.dyn        0x00107b14        0x0 load address 0x60005b60
 .rel.iplt      0x00107b14        0x0 ./src/common/app_config.o

.got            0x00107b14        0x0
 *(.got)
 *(.got.plt)
                0x00107b14                . = ALIGN (0x4)
                0x00107b14                _text_end = .

.dummy          0x00102040        0x0 load address 0x60005b60
                0x00102040                _dummy_start = .
 *(.dummy)
                0x00102040                _dummy_end = .

.data           0x00107b18     0x21a0 load address 0x60005b60
                0x00107b18                _data_start = .
 *(vtable)
 *(.data.*)
 .data.bank_valid_table
                0x00107b18        0xa ./src/common/bank_config.o
 *fill*         0x00107b22        0x2 
 .data.g_uart0_baud_setting
                0x00107b24        0x4 ./rzn_gen/hal_data.o
                0x00107b24                g_uart0_baud_setting
 .data.g_qspi0_timing_settings
                0x00107b28        0x3 ./rzn_gen/hal_data.o
 *fill*         0x00107b2b        0x1 
 .data._impure_ptr
                0x00107b2c        0x4 d:/program files/gcc/arm gnu toolchain arm-none-eabi/12.2 rel1/bin/../lib/gcc/arm-none-eabi/12.2.1/thumb/v7+fp/hard\libg_nano.a(libc_a-impure.o)
                0x00107b2c                _impure_ptr
 .data._impure_data
                0x00107b30       0x4c d:/program files/gcc/arm gnu toolchain arm-none-eabi/12.2 rel1/bin/../lib/gcc/arm-none-eabi/12.2.1/thumb/v7+fp/hard\libg_nano.a(libc_a-impure.o)
                0x00107b30                _impure_data
 .data.__sglue  0x00107b7c        0xc d:/program files/gcc/arm gnu toolchain arm-none-eabi/12.2 rel1/bin/../lib/gcc/arm-none-eabi/12.2.1/thumb/v7+fp/hard\libg_nano.a(libc_a-findfp.o)
                0x00107b7c                __sglue
 .data.__global_locale
                0x00107b88      0x16c d:/program files/gcc/arm gnu toolchain arm-none-eabi/12.2 rel1/bin/../lib/gcc/arm-none-eabi/12.2.1/thumb/v7+fp/hard\libg_nano.a(libc_a-locale.o)
                0x00107b88                __global_locale
 *(.data)
 *(.rodata*)
 .rodata.AppConfig_Init.str1.4
                0x00107cf4       0x43 ./src/common/app_config.o
 *fill*         0x00107d37        0x1 
 .rodata.app_config_table
                0x00107d38       0x10 ./src/common/app_config.o
 .rodata.BankConfig_Init.str1.4
                0x00107d48       0x7d ./src/common/bank_config.o
 *fill*         0x00107dc5        0x3 
 .rodata.BankConfig_SelectNextBank.str1.4
                0x00107dc8       0x29 ./src/common/bank_config.o
 *fill*         0x00107df1        0x3 
 .rodata.crc32_standard_table
                0x00107df4      0x400 ./src/common/crc32_table.o
 .rodata.LoaderTableManager_SelectEntry.str1.4
                0x001081f4       0xe9 ./src/common/loader_table_manager.o
 *fill*         0x001082dd        0x3 
 .rodata.LoaderTableManager_PrintInfo.str1.4
                0x001082e0       0x92 ./src/common/loader_table_manager.o
 *fill*         0x00108372        0x2 
 .rodata.LoaderTableManager_Init.str1.4
                0x00108374       0x28 ./src/common/loader_table_manager.o
 .rodata.SblBootParams_Init.str1.4
                0x0010839c       0xcd ./src/common/sbl_boot_params.o
 *fill*         0x00108469        0x3 
 .rodata.SblBootParams_GetCurrentBank.str1.4
                0x0010846c       0x2a ./src/common/sbl_boot_params.o
 *fill*         0x00108496        0x2 
 .rodata.checkAndUpdataBootBankParams.str1.4
                0x00108498      0x108 ./src/common/sbl_params.o
 .rodata.sblCheckBootParams.str1.4
                0x001085a0      0x194 ./src/common/sbl_params.o
                                0x1c0 (size before relaxing)
 .rodata.AppJump_Init.str1.4
                0x00108734       0x23 ./src/app_jump.o
 *fill*         0x00108757        0x1 
 .rodata.AppJump_ToApp.str1.4
                0x00108758       0xba ./src/app_jump.o
 *fill*         0x00108812        0x2 
 .rodata.AppJump_ToAppAuto.str1.4
                0x00108814       0x29 ./src/app_jump.o
 *fill*         0x0010883d        0x3 
 .rodata.AppJump_ToNextApp.str1.4
                0x00108840       0x45 ./src/app_jump.o
 *fill*         0x00108885        0x3 
 .rodata.AppJump_GetResultString.str1.4
                0x00108888        0xe ./src/app_jump.o
 *fill*         0x00108896        0x2 
 .rodata.str1.4
                0x00108898       0x90 ./src/app_jump.o
 .rodata.jump_result_strings
                0x00108928       0x1c ./src/app_jump.o
 .rodata.hal_entry.str1.4
                0x00108944      0x17a ./src/hal_entry.o
 *fill*         0x00108abe        0x2 
 .rodata.__FUNCTION__.0
                0x00108ac0        0xa ./src/hal_entry.o
 *fill*         0x00108aca        0x2 
 .rodata.g_ioport_cfg_extend
                0x00108acc       0x26 ./rzn_gen/common_data.o
                0x00108acc                g_ioport_cfg_extend
 *fill*         0x00108af2        0x2 
 .rodata.g_uart0
                0x00108af4        0xc ./rzn_gen/hal_data.o
                0x00108af4                g_uart0
 .rodata.g_uart0_cfg
                0x00108b00       0x28 ./rzn_gen/hal_data.o
                0x00108b00                g_uart0_cfg
 .rodata.g_uart0_cfg_extend
                0x00108b28       0x14 ./rzn_gen/hal_data.o
                0x00108b28                g_uart0_cfg_extend
 .rodata.g_qspi0
                0x00108b3c        0xc ./rzn_gen/hal_data.o
                0x00108b3c                g_qspi0
 .rodata.g_qspi0_cfg
                0x00108b48       0x1c ./rzn_gen/hal_data.o
                0x00108b48                g_qspi0_cfg
 .rodata.g_qspi0_extended_cfg
                0x00108b64        0xc ./rzn_gen/hal_data.o
 .rodata.g_qspi0_erase_command_list
                0x00108b70       0x20 ./rzn_gen/hal_data.o
 .rodata.g_bsp_pin_cfg
                0x00108b90        0xc ./rzn_gen/pin_data.o
                0x00108b90                g_bsp_pin_cfg
 .rodata.g_bsp_pin_cfg_data
                0x00108b9c      0x318 ./rzn_gen/pin_data.o
                0x00108b9c                g_bsp_pin_cfg_data
 .rodata.g_vector_table
                0x00108eb4      0x700 ./rzn_gen/vector_data.o
                0x00108eb4                g_vector_table
 .rodata.g_spi_flash_on_xspi_qspi
                0x001095b4       0x34 ./rzn/fsp/src/r_xspi_qspi/r_xspi_qspi.o
                0x001095b4                g_spi_flash_on_xspi_qspi
 .rodata.g_uart_on_sci
                0x001095e8       0x24 ./rzn/fsp/src/r_sci_uart/r_sci_uart.o
                0x001095e8                g_uart_on_sci
 .rodata.BSP_GICD_ICFGR_INIT
                0x0010960c       0x70 ./rzn/fsp/src/bsp/mcu/rzn2l/bsp_irq_sense.o
                0x0010960c                BSP_GICD_ICFGR_INIT
 .rodata.g_prcr_masks
                0x0010967c        0x8 ./rzn/fsp/src/bsp/mcu/all/bsp_register_protection.o
 .rodata.g_bsp_el1_mpu
                0x00109684       0xc0 ./rzn/fsp/src/bsp/cmsis/Device/RENESAS/Source/cr/system_core.o
 .rodata.g_bsp_master_mpu8_cfg
                0x00109744       0x40 ./rzn/fsp/src/bsp/cmsis/Device/RENESAS/Source/system.o
                0x00109744                g_bsp_master_mpu8_cfg
 .rodata.g_bsp_master_mpu7_cfg
                0x00109784       0x40 ./rzn/fsp/src/bsp/cmsis/Device/RENESAS/Source/system.o
                0x00109784                g_bsp_master_mpu7_cfg
 .rodata.g_bsp_master_mpu6_cfg
                0x001097c4       0x40 ./rzn/fsp/src/bsp/cmsis/Device/RENESAS/Source/system.o
                0x001097c4                g_bsp_master_mpu6_cfg
 .rodata.g_bsp_master_mpu4_cfg
                0x00109804       0x40 ./rzn/fsp/src/bsp/cmsis/Device/RENESAS/Source/system.o
                0x00109804                g_bsp_master_mpu4_cfg
 .rodata.g_bsp_master_mpu3_cfg
                0x00109844       0x40 ./rzn/fsp/src/bsp/cmsis/Device/RENESAS/Source/system.o
                0x00109844                g_bsp_master_mpu3_cfg
 .rodata.g_bsp_master_mpu2_cfg
                0x00109884       0x40 ./rzn/fsp/src/bsp/cmsis/Device/RENESAS/Source/system.o
                0x00109884                g_bsp_master_mpu2_cfg
 .rodata.g_bsp_master_mpu1_cfg
                0x001098c4       0x40 ./rzn/fsp/src/bsp/cmsis/Device/RENESAS/Source/system.o
                0x001098c4                g_bsp_master_mpu1_cfg
 .rodata.g_bsp_master_mpu0_cfg
                0x00109904       0x40 ./rzn/fsp/src/bsp/cmsis/Device/RENESAS/Source/system.o
                0x00109904                g_bsp_master_mpu0_cfg
 .rodata._printf_float.str1.1
                0x00109944       0x12 d:/program files/gcc/arm gnu toolchain arm-none-eabi/12.2 rel1/bin/../lib/gcc/arm-none-eabi/12.2.1/thumb/v7+fp/hard\libg_nano.a(libc_a-nano-vfprintf_float.o)
 .rodata._printf_i.str1.1
                0x00109956       0x22 d:/program files/gcc/arm gnu toolchain arm-none-eabi/12.2 rel1/bin/../lib/gcc/arm-none-eabi/12.2.1/thumb/v7+fp/hard\libg_nano.a(libc_a-nano-vfprintf_i.o)
 .rodata._dtoa_r.str1.1
                0x00109978       0x8e d:/program files/gcc/arm gnu toolchain arm-none-eabi/12.2 rel1/bin/../lib/gcc/arm-none-eabi/12.2.1/thumb/v7+fp/hard\libg_nano.a(libc_a-dtoa.o)
                                 0x90 (size before relaxing)
 .rodata._Balloc.str1.1
                0x00109a06       0x5a d:/program files/gcc/arm gnu toolchain arm-none-eabi/12.2 rel1/bin/../lib/gcc/arm-none-eabi/12.2.1/thumb/v7+fp/hard\libg_nano.a(libc_a-mprec.o)
                                 0x71 (size before relaxing)
 .rodata.__multadd.str1.1
                0x00109a60       0x11 d:/program files/gcc/arm gnu toolchain arm-none-eabi/12.2 rel1/bin/../lib/gcc/arm-none-eabi/12.2.1/thumb/v7+fp/hard\libg_nano.a(libc_a-mprec.o)
 .rodata.p05.0  0x00109a60        0xc d:/program files/gcc/arm gnu toolchain arm-none-eabi/12.2 rel1/bin/../lib/gcc/arm-none-eabi/12.2.1/thumb/v7+fp/hard\libg_nano.a(libc_a-mprec.o)
 *fill*         0x00109a6c        0x4 
 .rodata.__mprec_bigtens
                0x00109a70       0x28 d:/program files/gcc/arm gnu toolchain arm-none-eabi/12.2 rel1/bin/../lib/gcc/arm-none-eabi/12.2.1/thumb/v7+fp/hard\libg_nano.a(libc_a-mprec.o)
                0x00109a70                __mprec_bigtens
 .rodata.__mprec_tens
                0x00109a98       0xc8 d:/program files/gcc/arm gnu toolchain arm-none-eabi/12.2 rel1/bin/../lib/gcc/arm-none-eabi/12.2.1/thumb/v7+fp/hard\libg_nano.a(libc_a-mprec.o)
                0x00109a98                __mprec_tens
 .rodata._vfprintf_r.str1.1
                0x00109b60       0x11 d:/program files/gcc/arm gnu toolchain arm-none-eabi/12.2 rel1/bin/../lib/gcc/arm-none-eabi/12.2.1/thumb/v7+fp/hard\libg_nano.a(libc_a-nano-vfprintf.o)
 .rodata._setlocale_r.str1.1
                0x00109b71        0x8 d:/program files/gcc/arm gnu toolchain arm-none-eabi/12.2 rel1/bin/../lib/gcc/arm-none-eabi/12.2.1/thumb/v7+fp/hard\libg_nano.a(libc_a-locale.o)
                                  0x9 (size before relaxing)
 .rodata.str1.1
                0x00109b79        0x2 d:/program files/gcc/arm gnu toolchain arm-none-eabi/12.2 rel1/bin/../lib/gcc/arm-none-eabi/12.2.1/thumb/v7+fp/hard\libg_nano.a(libc_a-locale.o)
 .rodata.__assert_func.str1.1
                0x00109b7b       0x3c d:/program files/gcc/arm gnu toolchain arm-none-eabi/12.2 rel1/bin/../lib/gcc/arm-none-eabi/12.2.1/thumb/v7+fp/hard\libg_nano.a(libc_a-assert.o)
                                 0x3d (size before relaxing)
 .rodata._ctype_
                0x00109bb7      0x101 d:/program files/gcc/arm gnu toolchain arm-none-eabi/12.2 rel1/bin/../lib/gcc/arm-none-eabi/12.2.1/thumb/v7+fp/hard\libg_nano.a(libc_a-ctype_.o)
                0x00109bb7                _ctype_
                0x00109cb8                _erodata = .
                0x00109cb8                . = ALIGN (0x4)
                0x00109cb8                PROVIDE (__preinit_array_start = .)
 *(.preinit_array)
                0x00109cb8                PROVIDE (__preinit_array_end = .)
                0x00109cb8                . = ALIGN (0x4)
                0x00109cb8                PROVIDE (__init_array_start = .)
 *(SORT_BY_NAME(.init_array.*))
 *(.init_array)
                0x00109cb8                PROVIDE (__init_array_end = .)
                0x00109cb8                . = ALIGN (0x4)
                [!provide]                PROVIDE (__fini_array_start = .)
 *(SORT_BY_NAME(.fini_array.*))
 *(.fini_array)
                [!provide]                PROVIDE (__fini_array_end = .)
 *(.jcr*)
                0x00109cb8                . = ALIGN (0x4)
                0x00109cb8                _data_end = .

.igot.plt       0x00109cb8        0x0 load address 0x60007d00
 .igot.plt      0x00109cb8        0x0 ./src/common/app_config.o

.bss            0x00109cb8      0xe04 load address 0x60007d00
                0x00109cb8                . = ALIGN (0x4)
                0x00109cb8                __bss_start__ = .
                0x00109cb8                _bss = .
 *(.bss*)
 .bss.ctx       0x00109cb8      0x408 ./src/hal_entry.o
                0x00109cb8                ctx
 .bss.uartTxCompleteFlg
                0x0010a0c0        0x1 ./src/hal_entry.o
                0x0010a0c0                uartTxCompleteFlg
 *fill*         0x0010a0c1        0x3 
 .bss.g_ioport_ctrl
                0x0010a0c4        0xc ./rzn_gen/common_data.o
                0x0010a0c4                g_ioport_ctrl
 .bss.g_uart0_ctrl
                0x0010a0d0       0x30 ./rzn_gen/hal_data.o
                0x0010a0d0                g_uart0_ctrl
 .bss.g_qspi0_ctrl
                0x0010a100       0x18 ./rzn_gen/hal_data.o
                0x0010a100                g_qspi0_ctrl
 .bss.g_current_interrupt_pointer
                0x0010a118        0x1 ./rzn/fsp/src/bsp/mcu/all/cr/bsp_irq_core.o
                0x0010a118                g_current_interrupt_pointer
 *fill*         0x0010a119        0x3 
 .bss.g_current_interrupt_num
                0x0010a11c       0x40 ./rzn/fsp/src/bsp/mcu/all/cr/bsp_irq_core.o
                0x0010a11c                g_current_interrupt_num
 .bss.gp_renesas_isr_context
                0x0010a15c      0x780 ./rzn/fsp/src/bsp/mcu/all/cr/bsp_irq_core.o
                0x0010a15c                gp_renesas_isr_context
 .bss.g_protect_port_counter
                0x0010a8dc        0x4 ./rzn/fsp/src/bsp/mcu/all/bsp_io.o
                0x0010a8dc                g_protect_port_counter
 .bss.g_protect_counters
                0x0010a8e0        0x8 ./rzn/fsp/src/bsp/mcu/all/bsp_register_protection.o
                0x0010a8e0                g_protect_counters
 .bss.current_heap_end.0
                0x0010a8e8        0x4 ./rzn/fsp/src/bsp/mcu/all/bsp_sbrk.o
 .bss.g_sgi_ppi_vector_table
                0x0010a8ec       0x80 ./rzn/fsp/src/bsp/cmsis/Device/RENESAS/Source/system.o
                0x0010a8ec                g_sgi_ppi_vector_table
 .bss.SystemCoreClock
                0x0010a96c        0x4 ./rzn/fsp/src/bsp/cmsis/Device/RENESAS/Source/system.o
                0x0010a96c                SystemCoreClock
 .bss.__lock___malloc_recursive_mutex
                0x0010a970        0x1 d:/program files/gcc/arm gnu toolchain arm-none-eabi/12.2 rel1/bin/../lib/gcc/arm-none-eabi/12.2.1/thumb/v7+fp/hard\libg_nano.a(libc_a-lock.o)
                0x0010a970                __lock___malloc_recursive_mutex
 .bss.__lock___sfp_recursive_mutex
                0x0010a971        0x1 d:/program files/gcc/arm gnu toolchain arm-none-eabi/12.2 rel1/bin/../lib/gcc/arm-none-eabi/12.2.1/thumb/v7+fp/hard\libg_nano.a(libc_a-lock.o)
                0x0010a971                __lock___sfp_recursive_mutex
 *fill*         0x0010a972        0x2 
 .bss.__malloc_sbrk_start
                0x0010a974        0x4 d:/program files/gcc/arm gnu toolchain arm-none-eabi/12.2 rel1/bin/../lib/gcc/arm-none-eabi/12.2.1/thumb/v7+fp/hard\libg_nano.a(libc_a-mallocr.o)
                0x0010a974                __malloc_sbrk_start
 .bss.__malloc_free_list
                0x0010a978        0x4 d:/program files/gcc/arm gnu toolchain arm-none-eabi/12.2 rel1/bin/../lib/gcc/arm-none-eabi/12.2.1/thumb/v7+fp/hard\libg_nano.a(libc_a-mallocr.o)
                0x0010a978                __malloc_free_list
 .bss.__sf      0x0010a97c      0x138 d:/program files/gcc/arm gnu toolchain arm-none-eabi/12.2 rel1/bin/../lib/gcc/arm-none-eabi/12.2.1/thumb/v7+fp/hard\libg_nano.a(libc_a-findfp.o)
                0x0010a97c                __sf
 .bss.__stdio_exit_handler
                0x0010aab4        0x4 d:/program files/gcc/arm gnu toolchain arm-none-eabi/12.2 rel1/bin/../lib/gcc/arm-none-eabi/12.2.1/thumb/v7+fp/hard\libg_nano.a(libc_a-findfp.o)
                0x0010aab4                __stdio_exit_handler
 .bss.errno     0x0010aab8        0x4 d:/program files/gcc/arm gnu toolchain arm-none-eabi/12.2 rel1/bin/../lib/gcc/arm-none-eabi/12.2.1/thumb/v7+fp/hard\libg_nano.a(libc_a-reent.o)
                0x0010aab8                errno
 *(COMMON)
                0x0010aabc                . = ALIGN (0x4)
                0x0010aabc                __bss_end__ = .
                0x0010aabc                _ebss = .
                0x0010aabc                _end = .

.heap           0x10000000     0x2000
                0x10000000                . = ALIGN (0x8)
                0x10000000                __HeapBase = .
 *(.heap)
 .heap          0x10000000     0x2000 ./rzn/fsp/src/bsp/cmsis/Device/RENESAS/Source/cr/startup_core.o
                0x10002000                __HeapLimit = .

.thread_stack   0x0010aabc        0x4 load address 0x60008b04
                0x0010aac0                . = ALIGN (0x8)
 *fill*         0x0010aabc        0x4 
                0x0010aac0                __ThreadStackBase = .
 *(.stack*)
                0x0010aac0                __ThreadStackLimit = .

.sys_stack      0x0010aac0     0x1000 load address 0x60008b08
                0x0010aac0                . = ALIGN (0x8)
                0x0010aac0                __SysStackBase = .
 *(.sys_stack)
 .sys_stack     0x0010aac0     0x1000 ./rzn/fsp/src/bsp/cmsis/Device/RENESAS/Source/cr/startup_core.o
                0x0010bac0                __SysStackLimit = .

.svc_stack      0x0010bac0     0x1000 load address 0x60009b08
                0x0010bac0                . = ALIGN (0x8)
                0x0010bac0                __SvcStackBase = .
 *(.svc_stack)
 .svc_stack     0x0010bac0     0x1000 ./rzn/fsp/src/bsp/cmsis/Device/RENESAS/Source/cr/startup_core.o
                0x0010cac0                __SvcStackLimit = .

.irq_stack      0x0010cac0     0x1000 load address 0x6000ab08
                0x0010cac0                . = ALIGN (0x8)
                0x0010cac0                __IrqStackBase = .
 *(.irq_stack)
 .irq_stack     0x0010cac0     0x1000 ./rzn/fsp/src/bsp/cmsis/Device/RENESAS/Source/cr/startup_core.o
                0x0010dac0                __IrqStackLimit = .

.fiq_stack      0x0010dac0      0x400 load address 0x6000bb08
                0x0010dac0                . = ALIGN (0x8)
                0x0010dac0                __FiqStackBase = .
 *(.fiq_stack)
 .fiq_stack     0x0010dac0      0x400 ./rzn/fsp/src/bsp/cmsis/Device/RENESAS/Source/cr/startup_core.o
                0x0010dec0                __FiqStackLimit = .

.und_stack      0x0010dec0      0x400 load address 0x6000bf08
                0x0010dec0                . = ALIGN (0x8)
                0x0010dec0                __UndStackBase = .
 *(.und_stack)
 .und_stack     0x0010dec0      0x400 ./rzn/fsp/src/bsp/cmsis/Device/RENESAS/Source/cr/startup_core.o
                0x0010e2c0                __UndStackLimit = .

.abt_stack      0x0010e2c0      0x400 load address 0x6000c308
                0x0010e2c0                . = ALIGN (0x8)
                0x0010e2c0                __AbtStackBase = .
 *(.abt_stack)
 .abt_stack     0x0010e2c0      0x400 ./rzn/fsp/src/bsp/cmsis/Device/RENESAS/Source/cr/startup_core.o
                0x0010e6c0                __AbtStackLimit = .

.data_noncache  0x30138000        0x0 load address 0x60007d00
                0x30138000                . = ALIGN (0x4)
                0x30138000                _data_noncache_start = .
 *(.data_noncache*)
                0x30138000                _data_noncache_end = .

.dmac_link_mode
                0x3013c000        0x0
                0x3013c000                . = ALIGN (0x4)
                0x3013c000                _DmacLinkMode_start = .
 *(.dmac_link_mode*)
                0x3013c000                _DmacLinkMode_end = .

.shared_noncache_buffer
                0x30140000        0x0
                0x30140000                . = ALIGN (0x20)
                0x30140000                _sncbuffer_start = .
 *(.shared_noncache_buffer*)
                0x30140000                _sncbuffer_end = .

.noncache_buffer
                0x30160000        0x0
                0x30160000                . = ALIGN (0x20)
                0x30160000                _ncbuffer_start = .
 *(.noncache_buffer*)
                0x30160000                _ncbuffer_end = .
OUTPUT(RZN2L_xspi0_boot_sbl.elf elf32-littlearm)
LOAD linker stubs

.debug_info     0x00000000    0x21c11
 .debug_info    0x00000000      0x47d ./src/common/app_config.o
 .debug_info    0x0000047d      0x94f ./src/common/bank_config.o
 .debug_info    0x00000dcc      0x53a ./src/common/crc32_table.o
 .debug_info    0x00001306      0x59b ./src/common/loader_table_manager.o
 .debug_info    0x000018a1     0x23be ./src/common/sbl_boot_params.o
 .debug_info    0x00003c5f      0x821 ./src/common/sbl_params.o
 .debug_info    0x00004480     0x1a7e ./src/app_jump.o
 .debug_info    0x00005efe     0x2f4e ./src/hal_entry.o
 .debug_info    0x00008e4c      0x190 ./src/loader_table.o
 .debug_info    0x00008fdc      0x7a0 ./src/syscall.o
 .debug_info    0x0000977c     0x140a ./rzn_gen/common_data.o
 .debug_info    0x0000ab86     0x4033 ./rzn_gen/hal_data.o
 .debug_info    0x0000ebb9       0xb1 ./rzn_gen/main.o
 .debug_info    0x0000ec6a     0x1cbd ./rzn_gen/pin_data.o
 .debug_info    0x00010927       0xd3 ./rzn_gen/vector_data.o
 .debug_info    0x000109fa     0x33dd ./rzn/fsp/src/r_xspi_qspi/r_xspi_qspi.o
 .debug_info    0x00013dd7     0x52e3 ./rzn/fsp/src/r_sci_uart/r_sci_uart.o
 .debug_info    0x000190ba     0x3092 ./rzn/fsp/src/r_ioport/r_ioport.o
 .debug_info    0x0001c14c       0xe1 ./rzn/fsp/src/bsp/mcu/rzn2l/bsp_irq_sense.o
 .debug_info    0x0001c22d       0xbe ./rzn/fsp/src/bsp/mcu/rzn2l/bsp_loader_param.o
 .debug_info    0x0001c2eb       0xbb ./rzn/fsp/src/bsp/mcu/all/cr/bsp_delay_core.o
 .debug_info    0x0001c3a6     0x1117 ./rzn/fsp/src/bsp/mcu/all/cr/bsp_irq_core.o
 .debug_info    0x0001d4bd      0xeaa ./rzn/fsp/src/bsp/mcu/all/bsp_cache.o
 .debug_info    0x0001e367     0x10ad ./rzn/fsp/src/bsp/mcu/all/bsp_clocks.o
 .debug_info    0x0001f414      0x228 ./rzn/fsp/src/bsp/mcu/all/bsp_delay.o
 .debug_info    0x0001f63c       0xb2 ./rzn/fsp/src/bsp/mcu/all/bsp_io.o
 .debug_info    0x0001f6ee       0xa7 ./rzn/fsp/src/bsp/mcu/all/bsp_irq.o
 .debug_info    0x0001f795      0x286 ./rzn/fsp/src/bsp/mcu/all/bsp_register_protection.o
 .debug_info    0x0001fa1b      0x142 ./rzn/fsp/src/bsp/mcu/all/bsp_sbrk.o
 .debug_info    0x0001fb5d      0x233 ./rzn/fsp/src/bsp/cmsis/Device/RENESAS/Source/cr/startup_core.o
 .debug_info    0x0001fd90      0x7be ./rzn/fsp/src/bsp/cmsis/Device/RENESAS/Source/cr/system_core.o
 .debug_info    0x0002054e      0x2b7 ./rzn/fsp/src/bsp/cmsis/Device/RENESAS/Source/startup.o
 .debug_info    0x00020805     0x140c ./rzn/fsp/src/bsp/cmsis/Device/RENESAS/Source/system.o

.debug_abbrev   0x00000000     0x404c
 .debug_abbrev  0x00000000      0x1f3 ./src/common/app_config.o
 .debug_abbrev  0x000001f3      0x1cd ./src/common/bank_config.o
 .debug_abbrev  0x000003c0      0x22d ./src/common/crc32_table.o
 .debug_abbrev  0x000005ed      0x1a9 ./src/common/loader_table_manager.o
 .debug_abbrev  0x00000796      0x320 ./src/common/sbl_boot_params.o
 .debug_abbrev  0x00000ab6      0x1b9 ./src/common/sbl_params.o
 .debug_abbrev  0x00000c6f      0x3a7 ./src/app_jump.o
 .debug_abbrev  0x00001016      0x442 ./src/hal_entry.o
 .debug_abbrev  0x00001458       0xb3 ./src/loader_table.o
 .debug_abbrev  0x0000150b      0x202 ./src/syscall.o
 .debug_abbrev  0x0000170d      0x144 ./rzn_gen/common_data.o
 .debug_abbrev  0x00001851      0x2eb ./rzn_gen/hal_data.o
 .debug_abbrev  0x00001b3c       0x61 ./rzn_gen/main.o
 .debug_abbrev  0x00001b9d      0x110 ./rzn_gen/pin_data.o
 .debug_abbrev  0x00001cad       0x86 ./rzn_gen/vector_data.o
 .debug_abbrev  0x00001d33      0x484 ./rzn/fsp/src/r_xspi_qspi/r_xspi_qspi.o
 .debug_abbrev  0x000021b7      0x63d ./rzn/fsp/src/r_sci_uart/r_sci_uart.o
 .debug_abbrev  0x000027f4      0x4ba ./rzn/fsp/src/r_ioport/r_ioport.o
 .debug_abbrev  0x00002cae       0x63 ./rzn/fsp/src/bsp/mcu/rzn2l/bsp_irq_sense.o
 .debug_abbrev  0x00002d11       0x61 ./rzn/fsp/src/bsp/mcu/rzn2l/bsp_loader_param.o
 .debug_abbrev  0x00002d72       0x63 ./rzn/fsp/src/bsp/mcu/all/cr/bsp_delay_core.o
 .debug_abbrev  0x00002dd5      0x1e6 ./rzn/fsp/src/bsp/mcu/all/cr/bsp_irq_core.o
 .debug_abbrev  0x00002fbb      0x240 ./rzn/fsp/src/bsp/mcu/all/bsp_cache.o
 .debug_abbrev  0x000031fb      0x21a ./rzn/fsp/src/bsp/mcu/all/bsp_clocks.o
 .debug_abbrev  0x00003415      0x16e ./rzn/fsp/src/bsp/mcu/all/bsp_delay.o
 .debug_abbrev  0x00003583       0x5e ./rzn/fsp/src/bsp/mcu/all/bsp_io.o
 .debug_abbrev  0x000035e1       0x5f ./rzn/fsp/src/bsp/mcu/all/bsp_irq.o
 .debug_abbrev  0x00003640      0x145 ./rzn/fsp/src/bsp/mcu/all/bsp_register_protection.o
 .debug_abbrev  0x00003785       0xce ./rzn/fsp/src/bsp/mcu/all/bsp_sbrk.o
 .debug_abbrev  0x00003853      0x10a ./rzn/fsp/src/bsp/cmsis/Device/RENESAS/Source/cr/startup_core.o
 .debug_abbrev  0x0000395d      0x257 ./rzn/fsp/src/bsp/cmsis/Device/RENESAS/Source/cr/system_core.o
 .debug_abbrev  0x00003bb4      0x118 ./rzn/fsp/src/bsp/cmsis/Device/RENESAS/Source/startup.o
 .debug_abbrev  0x00003ccc      0x380 ./rzn/fsp/src/bsp/cmsis/Device/RENESAS/Source/system.o

.debug_loclists
                0x00000000     0x4d43
 .debug_loclists
                0x00000000      0x165 ./src/common/app_config.o
 .debug_loclists
                0x00000165      0x1d6 ./src/common/bank_config.o
 .debug_loclists
                0x0000033b      0x3f3 ./src/common/crc32_table.o
 .debug_loclists
                0x0000072e      0x1aa ./src/common/loader_table_manager.o
 .debug_loclists
                0x000008d8      0x103 ./src/common/sbl_boot_params.o
 .debug_loclists
                0x000009db      0x245 ./src/common/sbl_params.o
 .debug_loclists
                0x00000c20      0x21b ./src/app_jump.o
 .debug_loclists
                0x00000e3b      0x113 ./src/hal_entry.o
 .debug_loclists
                0x00000f4e      0x255 ./src/syscall.o
 .debug_loclists
                0x000011a3      0x834 ./rzn/fsp/src/r_xspi_qspi/r_xspi_qspi.o
 .debug_loclists
                0x000019d7     0x1904 ./rzn/fsp/src/r_sci_uart/r_sci_uart.o
 .debug_loclists
                0x000032db      0xb5b ./rzn/fsp/src/r_ioport/r_ioport.o
 .debug_loclists
                0x00003e36       0x7c ./rzn/fsp/src/bsp/mcu/all/cr/bsp_irq_core.o
 .debug_loclists
                0x00003eb2      0x876 ./rzn/fsp/src/bsp/mcu/all/bsp_cache.o
 .debug_loclists
                0x00004728       0x8c ./rzn/fsp/src/bsp/mcu/all/bsp_clocks.o
 .debug_loclists
                0x000047b4       0xe5 ./rzn/fsp/src/bsp/mcu/all/bsp_delay.o
 .debug_loclists
                0x00004899       0xa4 ./rzn/fsp/src/bsp/mcu/all/bsp_sbrk.o
 .debug_loclists
                0x0000493d      0x1ac ./rzn/fsp/src/bsp/cmsis/Device/RENESAS/Source/cr/system_core.o
 .debug_loclists
                0x00004ae9      0x25a ./rzn/fsp/src/bsp/cmsis/Device/RENESAS/Source/system.o

.debug_aranges  0x00000000      0x8a0
 .debug_aranges
                0x00000000       0x60 ./src/common/app_config.o
 .debug_aranges
                0x00000060       0x68 ./src/common/bank_config.o
 .debug_aranges
                0x000000c8       0x40 ./src/common/crc32_table.o
 .debug_aranges
                0x00000108       0x60 ./src/common/loader_table_manager.o
 .debug_aranges
                0x00000168       0x68 ./src/common/sbl_boot_params.o
 .debug_aranges
                0x000001d0       0x28 ./src/common/sbl_params.o
 .debug_aranges
                0x000001f8       0x50 ./src/app_jump.o
 .debug_aranges
                0x00000248       0x38 ./src/hal_entry.o
 .debug_aranges
                0x00000280       0x18 ./src/loader_table.o
 .debug_aranges
                0x00000298       0xa8 ./src/syscall.o
 .debug_aranges
                0x00000340       0x20 ./rzn_gen/common_data.o
 .debug_aranges
                0x00000360       0x20 ./rzn_gen/hal_data.o
 .debug_aranges
                0x00000380       0x20 ./rzn_gen/main.o
 .debug_aranges
                0x000003a0       0x18 ./rzn_gen/pin_data.o
 .debug_aranges
                0x000003b8       0x18 ./rzn_gen/vector_data.o
 .debug_aranges
                0x000003d0       0x98 ./rzn/fsp/src/r_xspi_qspi/r_xspi_qspi.o
 .debug_aranges
                0x00000468       0xb8 ./rzn/fsp/src/r_sci_uart/r_sci_uart.o
 .debug_aranges
                0x00000520       0x90 ./rzn/fsp/src/r_ioport/r_ioport.o
 .debug_aranges
                0x000005b0       0x18 ./rzn/fsp/src/bsp/mcu/rzn2l/bsp_irq_sense.o
 .debug_aranges
                0x000005c8       0x18 ./rzn/fsp/src/bsp/mcu/rzn2l/bsp_loader_param.o
 .debug_aranges
                0x000005e0       0x20 ./rzn/fsp/src/bsp/mcu/all/cr/bsp_delay_core.o
 .debug_aranges
                0x00000600       0x28 ./rzn/fsp/src/bsp/mcu/all/cr/bsp_irq_core.o
 .debug_aranges
                0x00000628       0x80 ./rzn/fsp/src/bsp/mcu/all/bsp_cache.o
 .debug_aranges
                0x000006a8       0x30 ./rzn/fsp/src/bsp/mcu/all/bsp_clocks.o
 .debug_aranges
                0x000006d8       0x28 ./rzn/fsp/src/bsp/mcu/all/bsp_delay.o
 .debug_aranges
                0x00000700       0x18 ./rzn/fsp/src/bsp/mcu/all/bsp_io.o
 .debug_aranges
                0x00000718       0x20 ./rzn/fsp/src/bsp/mcu/all/bsp_irq.o
 .debug_aranges
                0x00000738       0x28 ./rzn/fsp/src/bsp/mcu/all/bsp_register_protection.o
 .debug_aranges
                0x00000760       0x20 ./rzn/fsp/src/bsp/mcu/all/bsp_sbrk.o
 .debug_aranges
                0x00000780       0x50 ./rzn/fsp/src/bsp/cmsis/Device/RENESAS/Source/cr/startup_core.o
 .debug_aranges
                0x000007d0       0x40 ./rzn/fsp/src/bsp/cmsis/Device/RENESAS/Source/cr/system_core.o
 .debug_aranges
                0x00000810       0x20 ./rzn/fsp/src/bsp/cmsis/Device/RENESAS/Source/startup.o
 .debug_aranges
                0x00000830       0x70 ./rzn/fsp/src/bsp/cmsis/Device/RENESAS/Source/system.o

.debug_rnglists
                0x00000000      0x9f9
 .debug_rnglists
                0x00000000       0x43 ./src/common/app_config.o
 .debug_rnglists
                0x00000043       0x64 ./src/common/bank_config.o
 .debug_rnglists
                0x000000a7       0x74 ./src/common/crc32_table.o
 .debug_rnglists
                0x0000011b       0x5b ./src/common/loader_table_manager.o
 .debug_rnglists
                0x00000176       0x4a ./src/common/sbl_boot_params.o
 .debug_rnglists
                0x000001c0       0x41 ./src/common/sbl_params.o
 .debug_rnglists
                0x00000201       0x44 ./src/app_jump.o
 .debug_rnglists
                0x00000245       0x32 ./src/hal_entry.o
 .debug_rnglists
                0x00000277       0x79 ./src/syscall.o
 .debug_rnglists
                0x000002f0       0x13 ./rzn_gen/common_data.o
 .debug_rnglists
                0x00000303       0x13 ./rzn_gen/hal_data.o
 .debug_rnglists
                0x00000316       0x13 ./rzn_gen/main.o
 .debug_rnglists
                0x00000329       0xa3 ./rzn/fsp/src/r_xspi_qspi/r_xspi_qspi.o
 .debug_rnglists
                0x000003cc      0x2d9 ./rzn/fsp/src/r_sci_uart/r_sci_uart.o
 .debug_rnglists
                0x000006a5       0xc5 ./rzn/fsp/src/r_ioport/r_ioport.o
 .debug_rnglists
                0x0000076a       0x13 ./rzn/fsp/src/bsp/mcu/all/cr/bsp_delay_core.o
 .debug_rnglists
                0x0000077d       0x19 ./rzn/fsp/src/bsp/mcu/all/cr/bsp_irq_core.o
 .debug_rnglists
                0x00000796       0xdc ./rzn/fsp/src/bsp/mcu/all/bsp_cache.o
 .debug_rnglists
                0x00000872       0x2c ./rzn/fsp/src/bsp/mcu/all/bsp_clocks.o
 .debug_rnglists
                0x0000089e       0x1a ./rzn/fsp/src/bsp/mcu/all/bsp_delay.o
 .debug_rnglists
                0x000008b8       0x13 ./rzn/fsp/src/bsp/mcu/all/bsp_irq.o
 .debug_rnglists
                0x000008cb       0x19 ./rzn/fsp/src/bsp/mcu/all/bsp_register_protection.o
 .debug_rnglists
                0x000008e4       0x13 ./rzn/fsp/src/bsp/mcu/all/bsp_sbrk.o
 .debug_rnglists
                0x000008f7       0x37 ./rzn/fsp/src/bsp/cmsis/Device/RENESAS/Source/cr/startup_core.o
 .debug_rnglists
                0x0000092e       0x5b ./rzn/fsp/src/bsp/cmsis/Device/RENESAS/Source/cr/system_core.o
 .debug_rnglists
                0x00000989       0x13 ./rzn/fsp/src/bsp/cmsis/Device/RENESAS/Source/startup.o
 .debug_rnglists
                0x0000099c       0x5d ./rzn/fsp/src/bsp/cmsis/Device/RENESAS/Source/system.o

.debug_line     0x00000000     0xae47
 .debug_line    0x00000000      0x3e8 ./src/common/app_config.o
 .debug_line    0x000003e8      0x56b ./src/common/bank_config.o
 .debug_line    0x00000953      0x535 ./src/common/crc32_table.o
 .debug_line    0x00000e88      0x3eb ./src/common/loader_table_manager.o
 .debug_line    0x00001273      0x792 ./src/common/sbl_boot_params.o
 .debug_line    0x00001a05      0x509 ./src/common/sbl_params.o
 .debug_line    0x00001f0e      0x722 ./src/app_jump.o
 .debug_line    0x00002630      0x7fc ./src/hal_entry.o
 .debug_line    0x00002e2c      0x11f ./src/loader_table.o
 .debug_line    0x00002f4b      0x3ea ./src/syscall.o
 .debug_line    0x00003335      0x33b ./rzn_gen/common_data.o
 .debug_line    0x00003670      0x46d ./rzn_gen/hal_data.o
 .debug_line    0x00003add       0x57 ./rzn_gen/main.o
 .debug_line    0x00003b34      0x2b7 ./rzn_gen/pin_data.o
 .debug_line    0x00003deb       0xfa ./rzn_gen/vector_data.o
 .debug_line    0x00003ee5      0xcea ./rzn/fsp/src/r_xspi_qspi/r_xspi_qspi.o
 .debug_line    0x00004bcf     0x1c9f ./rzn/fsp/src/r_sci_uart/r_sci_uart.o
 .debug_line    0x0000686e     0x1010 ./rzn/fsp/src/r_ioport/r_ioport.o
 .debug_line    0x0000787e      0x124 ./rzn/fsp/src/bsp/mcu/rzn2l/bsp_irq_sense.o
 .debug_line    0x000079a2      0x127 ./rzn/fsp/src/bsp/mcu/rzn2l/bsp_loader_param.o
 .debug_line    0x00007ac9      0x13e ./rzn/fsp/src/bsp/mcu/all/cr/bsp_delay_core.o
 .debug_line    0x00007c07      0x4b1 ./rzn/fsp/src/bsp/mcu/all/cr/bsp_irq_core.o
 .debug_line    0x000080b8      0xc14 ./rzn/fsp/src/bsp/mcu/all/bsp_cache.o
 .debug_line    0x00008ccc      0x588 ./rzn/fsp/src/bsp/mcu/all/bsp_clocks.o
 .debug_line    0x00009254      0x329 ./rzn/fsp/src/bsp/mcu/all/bsp_delay.o
 .debug_line    0x0000957d      0x184 ./rzn/fsp/src/bsp/mcu/all/bsp_io.o
 .debug_line    0x00009701       0xcf ./rzn/fsp/src/bsp/mcu/all/bsp_irq.o
 .debug_line    0x000097d0      0x2cd ./rzn/fsp/src/bsp/mcu/all/bsp_register_protection.o
 .debug_line    0x00009a9d      0x19e ./rzn/fsp/src/bsp/mcu/all/bsp_sbrk.o
 .debug_line    0x00009c3b      0x204 ./rzn/fsp/src/bsp/cmsis/Device/RENESAS/Source/cr/startup_core.o
 .debug_line    0x00009e3f      0x55c ./rzn/fsp/src/bsp/cmsis/Device/RENESAS/Source/cr/system_core.o
 .debug_line    0x0000a39b      0x28c ./rzn/fsp/src/bsp/cmsis/Device/RENESAS/Source/startup.o
 .debug_line    0x0000a627      0x820 ./rzn/fsp/src/bsp/cmsis/Device/RENESAS/Source/system.o

.debug_str      0x00000000    0x12180
 .debug_str     0x00000000      0x364 ./src/common/app_config.o
                                0x3d5 (size before relaxing)
 .debug_str     0x00000364      0x269 ./src/common/bank_config.o
                                0x508 (size before relaxing)
 .debug_str     0x000005cd      0x130 ./src/common/crc32_table.o
                                0x35d (size before relaxing)
 .debug_str     0x000006fd      0x19e ./src/common/loader_table_manager.o
                                0x401 (size before relaxing)
 .debug_str     0x0000089b     0x29cb ./src/common/sbl_boot_params.o
                               0x2dd7 (size before relaxing)
 .debug_str     0x00003266      0x18a ./src/common/sbl_params.o
                                0x527 (size before relaxing)
 .debug_str     0x000033f0      0xbf7 ./src/app_jump.o
                               0x29ef (size before relaxing)
 .debug_str     0x00003fe7     0x17bc ./src/hal_entry.o
                               0x4874 (size before relaxing)
 .debug_str     0x000057a3       0xf6 ./src/loader_table.o
                                0x347 (size before relaxing)
 .debug_str     0x00005899      0x201 ./src/syscall.o